Archive member included to satisfy reference by file (symbol)

C:/Program Files (x86)/Arm GNU Toolchain arm-none-eabi/14.2 rel1/bin/../lib/gcc/arm-none-eabi/14.2.1/thumb/v6-m/nofp\libc_nano.a(libc_a-exit.o)
                              C:/Program Files (x86)/Arm GNU Toolchain arm-none-eabi/14.2 rel1/bin/../lib/gcc/arm-none-eabi/14.2.1/thumb/v6-m/nofp/crt0.o (exit)
C:/Program Files (x86)/Arm GNU Toolchain arm-none-eabi/14.2 rel1/bin/../lib/gcc/arm-none-eabi/14.2.1/thumb/v6-m/nofp\libc_nano.a(libc_a-nano-vfprintf_float.o)
                              (_printf_float)
C:/Program Files (x86)/Arm GNU Toolchain arm-none-eabi/14.2 rel1/bin/../lib/gcc/arm-none-eabi/14.2.1/thumb/v6-m/nofp\libc_nano.a(libc_a-nano-vfprintf_i.o)
                              C:/Program Files (x86)/Arm GNU Toolchain arm-none-eabi/14.2 rel1/bin/../lib/gcc/arm-none-eabi/14.2.1/thumb/v6-m/nofp\libc_nano.a(libc_a-nano-vfprintf_float.o) (_printf_common)
C:/Program Files (x86)/Arm GNU Toolchain arm-none-eabi/14.2 rel1/bin/../lib/gcc/arm-none-eabi/14.2.1/thumb/v6-m/nofp\libc_nano.a(libc_a-findfp.o)
                              C:/Program Files (x86)/Arm GNU Toolchain arm-none-eabi/14.2 rel1/bin/../lib/gcc/arm-none-eabi/14.2.1/thumb/v6-m/nofp\libc_nano.a(libc_a-exit.o) (__stdio_exit_handler)
C:/Program Files (x86)/Arm GNU Toolchain arm-none-eabi/14.2 rel1/bin/../lib/gcc/arm-none-eabi/14.2.1/thumb/v6-m/nofp\libc_nano.a(libc_a-fwalk.o)
                              C:/Program Files (x86)/Arm GNU Toolchain arm-none-eabi/14.2 rel1/bin/../lib/gcc/arm-none-eabi/14.2.1/thumb/v6-m/nofp\libc_nano.a(libc_a-findfp.o) (_fwalk_sglue)
C:/Program Files (x86)/Arm GNU Toolchain arm-none-eabi/14.2 rel1/bin/../lib/gcc/arm-none-eabi/14.2.1/thumb/v6-m/nofp\libc_nano.a(libc_a-stdio.o)
                              C:/Program Files (x86)/Arm GNU Toolchain arm-none-eabi/14.2 rel1/bin/../lib/gcc/arm-none-eabi/14.2.1/thumb/v6-m/nofp\libc_nano.a(libc_a-findfp.o) (__sread)
C:/Program Files (x86)/Arm GNU Toolchain arm-none-eabi/14.2 rel1/bin/../lib/gcc/arm-none-eabi/14.2.1/thumb/v6-m/nofp\libc_nano.a(libc_a-memset.o)
                              C:/Program Files (x86)/Arm GNU Toolchain arm-none-eabi/14.2 rel1/bin/../lib/gcc/arm-none-eabi/14.2.1/thumb/v6-m/nofp/crt0.o (memset)
C:/Program Files (x86)/Arm GNU Toolchain arm-none-eabi/14.2 rel1/bin/../lib/gcc/arm-none-eabi/14.2.1/thumb/v6-m/nofp\libc_nano.a(libc_a-localeconv.o)
                              C:/Program Files (x86)/Arm GNU Toolchain arm-none-eabi/14.2 rel1/bin/../lib/gcc/arm-none-eabi/14.2.1/thumb/v6-m/nofp\libc_nano.a(libc_a-nano-vfprintf_float.o) (_localeconv_r)
C:/Program Files (x86)/Arm GNU Toolchain arm-none-eabi/14.2 rel1/bin/../lib/gcc/arm-none-eabi/14.2.1/thumb/v6-m/nofp\libc_nano.a(libc_a-closer.o)
                              C:/Program Files (x86)/Arm GNU Toolchain arm-none-eabi/14.2 rel1/bin/../lib/gcc/arm-none-eabi/14.2.1/thumb/v6-m/nofp\libc_nano.a(libc_a-stdio.o) (_close_r)
C:/Program Files (x86)/Arm GNU Toolchain arm-none-eabi/14.2 rel1/bin/../lib/gcc/arm-none-eabi/14.2.1/thumb/v6-m/nofp\libc_nano.a(libc_a-reent.o)
                              C:/Program Files (x86)/Arm GNU Toolchain arm-none-eabi/14.2 rel1/bin/../lib/gcc/arm-none-eabi/14.2.1/thumb/v6-m/nofp\libc_nano.a(libc_a-closer.o) (errno)
C:/Program Files (x86)/Arm GNU Toolchain arm-none-eabi/14.2 rel1/bin/../lib/gcc/arm-none-eabi/14.2.1/thumb/v6-m/nofp\libc_nano.a(libc_a-impure.o)
                              C:/Program Files (x86)/Arm GNU Toolchain arm-none-eabi/14.2 rel1/bin/../lib/gcc/arm-none-eabi/14.2.1/thumb/v6-m/nofp\libc_nano.a(libc_a-reent.o) (_impure_ptr)
C:/Program Files (x86)/Arm GNU Toolchain arm-none-eabi/14.2 rel1/bin/../lib/gcc/arm-none-eabi/14.2.1/thumb/v6-m/nofp\libc_nano.a(libc_a-lseekr.o)
                              C:/Program Files (x86)/Arm GNU Toolchain arm-none-eabi/14.2 rel1/bin/../lib/gcc/arm-none-eabi/14.2.1/thumb/v6-m/nofp\libc_nano.a(libc_a-stdio.o) (_lseek_r)
C:/Program Files (x86)/Arm GNU Toolchain arm-none-eabi/14.2 rel1/bin/../lib/gcc/arm-none-eabi/14.2.1/thumb/v6-m/nofp\libc_nano.a(libc_a-readr.o)
                              C:/Program Files (x86)/Arm GNU Toolchain arm-none-eabi/14.2 rel1/bin/../lib/gcc/arm-none-eabi/14.2.1/thumb/v6-m/nofp\libc_nano.a(libc_a-stdio.o) (_read_r)
C:/Program Files (x86)/Arm GNU Toolchain arm-none-eabi/14.2 rel1/bin/../lib/gcc/arm-none-eabi/14.2.1/thumb/v6-m/nofp\libc_nano.a(libc_a-writer.o)
                              C:/Program Files (x86)/Arm GNU Toolchain arm-none-eabi/14.2 rel1/bin/../lib/gcc/arm-none-eabi/14.2.1/thumb/v6-m/nofp\libc_nano.a(libc_a-stdio.o) (_write_r)
C:/Program Files (x86)/Arm GNU Toolchain arm-none-eabi/14.2 rel1/bin/../lib/gcc/arm-none-eabi/14.2.1/thumb/v6-m/nofp\libc_nano.a(libc_a-init.o)
                              C:/Program Files (x86)/Arm GNU Toolchain arm-none-eabi/14.2 rel1/bin/../lib/gcc/arm-none-eabi/14.2.1/thumb/v6-m/nofp/crt0.o (__libc_init_array)
[...]
Memory Configuration

Name             Origin             Length             Attributes
RAM              0x20000000         0x00002000         xrw
FLASH            0x08000000         0x00010000         xr
*default*        0x00000000         0xffffffff

Linker script and memory map

LOAD C:/Program Files (x86)/Arm GNU Toolchain arm-none-eabi/14.2 rel1/bin/../lib/gcc/arm-none-eabi/14.2.1/thumb/v6-m/nofp/crti.o
LOAD C:/Program Files (x86)/Arm GNU Toolchain arm-none-eabi/14.2 rel1/bin/../lib/gcc/arm-none-eabi/14.2.1/thumb/v6-m/nofp/crtbegin.o
LOAD C:/Program Files (x86)/Arm GNU Toolchain arm-none-eabi/14.2 rel1/bin/../lib/gcc/arm-none-eabi/14.2.1/thumb/v6-m/nofp/crt0.o
LOAD C:/Program Files (x86)/Arm GNU Toolchain arm-none-eabi/14.2 rel1/bin/../lib/gcc/arm-none-eabi/14.2.1/thumb/v6-m/nofp\libc_nano.a
LOAD C:/Program Files (x86)/Arm GNU Toolchain arm-none-eabi/14.2 rel1/bin/../lib/gcc/arm-none-eabi/14.2.1/thumb/v6-m/nofp\libm.a
LOAD ./Build/Src/py32f0xx_hal_msp.o
LOAD ./Build/Src/py32f0xx_it.o
LOAD ./Build/Libraries/PY32F0xx_HAL_Driver/Src/py32f0xx_hal.o
LOAD ./Build/Libraries/PY32F0xx_HAL_Driver/Src/py32f0xx_hal_adc.o
LOAD ./Build/Libraries/PY32F0xx_HAL_Driver/Src/py32f0xx_hal_adc_ex.o
LOAD ./Build/Libraries/PY32F0xx_HAL_Driver/Src/py32f0xx_hal_comp.o
LOAD ./Build/Libraries/PY32F0xx_HAL_Driver/Src/py32f0xx_hal_cortex.o
LOAD ./Build/Libraries/PY32F0xx_HAL_Driver/Src/py32f0xx_hal_crc.o
LOAD ./Build/Libraries/PY32F0xx_HAL_Driver/Src/py32f0xx_hal_dma.o
LOAD ./Build/Libraries/PY32F0xx_HAL_Driver/Src/py32f0xx_hal_exti.o
LOAD ./Build/Libraries/PY32F0xx_HAL_Driver/Src/py32f0xx_hal_flash.o
LOAD ./Build/Libraries/PY32F0xx_HAL_Driver/Src/py32f0xx_hal_gpio.o
LOAD ./Build/Libraries/PY32F0xx_HAL_Driver/Src/py32f0xx_hal_i2c.o
LOAD ./Build/Libraries/PY32F0xx_HAL_Driver/Src/py32f0xx_hal_irda.o
LOAD ./Build/Libraries/PY32F0xx_HAL_Driver/Src/py32f0xx_hal_iwdg.o
LOAD ./Build/Libraries/PY32F0xx_HAL_Driver/Src/py32f0xx_hal_led.o
LOAD ./Build/Libraries/PY32F0xx_HAL_Driver/Src/py32f0xx_hal_lptim.o
LOAD ./Build/Libraries/PY32F0xx_HAL_Driver/Src/py32f0xx_hal_pwr.o
LOAD ./Build/Libraries/PY32F0xx_HAL_Driver/Src/py32f0xx_hal_rcc.o
LOAD ./Build/Libraries/PY32F0xx_HAL_Driver/Src/py32f0xx_hal_rcc_ex.o
LOAD ./Build/Libraries/PY32F0xx_HAL_Driver/Src/py32f0xx_hal_rtc.o
LOAD ./Build/Libraries/PY32F0xx_HAL_Driver/Src/py32f0xx_hal_rtc_ex.o
LOAD ./Build/Libraries/PY32F0xx_HAL_Driver/Src/py32f0xx_hal_spi.o
LOAD ./Build/Libraries/PY32F0xx_HAL_Driver/Src/py32f0xx_hal_tim.o
LOAD ./Build/Libraries/PY32F0xx_HAL_Driver/Src/py32f0xx_hal_tim_ex.o
LOAD ./Build/Libraries/PY32F0xx_HAL_Driver/Src/py32f0xx_hal_uart.o
LOAD ./Build/Libraries/PY32F0xx_HAL_Driver/Src/py32f0xx_hal_usart.o
LOAD ./Build/Libraries/PY32F0xx_HAL_Driver/Src/py32f0xx_hal_wwdg.o
LOAD ./Build/Libraries/PY32F0xx_HAL_BSP/Src/py32f0xx_bsp_clock.o
LOAD ./Build/Libraries/PY32F0xx_HAL_BSP/Src/py32f0xx_bsp_led.o
LOAD ./Build/Libraries/PY32F0xx_HAL_BSP/Src/py32f0xx_bsp_printf.o
LOAD ./Build/Libraries/CMSIS/Device/PY32F0xx/Source/system_py32f0xx.o
LOAD ./Build/Src/adc.o
LOAD ./Build/Src/main.o
LOAD ./Build/Src/pid.o
LOAD ./Build/Src/timers.o
LOAD ./Build/Libraries/CMSIS/Device/PY32F0xx/Source/gcc/startup_py32f003.o
START GROUP
LOAD C:/Program Files (x86)/Arm GNU Toolchain arm-none-eabi/14.2 rel1/bin/../lib/gcc/arm-none-eabi/14.2.1/thumb/v6-m/nofp\libgcc.a
LOAD C:/Program Files (x86)/Arm GNU Toolchain arm-none-eabi/14.2 rel1/bin/../lib/gcc/arm-none-eabi/14.2.1/thumb/v6-m/nofp\libc_nano.a
END GROUP
START GROUP
LOAD C:/Program Files (x86)/Arm GNU Toolchain arm-none-eabi/14.2 rel1/bin/../lib/gcc/arm-none-eabi/14.2.1/thumb/v6-m/nofp\libgcc.a
LOAD C:/Program Files (x86)/Arm GNU Toolchain arm-none-eabi/14.2 rel1/bin/../lib/gcc/arm-none-eabi/14.2.1/thumb/v6-m/nofp\libc_nano.a
LOAD C:/Program Files (x86)/Arm GNU Toolchain arm-none-eabi/14.2 rel1/bin/../lib/gcc/arm-none-eabi/14.2.1/thumb/v6-m/nofp\libnosys.a
END GROUP
START GROUP
LOAD C:/Program Files (x86)/Arm GNU Toolchain arm-none-eabi/14.2 rel1/bin/../lib/gcc/arm-none-eabi/14.2.1/thumb/v6-m/nofp\libgcc.a
LOAD C:/Program Files (x86)/Arm GNU Toolchain arm-none-eabi/14.2 rel1/bin/../lib/gcc/arm-none-eabi/14.2.1/thumb/v6-m/nofp\libc_nano.a
LOAD C:/Program Files (x86)/Arm GNU Toolchain arm-none-eabi/14.2 rel1/bin/../lib/gcc/arm-none-eabi/14.2.1/thumb/v6-m/nofp\libnosys.a
END GROUP
LOAD C:/Program Files (x86)/Arm GNU Toolchain arm-none-eabi/14.2 rel1/bin/../lib/gcc/arm-none-eabi/14.2.1/thumb/v6-m/nofp/crtend.o
LOAD C:/Program Files (x86)/Arm GNU Toolchain arm-none-eabi/14.2 rel1/bin/../lib/gcc/arm-none-eabi/14.2.1/thumb/v6-m/nofp/crtn.o
                0x20002000                        _estack = (ORIGIN (RAM) + LENGTH (RAM))
                0x00000200                        _Min_Heap_Size = 0x200
                0x00000400                        _Min_Stack_Size = 0x400

.ram_vector     0x20000000       0xc0
 *(.ram_vector)
 .ram_vector    0x20000000       0xc0 ./Build/Libraries/CMSIS/Device/PY32F0xx/Source/system_py32f0xx.o

.isr_vector     0x08000000       0xc0
                0x08000000                        . = ALIGN (0x4)
 *(.isr_vector)
 .isr_vector    0x08000000       0xc0 ./Build/Libraries/CMSIS/Device/PY32F0xx/Source/gcc/startup_py32f003.o
                0x08000000                g_pfnVectors
                0x080000c0                        . = ALIGN (0x4)

.text           0x080000c0     0xa1f0
                0x080000c0                        . = ALIGN (0x4)
 *(.text)
 .text          0x080000c0        0xe C:/Program Files (x86)/Arm GNU Toolchain arm-none-eabi/14.2 rel1/bin/../lib/gcc/arm-none-eabi/14.2.1/thumb/v6-m/nofp\libc_nano.a(libc_a-strlen.o)
                0x080000c0                strlen
 *fill*         0x080000ce        0x2 
 .text          0x080000d0       0x14 C:/Program Files (x86)/Arm GNU Toolchain arm-none-eabi/14.2 rel1/bin/../lib/gcc/arm-none-eabi/14.2.1/thumb/v6-m/nofp\libgcc.a(_thumb1_case_uqi.o)
                0x080000d0                __gnu_thumb1_case_uqi
 .text          0x080000e4       0x14 C:/Program Files (x86)/Arm GNU Toolchain arm-none-eabi/14.2 rel1/bin/../lib/gcc/arm-none-eabi/14.2.1/thumb/v6-m/nofp\libgcc.a(_thumb1_case_shi.o)
                0x080000e4                __gnu_thumb1_case_shi
 .text          0x080000f8      0x114 C:/Program Files (x86)/Arm GNU Toolchain arm-none-eabi/14.2 rel1/bin/../lib/gcc/arm-none-eabi/14.2.1/thumb/v6-m/nofp\libgcc.a(_udivsi3.o)
                0x080000f8                __aeabi_uidiv
                0x080000f8                __udivsi3
                0x08000204                __aeabi_uidivmod
 .text          0x0800020c      0x1d4 C:/Program Files (x86)/Arm GNU Toolchain arm-none-eabi/14.2 rel1/bin/../lib/gcc/arm-none-eabi/14.2.1/thumb/v6-m/nofp\libgcc.a(_divsi3.o)
                0x0800020c                __divsi3
                0x0800020c                __aeabi_idiv
                0x080003d8                __aeabi_idivmod
 .text          0x080003e0        0x4 C:/Program Files (x86)/Arm GNU Toolchain arm-none-eabi/14.2 rel1/bin/../lib/gcc/arm-none-eabi/14.2.1/thumb/v6-m/nofp\libgcc.a(_dvmd_tls.o)
                0x080003e0                __aeabi_idiv0
                0x080003e0                __aeabi_ldiv0
 .text          0x080003e4       0x7c C:/Program Files (x86)/Arm GNU Toolchain arm-none-eabi/14.2 rel1/bin/../lib/gcc/arm-none-eabi/14.2.1/thumb/v6-m/nofp\libgcc.a(_arm_cmpdf2.o)
                0x080003e4                __aeabi_cdrcmple
                0x080003f4                __aeabi_cdcmple
                0x080003f4                __aeabi_cdcmpeq
                0x08000404                __aeabi_dcmpeq
                0x08000410                __aeabi_dcmplt
                0x08000424                __aeabi_dcmple
                0x08000438                __aeabi_dcmpgt
                0x0800044c                __aeabi_dcmpge
 .text          0x08000460       0x74 C:/Program Files (x86)/Arm GNU Toolchain arm-none-eabi/14.2 rel1/bin/../lib/gcc/arm-none-eabi/14.2.1/thumb/v6-m/nofp\libgcc.a(_arm_cmpsf2.o)
                0x08000460                __aeabi_cfrcmple
                0x08000468                __aeabi_cfcmpeq
                0x08000468                __aeabi_cfcmple
                0x08000478                __aeabi_fcmpeq
                0x08000484                __aeabi_fcmplt
                0x08000498                __aeabi_fcmple
                0x080004ac                __aeabi_fcmpgt
                0x080004c0                __aeabi_fcmpge
 .text          0x080004d4      0x144 C:/Program Files (x86)/Arm GNU Toolchain arm-none-eabi/14.2 rel1/bin/../lib/gcc/arm-none-eabi/14.2.1/thumb/v6-m/nofp\libgcc.a(libunwind.o)
                0x080004d4                __restore_core_regs
                0x080004d4                restore_core_regs
                0x08000500                __gnu_Unwind_Restore_VFP
                0x08000504                __gnu_Unwind_Save_VFP
                0x08000508                __gnu_Unwind_Restore_VFP_D
                0x0800050c                __gnu_Unwind_Save_VFP_D
                0x08000510                __gnu_Unwind_Restore_VFP_D_16_to_31
                0x08000514                __gnu_Unwind_Save_VFP_D_16_to_31
                0x08000518                __gnu_Unwind_Restore_WMMXD
                0x0800051c                __gnu_Unwind_Save_WMMXD
                0x08000520                __gnu_Unwind_Restore_WMMXC
                0x08000524                __gnu_Unwind_Save_WMMXC
                0x08000528                ___Unwind_RaiseException
                0x08000528                _Unwind_RaiseException
                0x08000558                _Unwind_Resume
                0x08000558                ___Unwind_Resume
                0x08000588                _Unwind_Resume_or_Rethrow
                0x08000588                ___Unwind_Resume_or_Rethrow
                0x080005b8                _Unwind_ForcedUnwind
                0x080005b8                ___Unwind_ForcedUnwind
                0x080005e8                ___Unwind_Backtrace
                0x080005e8                _Unwind_Backtrace
 .text          0x08000618       0x3c C:/Program Files (x86)/Arm GNU Toolchain arm-none-eabi/14.2 rel1/bin/../lib/gcc/arm-none-eabi/14.2.1/thumb/v6-m/nofp\libgcc.a(_clzsi2.o)
                0x08000618                __clzsi2
 *(.text*)
 .text.deregister_tm_clones
                0x08000654       0x20 C:/Program Files (x86)/Arm GNU Toolchain arm-none-eabi/14.2 rel1/bin/../lib/gcc/arm-none-eabi/14.2.1/thumb/v6-m/nofp/crtbegin.o
 .text.register_tm_clones
                0x08000674       0x28 C:/Program Files (x86)/Arm GNU Toolchain arm-none-eabi/14.2 rel1/bin/../lib/gcc/arm-none-eabi/14.2.1/thumb/v6-m/nofp/crtbegin.o
 .text.__do_global_dtors_aux
                0x0800069c       0x2c C:/Program Files (x86)/Arm GNU Toolchain arm-none-eabi/14.2 rel1/bin/../lib/gcc/arm-none-eabi/14.2.1/thumb/v6-m/nofp/crtbegin.o
 .text.frame_dummy
                0x080006c8       0x24 C:/Program Files (x86)/Arm GNU Toolchain arm-none-eabi/14.2 rel1/bin/../lib/gcc/arm-none-eabi/14.2.1/thumb/v6-m/nofp/crtbegin.o
 .text.__cvt    0x080006ec       0xcc C:/Program Files (x86)/Arm GNU Toolchain arm-none-eabi/14.2 rel1/bin/../lib/gcc/arm-none-eabi/14.2.1/thumb/v6-m/nofp\libc_nano.a(libc_a-nano-vfprintf_float.o)
                0x080006ec                __cvt
 .text.__exponent
                0x080007b8       0x82 C:/Program Files (x86)/Arm GNU Toolchain arm-none-eabi/14.2 rel1/bin/../lib/gcc/arm-none-eabi/14.2.1/thumb/v6-m/nofp\libc_nano.a(libc_a-nano-vfprintf_float.o)
                0x080007b8                __exponent
 *fill*         0x0800083a        0x2 
 .text._printf_float
                0x0800083c      0x45c C:/Program Files (x86)/Arm GNU Toolchain arm-none-eabi/14.2 rel1/bin/../lib/gcc/arm-none-eabi/14.2.1/thumb/v6-m/nofp\libc_nano.a(libc_a-nano-vfprintf_float.o)
                0x0800083c                _printf_float
 .text._printf_common
                0x08000c98       0xde C:/Program Files (x86)/Arm GNU Toolchain arm-none-eabi/14.2 rel1/bin/../lib/gcc/arm-none-eabi/14.2.1/thumb/v6-m/nofp\libc_nano.a(libc_a-nano-vfprintf_i.o)
                0x08000c98                _printf_common
 *fill*         0x08000d76        0x2 
 .text._printf_i
                0x08000d78      0x218 C:/Program Files (x86)/Arm GNU Toolchain arm-none-eabi/14.2 rel1/bin/../lib/gcc/arm-none-eabi/14.2.1/thumb/v6-m/nofp\libc_nano.a(libc_a-nano-vfprintf_i.o)
                0x08000d78                _printf_i
 .text.std      0x08000f90       0x6c C:/Program Files (x86)/Arm GNU Toolchain arm-none-eabi/14.2 rel1/bin/../lib/gcc/arm-none-eabi/14.2.1/thumb/v6-m/nofp\libc_nano.a(libc_a-findfp.o)
 .text.stdio_exit_handler
                0x08000ffc       0x1c C:/Program Files (x86)/Arm GNU Toolchain arm-none-eabi/14.2 rel1/bin/../lib/gcc/arm-none-eabi/14.2.1/thumb/v6-m/nofp\libc_nano.a(libc_a-findfp.o)
 .text.cleanup_stdio
                0x08001018       0x3c C:/Program Files (x86)/Arm GNU Toolchain arm-none-eabi/14.2 rel1/bin/../lib/gcc/arm-none-eabi/14.2.1/thumb/v6-m/nofp\libc_nano.a(libc_a-findfp.o)
 .text.global_stdio_init.part.0
                0x08001054       0x3c C:/Program Files (x86)/Arm GNU Toolchain arm-none-eabi/14.2 rel1/bin/../lib/gcc/arm-none-eabi/14.2.1/thumb/v6-m/nofp\libc_nano.a(libc_a-findfp.o)
 .text.__sfp_lock_acquire
                0x08001090       0x10 C:/Program Files (x86)/Arm GNU Toolchain arm-none-eabi/14.2 rel1/bin/../lib/gcc/arm-none-eabi/14.2.1/thumb/v6-m/nofp\libc_nano.a(libc_a-findfp.o)
                0x08001090                __sfp_lock_acquire
 .text.__sfp_lock_release
                0x080010a0       0x10 C:/Program Files (x86)/Arm GNU Toolchain arm-none-eabi/14.2 rel1/bin/../lib/gcc/arm-none-eabi/14.2.1/thumb/v6-m/nofp\libc_nano.a(libc_a-findfp.o)
                0x080010a0                __sfp_lock_release
 .text.__sinit  0x080010b0       0x30 C:/Program Files (x86)/Arm GNU Toolchain arm-none-eabi/14.2 rel1/bin/../lib/gcc/arm-none-eabi/14.2.1/thumb/v6-m/nofp\libc_nano.a(libc_a-findfp.o)
                0x080010b0                __sinit
 .text._fwalk_sglue
                0x080010e0       0x38 C:/Program Files (x86)/Arm GNU Toolchain arm-none-eabi/14.2 rel1/bin/../lib/gcc/arm-none-eabi/14.2.1/thumb/v6-m/nofp\libc_nano.a(libc_a-fwalk.o)
                0x080010e0                _fwalk_sglue
 .text.__sread  0x08001118       0x28 C:/Program Files (x86)/Arm GNU Toolchain arm-none-eabi/14.2 rel1/bin/../lib/gcc/arm-none-eabi/14.2.1/thumb/v6-m/nofp\libc_nano.a(libc_a-stdio.o)
                0x08001118                __sread
 .text.__swrite
                0x08001140       0x38 C:/Program Files (x86)/Arm GNU Toolchain arm-none-eabi/14.2 rel1/bin/../lib/gcc/arm-none-eabi/14.2.1/thumb/v6-m/nofp\libc_nano.a(libc_a-stdio.o)
                0x08001140                __swrite
 .text.__sseek  0x08001178       0x2c C:/Program Files (x86)/Arm GNU Toolchain arm-none-eabi/14.2 rel1/bin/../lib/gcc/arm-none-eabi/14.2.1/thumb/v6-m/nofp\libc_nano.a(libc_a-stdio.o)
                0x08001178                __sseek
 .text.__sclose
                0x080011a4        0xc C:/Program Files (x86)/Arm GNU Toolchain arm-none-eabi/14.2 rel1/bin/../lib/gcc/arm-none-eabi/14.2.1/thumb/v6-m/nofp\libc_nano.a(libc_a-stdio.o)
                0x080011a4                __sclose
 .text.memset   0x080011b0       0x10 C:/Program Files (x86)/Arm GNU Toolchain arm-none-eabi/14.2 rel1/bin/../lib/gcc/arm-none-eabi/14.2.1/thumb/v6-m/nofp\libc_nano.a(libc_a-memset.o)
                0x080011b0                memset
 .text._localeconv_r
                0x080011c0        0x8 C:/Program Files (x86)/Arm GNU Toolchain arm-none-eabi/14.2 rel1/bin/../lib/gcc/arm-none-eabi/14.2.1/thumb/v6-m/nofp\libc_nano.a(libc_a-localeconv.o)
                0x080011c0                _localeconv_r
 .text._close_r
                0x080011c8       0x24 C:/Program Files (x86)/Arm GNU Toolchain arm-none-eabi/14.2 rel1/bin/../lib/gcc/arm-none-eabi/14.2.1/thumb/v6-m/nofp\libc_nano.a(libc_a-closer.o)
                0x080011c8                _close_r
 .text._lseek_r
                0x080011ec       0x28 C:/Program Files (x86)/Arm GNU Toolchain arm-none-eabi/14.2 rel1/bin/../lib/gcc/arm-none-eabi/14.2.1/thumb/v6-m/nofp\libc_nano.a(libc_a-lseekr.o)
                0x080011ec                _lseek_r
 .text._read_r  0x08001214       0x28 C:/Program Files (x86)/Arm GNU Toolchain arm-none-eabi/14.2 rel1/bin/../lib/gcc/arm-none-eabi/14.2.1/thumb/v6-m/nofp\libc_nano.a(libc_a-readr.o)
                0x08001214                _read_r
 .text._write_r
                0x0800123c       0x28 C:/Program Files (x86)/Arm GNU Toolchain arm-none-eabi/14.2 rel1/bin/../lib/gcc/arm-none-eabi/14.2.1/thumb/v6-m/nofp\libc_nano.a(libc_a-writer.o)
                0x0800123c                _write_r
 .text.__libc_init_array
                0x08001264       0x48 C:/Program Files (x86)/Arm GNU Toolchain arm-none-eabi/14.2 rel1/bin/../lib/gcc/arm-none-eabi/14.2.1/thumb/v6-m/nofp\libc_nano.a(libc_a-init.o)
                0x08001264                __libc_init_array
 .text.__retarget_lock_init_recursive
                0x080012ac        0x2 C:/Program Files (x86)/Arm GNU Toolchain arm-none-eabi/14.2 rel1/bin/../lib/gcc/arm-none-eabi/14.2.1/thumb/v6-m/nofp\libc_nano.a(libc_a-lock.o)
                0x080012ac                __retarget_lock_init_recursive
 .text.__retarget_lock_acquire_recursive
                0x080012ae        0x2 C:/Program Files (x86)/Arm GNU Toolchain arm-none-eabi/14.2 rel1/bin/../lib/gcc/arm-none-eabi/14.2.1/thumb/v6-m/nofp\libc_nano.a(libc_a-lock.o)
                0x080012ae                __retarget_lock_acquire_recursive
 .text.__retarget_lock_release_recursive
                0x080012b0        0x2 C:/Program Files (x86)/Arm GNU Toolchain arm-none-eabi/14.2 rel1/bin/../lib/gcc/arm-none-eabi/14.2.1/thumb/v6-m/nofp\libc_nano.a(libc_a-lock.o)
                0x080012b0                __retarget_lock_release_recursive
 .text.memchr   0x080012b2       0x16 C:/Program Files (x86)/Arm GNU Toolchain arm-none-eabi/14.2 rel1/bin/../lib/gcc/arm-none-eabi/14.2.1/thumb/v6-m/nofp\libc_nano.a(libc_a-memchr-stub.o)
                0x080012b2                memchr
 .text.quorem   0x080012c8      0x10a C:/Program Files (x86)/Arm GNU Toolchain arm-none-eabi/14.2 rel1/bin/../lib/gcc/arm-none-eabi/14.2.1/thumb/v6-m/nofp\libc_nano.a(libc_a-dtoa.o)
 *fill*         0x080013d2        0x2 
 .text._dtoa_r  0x080013d4      0xbd8 C:/Program Files (x86)/Arm GNU Toolchain arm-none-eabi/14.2 rel1/bin/../lib/gcc/arm-none-eabi/14.2.1/thumb/v6-m/nofp\libc_nano.a(libc_a-dtoa.o)
                0x080013d4                _dtoa_r
 .text._free_r  0x08001fac       0x94 C:/Program Files (x86)/Arm GNU Toolchain arm-none-eabi/14.2 rel1/bin/../lib/gcc/arm-none-eabi/14.2.1/thumb/v6-m/nofp\libc_nano.a(libc_a-freer.o)
                0x08001fac                _free_r
 .text.malloc   0x08002040       0x14 C:/Program Files (x86)/Arm GNU Toolchain arm-none-eabi/14.2 rel1/bin/../lib/gcc/arm-none-eabi/14.2.1/thumb/v6-m/nofp\libc_nano.a(libc_a-malloc.o)
                0x08002040                malloc
 .text.sbrk_aligned
                0x08002054       0x44 C:/Program Files (x86)/Arm GNU Toolchain arm-none-eabi/14.2 rel1/bin/../lib/gcc/arm-none-eabi/14.2.1/thumb/v6-m/nofp\libc_nano.a(libc_a-mallocr.o)
 .text._malloc_r
                0x08002098      0x100 C:/Program Files (x86)/Arm GNU Toolchain arm-none-eabi/14.2 rel1/bin/../lib/gcc/arm-none-eabi/14.2.1/thumb/v6-m/nofp\libc_nano.a(libc_a-mallocr.o)
                0x08002098                _malloc_r
 .text.__malloc_lock
                0x08002198       0x10 C:/Program Files (x86)/Arm GNU Toolchain arm-none-eabi/14.2 rel1/bin/../lib/gcc/arm-none-eabi/14.2.1/thumb/v6-m/nofp\libc_nano.a(libc_a-mlock.o)
                0x08002198                __malloc_lock
 .text.__malloc_unlock
                0x080021a8       0x10 C:/Program Files (x86)/Arm GNU Toolchain arm-none-eabi/14.2 rel1/bin/../lib/gcc/arm-none-eabi/14.2.1/thumb/v6-m/nofp\libc_nano.a(libc_a-mlock.o)
                0x080021a8                __malloc_unlock
 .text._Balloc  0x080021b8       0x84 C:/Program Files (x86)/Arm GNU Toolchain arm-none-eabi/14.2 rel1/bin/../lib/gcc/arm-none-eabi/14.2.1/thumb/v6-m/nofp\libc_nano.a(libc_a-mprec.o)
                0x080021b8                _Balloc
 .text._Bfree   0x0800223c       0x48 C:/Program Files (x86)/Arm GNU Toolchain arm-none-eabi/14.2 rel1/bin/../lib/gcc/arm-none-eabi/14.2.1/thumb/v6-m/nofp\libc_nano.a(libc_a-mprec.o)
                0x0800223c                _Bfree
 .text.__multadd
                0x08002284       0x88 C:/Program Files (x86)/Arm GNU Toolchain arm-none-eabi/14.2 rel1/bin/../lib/gcc/arm-none-eabi/14.2.1/thumb/v6-m/nofp\libc_nano.a(libc_a-mprec.o)
                0x08002284                __multadd
 .text.__hi0bits
                0x0800230c       0x42 C:/Program Files (x86)/Arm GNU Toolchain arm-none-eabi/14.2 rel1/bin/../lib/gcc/arm-none-eabi/14.2.1/thumb/v6-m/nofp\libc_nano.a(libc_a-mprec.o)
                0x0800230c                __hi0bits
 .text.__lo0bits
                0x0800234e       0x5c C:/Program Files (x86)/Arm GNU Toolchain arm-none-eabi/14.2 rel1/bin/../lib/gcc/arm-none-eabi/14.2.1/thumb/v6-m/nofp\libc_nano.a(libc_a-mprec.o)
                0x0800234e                __lo0bits
 *fill*         0x080023aa        0x2 
 .text.__i2b    0x080023ac       0x30 C:/Program Files (x86)/Arm GNU Toolchain arm-none-eabi/14.2 rel1/bin/../lib/gcc/arm-none-eabi/14.2.1/thumb/v6-m/nofp\libc_nano.a(libc_a-mprec.o)
                0x080023ac                __i2b
 .text.__multiply
                0x080023dc      0x158 C:/Program Files (x86)/Arm GNU Toolchain arm-none-eabi/14.2 rel1/bin/../lib/gcc/arm-none-eabi/14.2.1/thumb/v6-m/nofp\libc_nano.a(libc_a-mprec.o)
                0x080023dc                __multiply
 .text.__pow5mult
                0x08002534       0xc4 C:/Program Files (x86)/Arm GNU Toolchain arm-none-eabi/14.2 rel1/bin/../lib/gcc/arm-none-eabi/14.2.1/thumb/v6-m/nofp\libc_nano.a(libc_a-mprec.o)
                0x08002534                __pow5mult
 .text.__lshift
                0x080025f8       0xd8 C:/Program Files (x86)/Arm GNU Toolchain arm-none-eabi/14.2 rel1/bin/../lib/gcc/arm-none-eabi/14.2.1/thumb/v6-m/nofp\libc_nano.a(libc_a-mprec.o)
                0x080025f8                __lshift
 .text.__mcmp   0x080026d0       0x36 C:/Program Files (x86)/Arm GNU Toolchain arm-none-eabi/14.2 rel1/bin/../lib/gcc/arm-none-eabi/14.2.1/thumb/v6-m/nofp\libc_nano.a(libc_a-mprec.o)
                0x080026d0                __mcmp
 *fill*         0x08002706        0x2 
 .text.__mdiff  0x08002708      0x148 C:/Program Files (x86)/Arm GNU Toolchain arm-none-eabi/14.2 rel1/bin/../lib/gcc/arm-none-eabi/14.2.1/thumb/v6-m/nofp\libc_nano.a(libc_a-mprec.o)
                0x08002708                __mdiff
 .text.__d2b    0x08002850       0xc0 C:/Program Files (x86)/Arm GNU Toolchain arm-none-eabi/14.2 rel1/bin/../lib/gcc/arm-none-eabi/14.2.1/thumb/v6-m/nofp\libc_nano.a(libc_a-mprec.o)
                0x08002850                __d2b
 .text.__sflush_r
                0x08002910      0x114 C:/Program Files (x86)/Arm GNU Toolchain arm-none-eabi/14.2 rel1/bin/../lib/gcc/arm-none-eabi/14.2.1/thumb/v6-m/nofp\libc_nano.a(libc_a-fflush.o)
                0x08002910                __sflush_r
 .text._fflush_r
                0x08002a24       0x56 C:/Program Files (x86)/Arm GNU Toolchain arm-none-eabi/14.2 rel1/bin/../lib/gcc/arm-none-eabi/14.2.1/thumb/v6-m/nofp\libc_nano.a(libc_a-fflush.o)
                0x08002a24                _fflush_r
 *fill*         0x08002a7a        0x2 
 .text._sbrk_r  0x08002a7c       0x24 C:/Program Files (x86)/Arm GNU Toolchain arm-none-eabi/14.2 rel1/bin/../lib/gcc/arm-none-eabi/14.2.1/thumb/v6-m/nofp\libc_nano.a(libc_a-sbrkr.o)
                0x08002a7c                _sbrk_r
 .text.memcpy   0x08002aa0       0x12 C:/Program Files (x86)/Arm GNU Toolchain arm-none-eabi/14.2 rel1/bin/../lib/gcc/arm-none-eabi/14.2.1/thumb/v6-m/nofp\libc_nano.a(libc_a-memcpy-stub.o)
                0x08002aa0                memcpy
 *fill*         0x08002ab2        0x2 
 .text.__assert_func
                0x08002ab4       0x3c C:/Program Files (x86)/Arm GNU Toolchain arm-none-eabi/14.2 rel1/bin/../lib/gcc/arm-none-eabi/14.2.1/thumb/v6-m/nofp\libc_nano.a(libc_a-assert.o)
                0x08002ab4                __assert_func
 .text._calloc_r
                0x08002af0       0x5a C:/Program Files (x86)/Arm GNU Toolchain arm-none-eabi/14.2 rel1/bin/../lib/gcc/arm-none-eabi/14.2.1/thumb/v6-m/nofp\libc_nano.a(libc_a-callocr.o)
                0x08002af0                _calloc_r
 .text.__ascii_mbtowc
                0x08002b4a       0x24 C:/Program Files (x86)/Arm GNU Toolchain arm-none-eabi/14.2 rel1/bin/../lib/gcc/arm-none-eabi/14.2.1/thumb/v6-m/nofp\libc_nano.a(libc_a-mbtowc_r.o)
                0x08002b4a                __ascii_mbtowc
 .text.__ascii_wctomb
                0x08002b6e       0x1a C:/Program Files (x86)/Arm GNU Toolchain arm-none-eabi/14.2 rel1/bin/../lib/gcc/arm-none-eabi/14.2.1/thumb/v6-m/nofp\libc_nano.a(libc_a-wctomb_r.o)
                0x08002b6e                __ascii_wctomb
 .text.fprintf  0x08002b88       0x20 C:/Program Files (x86)/Arm GNU Toolchain arm-none-eabi/14.2 rel1/bin/../lib/gcc/arm-none-eabi/14.2.1/thumb/v6-m/nofp\libc_nano.a(libc_a-fprintf.o)
                0x08002b88                fiprintf
                0x08002b88                fprintf
 .text.abort    0x08002ba8        0xe C:/Program Files (x86)/Arm GNU Toolchain arm-none-eabi/14.2 rel1/bin/../lib/gcc/arm-none-eabi/14.2.1/thumb/v6-m/nofp\libc_nano.a(libc_a-abort.o)
                0x08002ba8                abort
 .text.__sfputc_r
                0x08002bb6       0x2a C:/Program Files (x86)/Arm GNU Toolchain arm-none-eabi/14.2 rel1/bin/../lib/gcc/arm-none-eabi/14.2.1/thumb/v6-m/nofp\libc_nano.a(libc_a-nano-vfprintf.o)
 .text.__sfputs_r
                0x08002be0       0x24 C:/Program Files (x86)/Arm GNU Toolchain arm-none-eabi/14.2 rel1/bin/../lib/gcc/arm-none-eabi/14.2.1/thumb/v6-m/nofp\libc_nano.a(libc_a-nano-vfprintf.o)
                0x08002be0                __sfputs_r
 .text._vfprintf_r
                0x08002c04      0x240 C:/Program Files (x86)/Arm GNU Toolchain arm-none-eabi/14.2 rel1/bin/../lib/gcc/arm-none-eabi/14.2.1/thumb/v6-m/nofp\libc_nano.a(libc_a-nano-vfprintf.o)
                0x08002c04                _vfprintf_r
                0x08002c04                _vfiprintf_r
 .text.__swbuf_r
                0x08002e44       0x84 C:/Program Files (x86)/Arm GNU Toolchain arm-none-eabi/14.2 rel1/bin/../lib/gcc/arm-none-eabi/14.2.1/thumb/v6-m/nofp\libc_nano.a(libc_a-wbuf.o)
                0x08002e44                __swbuf_r
 .text.__swsetup_r
                0x08002ec8       0xb4 C:/Program Files (x86)/Arm GNU Toolchain arm-none-eabi/14.2 rel1/bin/../lib/gcc/arm-none-eabi/14.2.1/thumb/v6-m/nofp\libc_nano.a(libc_a-wsetup.o)
                0x08002ec8                __swsetup_r
 .text.memmove  0x08002f7c       0x24 C:/Program Files (x86)/Arm GNU Toolchain arm-none-eabi/14.2 rel1/bin/../lib/gcc/arm-none-eabi/14.2.1/thumb/v6-m/nofp\libc_nano.a(libc_a-memmove.o)
                0x08002f7c                memmove
 .text._raise_r
                0x08002fa0       0x52 C:/Program Files (x86)/Arm GNU Toolchain arm-none-eabi/14.2 rel1/bin/../lib/gcc/arm-none-eabi/14.2.1/thumb/v6-m/nofp\libc_nano.a(libc_a-signal.o)
                0x08002fa0                _raise_r
 *fill*         0x08002ff2        0x2 
 .text.raise    0x08002ff4       0x14 C:/Program Files (x86)/Arm GNU Toolchain arm-none-eabi/14.2 rel1/bin/../lib/gcc/arm-none-eabi/14.2.1/thumb/v6-m/nofp\libc_nano.a(libc_a-signal.o)
                0x08002ff4                raise
 .text._kill_r  0x08003008       0x24 C:/Program Files (x86)/Arm GNU Toolchain arm-none-eabi/14.2 rel1/bin/../lib/gcc/arm-none-eabi/14.2.1/thumb/v6-m/nofp\libc_nano.a(libc_a-signalr.o)
                0x08003008                _kill_r
 .text._getpid_r
                0x0800302c        0x8 C:/Program Files (x86)/Arm GNU Toolchain arm-none-eabi/14.2 rel1/bin/../lib/gcc/arm-none-eabi/14.2.1/thumb/v6-m/nofp\libc_nano.a(libc_a-signalr.o)
                0x0800302c                _getpid_r
 .text._realloc_r
                0x08003034       0x60 C:/Program Files (x86)/Arm GNU Toolchain arm-none-eabi/14.2 rel1/bin/../lib/gcc/arm-none-eabi/14.2.1/thumb/v6-m/nofp\libc_nano.a(libc_a-reallocr.o)
                0x08003034                _realloc_r
 .text.__swhatbuf_r
                0x08003094       0x54 C:/Program Files (x86)/Arm GNU Toolchain arm-none-eabi/14.2 rel1/bin/../lib/gcc/arm-none-eabi/14.2.1/thumb/v6-m/nofp\libc_nano.a(libc_a-makebuf.o)
                0x08003094                __swhatbuf_r
 .text.__smakebuf_r
                0x080030e8       0x72 C:/Program Files (x86)/Arm GNU Toolchain arm-none-eabi/14.2 rel1/bin/../lib/gcc/arm-none-eabi/14.2.1/thumb/v6-m/nofp\libc_nano.a(libc_a-makebuf.o)
                0x080030e8                __smakebuf_r
 *fill*         0x0800315a        0x2 
 .text._fstat_r
                0x0800315c       0x24 C:/Program Files (x86)/Arm GNU Toolchain arm-none-eabi/14.2 rel1/bin/../lib/gcc/arm-none-eabi/14.2.1/thumb/v6-m/nofp\libc_nano.a(libc_a-fstatr.o)
                0x0800315c                _fstat_r
 .text._isatty_r
                0x08003180       0x24 C:/Program Files (x86)/Arm GNU Toolchain arm-none-eabi/14.2 rel1/bin/../lib/gcc/arm-none-eabi/14.2.1/thumb/v6-m/nofp\libc_nano.a(libc_a-isattyr.o)
                0x08003180                _isatty_r
 .text._malloc_usable_size_r
                0x080031a4       0x10 C:/Program Files (x86)/Arm GNU Toolchain arm-none-eabi/14.2 rel1/bin/../lib/gcc/arm-none-eabi/14.2.1/thumb/v6-m/nofp\libc_nano.a(libc_a-msizer.o)
                0x080031a4                _malloc_usable_size_r
 .text.HAL_MspInit
                0x080031b4       0x30 ./Build/Src/py32f0xx_hal_msp.o
                0x080031b4                HAL_MspInit
 .text.HAL_TIM_Base_MspInit
                0x080031e4       0x2c ./Build/Src/py32f0xx_hal_msp.o
                0x080031e4                HAL_TIM_Base_MspInit
 .text.NMI_Handler
                0x08003210        0x2 ./Build/Src/py32f0xx_it.o
                0x08003210                NMI_Handler
 .text.HardFault_Handler
                0x08003212        0x2 ./Build/Src/py32f0xx_it.o
                0x08003212                HardFault_Handler
 .text.SVC_Handler
                0x08003214        0x2 ./Build/Src/py32f0xx_it.o
                0x08003214                SVC_Handler
 .text.PendSV_Handler
                0x08003216        0x2 ./Build/Src/py32f0xx_it.o
                0x08003216                PendSV_Handler
 .text.SysTick_Handler
                0x08003218        0x8 ./Build/Src/py32f0xx_it.o
                0x08003218                SysTick_Handler
 .text.TIM1_BRK_UP_TRG_COM_IRQHandler
                0x08003220       0x10 ./Build/Src/py32f0xx_it.o
                0x08003220                TIM1_BRK_UP_TRG_COM_IRQHandler
 .text.HAL_InitTick
                0x08003230       0x50 ./Build/Libraries/PY32F0xx_HAL_Driver/Src/py32f0xx_hal.o
                0x08003230                HAL_InitTick
 .text.HAL_Init
                0x08003280       0x18 ./Build/Libraries/PY32F0xx_HAL_Driver/Src/py32f0xx_hal.o
                0x08003280                HAL_Init
 .text.HAL_IncTick
                0x08003298       0x18 ./Build/Libraries/PY32F0xx_HAL_Driver/Src/py32f0xx_hal.o
                0x08003298                HAL_IncTick
 .text.HAL_GetTick
                0x080032b0        0xc ./Build/Libraries/PY32F0xx_HAL_Driver/Src/py32f0xx_hal.o
                0x080032b0                HAL_GetTick
 .text.HAL_SetTickFreq
                0x080032bc       0x28 ./Build/Libraries/PY32F0xx_HAL_Driver/Src/py32f0xx_hal.o
                0x080032bc                HAL_SetTickFreq
 .text.ADC_Enable.constprop.0
                0x080032e4       0x5c ./Build/Libraries/PY32F0xx_HAL_Driver/Src/py32f0xx_hal_adc.o
 .text.HAL_ADC_MspInit
                0x08003340        0x2 ./Build/Libraries/PY32F0xx_HAL_Driver/Src/py32f0xx_hal_adc.o
                0x08003340                HAL_ADC_MspInit
 *fill*         0x08003342        0x2 
 .text.HAL_ADC_Init
                0x08003344      0x124 ./Build/Libraries/PY32F0xx_HAL_Driver/Src/py32f0xx_hal_adc.o
                0x08003344                HAL_ADC_Init
 .text.HAL_ADC_Start
                0x08003468       0x4c ./Build/Libraries/PY32F0xx_HAL_Driver/Src/py32f0xx_hal_adc.o
                0x08003468                HAL_ADC_Start
 .text.HAL_ADC_PollForConversion
                0x080034b4       0xc0 ./Build/Libraries/PY32F0xx_HAL_Driver/Src/py32f0xx_hal_adc.o
                0x080034b4                HAL_ADC_PollForConversion
 .text.HAL_ADC_GetValue
                0x08003574        0x6 ./Build/Libraries/PY32F0xx_HAL_Driver/Src/py32f0xx_hal_adc.o
                0x08003574                HAL_ADC_GetValue
 *fill*         0x0800357a        0x2 
 .text.HAL_ADC_ConfigChannel
                0x0800357c       0xdc ./Build/Libraries/PY32F0xx_HAL_Driver/Src/py32f0xx_hal_adc.o
                0x0800357c                HAL_ADC_ConfigChannel
 .text.HAL_ADC_Calibration_Start
                0x08003658       0x94 ./Build/Libraries/PY32F0xx_HAL_Driver/Src/py32f0xx_hal_adc.o
                0x08003658                HAL_ADC_Calibration_Start
 .text.HAL_NVIC_SetPriority
                0x080036ec       0x54 ./Build/Libraries/PY32F0xx_HAL_Driver/Src/py32f0xx_hal_cortex.o
                0x080036ec                HAL_NVIC_SetPriority
 .text.HAL_NVIC_EnableIRQ
                0x08003740       0x18 ./Build/Libraries/PY32F0xx_HAL_Driver/Src/py32f0xx_hal_cortex.o
                0x08003740                HAL_NVIC_EnableIRQ
 .text.HAL_SYSTICK_Config
                0x08003758       0x34 ./Build/Libraries/PY32F0xx_HAL_Driver/Src/py32f0xx_hal_cortex.o
                0x08003758                HAL_SYSTICK_Config
 .text.HAL_GPIO_Init
                0x0800378c      0x138 ./Build/Libraries/PY32F0xx_HAL_Driver/Src/py32f0xx_hal_gpio.o
                0x0800378c                HAL_GPIO_Init
 .text.HAL_GPIO_WritePin
                0x080038c4        0xc ./Build/Libraries/PY32F0xx_HAL_Driver/Src/py32f0xx_hal_gpio.o
                0x080038c4                HAL_GPIO_WritePin
 .text.HAL_GPIO_TogglePin
                0x080038d0        0xe ./Build/Libraries/PY32F0xx_HAL_Driver/Src/py32f0xx_hal_gpio.o
                0x080038d0                HAL_GPIO_TogglePin
 *fill*         0x080038de        0x2 
 .text.HAL_RCC_GetSysClockFreq
                0x080038e0       0x64 ./Build/Libraries/PY32F0xx_HAL_Driver/Src/py32f0xx_hal_rcc.o
                0x080038e0                HAL_RCC_GetSysClockFreq
 .text.HAL_RCC_OscConfig
                0x08003944      0x234 ./Build/Libraries/PY32F0xx_HAL_Driver/Src/py32f0xx_hal_rcc.o
                0x08003944                HAL_RCC_OscConfig
 .text.HAL_RCC_ClockConfig
                0x08003b78      0x140 ./Build/Libraries/PY32F0xx_HAL_Driver/Src/py32f0xx_hal_rcc.o
                0x08003b78                HAL_RCC_ClockConfig
 .text.HAL_RCC_GetPCLK1Freq
                0x08003cb8       0x28 ./Build/Libraries/PY32F0xx_HAL_Driver/Src/py32f0xx_hal_rcc.o
                0x08003cb8                HAL_RCC_GetPCLK1Freq
 .text.HAL_TIM_Base_Start_IT
                0x08003ce0       0x1e ./Build/Libraries/PY32F0xx_HAL_Driver/Src/py32f0xx_hal_tim.o
                0x08003ce0                HAL_TIM_Base_Start_IT
 .text.HAL_TIM_OC_DelayElapsedCallback
                0x08003cfe        0x2 ./Build/Libraries/PY32F0xx_HAL_Driver/Src/py32f0xx_hal_tim.o
                0x08003cfe                HAL_TIM_OC_DelayElapsedCallback
 .text.HAL_TIM_IC_CaptureCallback
                0x08003d00        0x2 ./Build/Libraries/PY32F0xx_HAL_Driver/Src/py32f0xx_hal_tim.o
                0x08003d00                HAL_TIM_IC_CaptureCallback
 .text.HAL_TIM_PWM_PulseFinishedCallback
                0x08003d02        0x2 ./Build/Libraries/PY32F0xx_HAL_Driver/Src/py32f0xx_hal_tim.o
                0x08003d02                HAL_TIM_PWM_PulseFinishedCallback
 .text.HAL_TIM_TriggerCallback
                0x08003d04        0x2 ./Build/Libraries/PY32F0xx_HAL_Driver/Src/py32f0xx_hal_tim.o
                0x08003d04                HAL_TIM_TriggerCallback
 .text.HAL_TIM_IRQHandler
                0x08003d06      0x148 ./Build/Libraries/PY32F0xx_HAL_Driver/Src/py32f0xx_hal_tim.o
                0x08003d06                HAL_TIM_IRQHandler
 *fill*         0x08003e4e        0x2 
 .text.TIM_Base_SetConfig
                0x08003e50       0x7c ./Build/Libraries/PY32F0xx_HAL_Driver/Src/py32f0xx_hal_tim.o
                0x08003e50                TIM_Base_SetConfig
 .text.HAL_TIM_Base_Init
                0x08003ecc       0x36 ./Build/Libraries/PY32F0xx_HAL_Driver/Src/py32f0xx_hal_tim.o
                0x08003ecc                HAL_TIM_Base_Init
 .text.HAL_TIMEx_CommutCallback
                0x08003f02        0x2 ./Build/Libraries/PY32F0xx_HAL_Driver/Src/py32f0xx_hal_tim_ex.o
                0x08003f02                HAL_TIMEx_CommutCallback
 .text.HAL_TIMEx_BreakCallback
                0x08003f04        0x2 ./Build/Libraries/PY32F0xx_HAL_Driver/Src/py32f0xx_hal_tim_ex.o
                0x08003f04                HAL_TIMEx_BreakCallback
 *fill*         0x08003f06        0x2 
 .text.UART_SetConfig
                0x08003f08       0xd0 ./Build/Libraries/PY32F0xx_HAL_Driver/Src/py32f0xx_hal_uart.o
 .text.UART_WaitOnFlagUntilTimeout.constprop.0
                0x08003fd8       0x58 ./Build/Libraries/PY32F0xx_HAL_Driver/Src/py32f0xx_hal_uart.o
 .text.HAL_UART_MspInit
                0x08004030        0x2 ./Build/Libraries/PY32F0xx_HAL_Driver/Src/py32f0xx_hal_uart.o
                0x08004030                HAL_UART_MspInit
 *fill*         0x08004032        0x2 
 .text.HAL_UART_Init
                0x08004034       0x9c ./Build/Libraries/PY32F0xx_HAL_Driver/Src/py32f0xx_hal_uart.o
                0x08004034                HAL_UART_Init
 .text.HAL_UART_Transmit
                0x080040d0       0xca ./Build/Libraries/PY32F0xx_HAL_Driver/Src/py32f0xx_hal_uart.o
                0x080040d0                HAL_UART_Transmit
 .text.HAL_UART_Receive
                0x0800419a       0xba ./Build/Libraries/PY32F0xx_HAL_Driver/Src/py32f0xx_hal_uart.o
                0x0800419a                HAL_UART_Receive
 .text.__io_putchar
                0x08004254       0x1c ./Build/Libraries/PY32F0xx_HAL_BSP/Src/py32f0xx_bsp_printf.o
                0x08004254                __io_putchar
 .text.__io_getchar
                0x08004270       0x18 ./Build/Libraries/PY32F0xx_HAL_BSP/Src/py32f0xx_bsp_printf.o
                0x08004270                __io_getchar
 .text._write   0x08004288       0x1a ./Build/Libraries/PY32F0xx_HAL_BSP/Src/py32f0xx_bsp_printf.o
                0x08004288                _write
 .text._read    0x080042a2       0x1a ./Build/Libraries/PY32F0xx_HAL_BSP/Src/py32f0xx_bsp_printf.o
                0x080042a2                _read
 .text._isatty  0x080042bc       0x16 ./Build/Libraries/PY32F0xx_HAL_BSP/Src/py32f0xx_bsp_printf.o
                0x080042bc                _isatty
 .text._close   0x080042d2       0x16 ./Build/Libraries/PY32F0xx_HAL_BSP/Src/py32f0xx_bsp_printf.o
                0x080042d2                _close
 .text._lseek   0x080042e8       0x10 ./Build/Libraries/PY32F0xx_HAL_BSP/Src/py32f0xx_bsp_printf.o
                0x080042e8                _lseek
 .text._fstat   0x080042f8       0x1a ./Build/Libraries/PY32F0xx_HAL_BSP/Src/py32f0xx_bsp_printf.o
                0x080042f8                _fstat
 .text._getpid  0x08004312       0x10 ./Build/Libraries/PY32F0xx_HAL_BSP/Src/py32f0xx_bsp_printf.o
                0x08004312                _getpid
 .text._kill    0x08004322       0x10 ./Build/Libraries/PY32F0xx_HAL_BSP/Src/py32f0xx_bsp_printf.o
                0x08004322                _kill
 *fill*         0x08004332        0x2 
 .text.SystemInit
                0x08004334       0x48 ./Build/Libraries/CMSIS/Device/PY32F0xx/Source/system_py32f0xx.o
                0x08004334                SystemInit
 .text._Z25ADC_Set_USB_cc_read_stateb
                0x0800437c       0x78 ./Build/Src/adc.o
                0x0800437c                ADC_Set_USB_cc_read_state(bool)
 .text._Z8ADC_Initv
                0x080043f4      0x13c ./Build/Src/adc.o
                0x080043f4                ADC_Init()
 .text._Z21PY32_ADC_Temp_to_degCm
                0x08004530       0x34 ./Build/Src/adc.o
                0x08004530                PY32_ADC_Temp_to_degC(unsigned long)
 .text._Z28ADC_to_thermistor_resistancem
                0x08004564       0x30 ./Build/Src/adc.o
                0x08004564                ADC_to_thermistor_resistance(unsigned long)
 .text._Z27thermistor_r_to_temperaturem
                0x08004594       0x70 ./Build/Src/adc.o
                0x08004594                thermistor_r_to_temperature(unsigned long)
 .text._Z8ADC_Readv
                0x08004604      0x22c ./Build/Src/adc.o
                0x08004604                ADC_Read()
 .text._Z12PIDTimer_ISRv
                0x08004830        0xc ./Build/Src/main.o
                0x08004830                PIDTimer_ISR()
 .text._Z15MinuteTimer_ISRv
                0x0800483c        0xc ./Build/Src/main.o
                0x0800483c                MinuteTimer_ISR()
 .text._Z18DataCollection_ISRv
                0x08004848        0xc ./Build/Src/main.o
                0x08004848                DataCollection_ISR()
 .text._Z18ActuationDelay_ISRv
                0x08004854        0xc ./Build/Src/main.o
                0x08004854                ActuationDelay_ISR()
 .text._Z16DelayedStart_ISRv
                0x08004860        0xc ./Build/Src/main.o
                0x08004860                DelayedStart_ISR()
 .text._Z11LogData_ISRv
                0x0800486c        0xc ./Build/Src/main.o
                0x0800486c                LogData_ISR()
 .text._Z12PWMTimer_ISRv
                0x08004878      0x128 ./Build/Src/main.o
                0x08004878                PWMTimer_ISR()
 .text._Z12LEDTimer_ISRv
                0x080049a0       0x4c ./Build/Src/main.o
                0x080049a0                LEDTimer_ISR()
 .text._Z9print_UIDv
                0x080049ec       0x48 ./Build/Src/main.o
                0x080049ec                print_UID()
 .text._Z8pid_init8heater_t7CONTROL
                0x08004a34       0x50 ./Build/Src/main.o
                0x08004a34                pid_init(heater_t, CONTROL)
 .text._Z14power_on_testsv
                0x08004a84        0xa ./Build/Src/main.o
                0x08004a84                power_on_tests()
 *fill*         0x08004a8e        0x2 
 .text._Z13init_adc_datav
                0x08004a90       0xe4 ./Build/Src/main.o
                0x08004a90                init_adc_data()
 .text._Z15start_naat_testv
                0x08004b74      0x10c ./Build/Src/main.o
                0x08004b74                start_naat_test()
 .text._Z14stop_naat_testv
                0x08004c80       0x70 ./Build/Src/main.o
                0x08004c80                stop_naat_test()
 .text._Z9Data_initv
                0x08004cf0       0x60 ./Build/Src/main.o
                0x08004cf0                Data_init()
 .text._Z16ADC_data_collectv
                0x08004d50       0xc4 ./Build/Src/main.o
                0x08004d50                ADC_data_collect()
 .text._Z10Update_PIDv
                0x08004e14       0x54 ./Build/Src/main.o
                0x08004e14                Update_PID()
 .text._Z14print_log_datav
                0x08004e68       0x90 ./Build/Src/main.o
                0x08004e68                print_log_data()
 .text._Z14send_max_tempsv
                0x08004ef8       0x64 ./Build/Src/main.o
                0x08004ef8                send_max_temps()
 .text._Z15APP_UpdateStatev
                0x08004f5c      0x300 ./Build/Src/main.o
                0x08004f5c                APP_UpdateState()
 .text._Z9GPIO_Initv
                0x0800525c      0x254 ./Build/Src/main.o
                0x0800525c                GPIO_Init()
 .text._Z16APP_ErrorHandlerh
                0x080054b0       0xc4 ./Build/Src/main.o
                0x080054b0                APP_ErrorHandler(unsigned char)
 .text._Z9UART_Initv
                0x08005574       0x34 ./Build/Src/main.o
                0x08005574                UART_Init()
 .text._Z12system_setupv
                0x080055a8      0x1b0 ./Build/Src/main.o
                0x080055a8                system_setup()
 .text.startup.main
                0x08005758       0xe4 ./Build/Src/main.o
                0x08005758                main
 .text._Z19pid_controller_init8heater_tffffif
                0x0800583c       0x6c ./Build/Src/pid.o
                0x0800583c                pid_controller_init(heater_t, float, float, float, float, int, float)
 .text._Z22pid_controller_compute8heater_tf
                0x080058a8      0x12c ./Build/Src/pid.o
                0x080058a8                pid_controller_compute(heater_t, float)
 .text._Z10TIMER_Initv
                0x080059d4       0x74 ./Build/Src/timers.o
                0x080059d4                TIMER_Init()
 .text._Z14Register_timerPFvvEm
                0x08005a48       0x30 ./Build/Src/timers.o
                0x08005a48                Register_timer(void (*)(), unsigned long)
 .text._Z12Enable_timera
                0x08005a78       0x50 ./Build/Src/timers.o
                0x08005a78                Enable_timer(signed char)
 .text._Z13Disable_timera
                0x08005ac8       0x24 ./Build/Src/timers.o
                0x08005ac8                Disable_timer(signed char)
 .text._Z24Update_TimerTickIntervalam
                0x08005aec       0x28 ./Build/Src/timers.o
                0x08005aec                Update_TimerTickInterval(signed char, unsigned long)
 .text.HAL_TIM_PeriodElapsedCallback
                0x08005b14       0x64 ./Build/Src/timers.o
                0x08005b14                HAL_TIM_PeriodElapsedCallback
 .text._Z21APP_SystemClockConfigv
                0x08005b78       0x58 ./Build/Src/timers.o
                0x08005b78                APP_SystemClockConfig()
 .text.Reset_Handler
                0x08005bd0       0x50 ./Build/Libraries/CMSIS/Device/PY32F0xx/Source/gcc/startup_py32f003.o
                0x08005bd0                Reset_Handler
 .text.Default_Handler
                0x08005c20        0x2 ./Build/Libraries/CMSIS/Device/PY32F0xx/Source/gcc/startup_py32f003.o
                0x08005c20                TIM1_CC_IRQHandler
                0x08005c20                PVD_IRQHandler
                0x08005c20                I2C1_IRQHandler
                0x08005c20                SPI1_IRQHandler
                0x08005c20                EXTI2_3_IRQHandler
                0x08005c20                TIM17_IRQHandler
                0x08005c20                RTC_IRQHandler
                0x08005c20                TIM16_IRQHandler
                0x08005c20                TIM3_IRQHandler
                0x08005c20                EXTI4_15_IRQHandler
                0x08005c20                RCC_IRQHandler
                0x08005c20                DMA1_Channel1_IRQHandler
                0x08005c20                Default_Handler
                0x08005c20                TIM14_IRQHandler
                0x08005c20                EXTI0_1_IRQHandler
                0x08005c20                WWDG_IRQHandler
                0x08005c20                DMA1_Channel2_3_IRQHandler
                0x08005c20                ADC_COMP_IRQHandler
                0x08005c20                USART2_IRQHandler
                0x08005c20                FLASH_IRQHandler
                0x08005c20                USART1_IRQHandler
                0x08005c20                LPTIM1_IRQHandler
 *fill*         0x08005c22        0x2 
 .text.__fixunssfsi
                0x08005c24       0x30 C:/Program Files (x86)/Arm GNU Toolchain arm-none-eabi/14.2 rel1/bin/../lib/gcc/arm-none-eabi/14.2.1/thumb/v6-m/nofp\libgcc.a(_fixunssfsi.o)
                0x08005c24                __fixunssfsi
                0x08005c24                __aeabi_f2uiz
 .text.__aeabi_fadd
                0x08005c54      0x41c C:/Program Files (x86)/Arm GNU Toolchain arm-none-eabi/14.2 rel1/bin/../lib/gcc/arm-none-eabi/14.2.1/thumb/v6-m/nofp\libgcc.a(addsf3.o)
                0x08005c54                __aeabi_fadd
 .text.__aeabi_fdiv
                0x08006070      0x22c C:/Program Files (x86)/Arm GNU Toolchain arm-none-eabi/14.2 rel1/bin/../lib/gcc/arm-none-eabi/14.2.1/thumb/v6-m/nofp\libgcc.a(divsf3.o)
                0x08006070                __aeabi_fdiv
 .text.__eqsf2  0x0800629c       0x50 C:/Program Files (x86)/Arm GNU Toolchain arm-none-eabi/14.2 rel1/bin/../lib/gcc/arm-none-eabi/14.2.1/thumb/v6-m/nofp\libgcc.a(eqsf2.o)
                0x0800629c                __eqsf2
                0x0800629c                __nesf2
 .text.__gesf2  0x080062ec       0x90 C:/Program Files (x86)/Arm GNU Toolchain arm-none-eabi/14.2 rel1/bin/../lib/gcc/arm-none-eabi/14.2.1/thumb/v6-m/nofp\libgcc.a(gesf2.o)
                0x080062ec                __gesf2
                0x080062ec                __gtsf2
 .text.__lesf2  0x0800637c       0x90 C:/Program Files (x86)/Arm GNU Toolchain arm-none-eabi/14.2 rel1/bin/../lib/gcc/arm-none-eabi/14.2.1/thumb/v6-m/nofp\libgcc.a(lesf2.o)
                0x0800637c                __ltsf2
                0x0800637c                __lesf2
 .text.__aeabi_fmul
                0x0800640c      0x2a4 C:/Program Files (x86)/Arm GNU Toolchain arm-none-eabi/14.2 rel1/bin/../lib/gcc/arm-none-eabi/14.2.1/thumb/v6-m/nofp\libgcc.a(mulsf3.o)
                0x0800640c                __aeabi_fmul
 .text.__aeabi_fsub
                0x080066b0      0x484 C:/Program Files (x86)/Arm GNU Toolchain arm-none-eabi/14.2 rel1/bin/../lib/gcc/arm-none-eabi/14.2.1/thumb/v6-m/nofp\libgcc.a(subsf3.o)
                0x080066b0                __aeabi_fsub
 .text.__aeabi_f2iz
                0x08006b34       0x40 C:/Program Files (x86)/Arm GNU Toolchain arm-none-eabi/14.2 rel1/bin/../lib/gcc/arm-none-eabi/14.2.1/thumb/v6-m/nofp\libgcc.a(fixsfsi.o)
                0x08006b34                __aeabi_f2iz
 .text.__aeabi_i2f
                0x08006b74       0xa0 C:/Program Files (x86)/Arm GNU Toolchain arm-none-eabi/14.2 rel1/bin/../lib/gcc/arm-none-eabi/14.2.1/thumb/v6-m/nofp\libgcc.a(floatsisf.o)
                0x08006b74                __aeabi_i2f
 .text.__aeabi_ui2f
                0x08006c14       0x8c C:/Program Files (x86)/Arm GNU Toolchain arm-none-eabi/14.2 rel1/bin/../lib/gcc/arm-none-eabi/14.2.1/thumb/v6-m/nofp\libgcc.a(floatunsisf.o)
                0x08006c14                __aeabi_ui2f
 .text.__aeabi_dadd
                0x08006ca0      0x834 C:/Program Files (x86)/Arm GNU Toolchain arm-none-eabi/14.2 rel1/bin/../lib/gcc/arm-none-eabi/14.2.1/thumb/v6-m/nofp\libgcc.a(adddf3.o)
                0x08006ca0                __aeabi_dadd
 .text.__aeabi_ddiv
                0x080074d4      0x63c C:/Program Files (x86)/Arm GNU Toolchain arm-none-eabi/14.2 rel1/bin/../lib/gcc/arm-none-eabi/14.2.1/thumb/v6-m/nofp\libgcc.a(divdf3.o)
                0x080074d4                __aeabi_ddiv
 .text.__eqdf2  0x08007b10       0x8c C:/Program Files (x86)/Arm GNU Toolchain arm-none-eabi/14.2 rel1/bin/../lib/gcc/arm-none-eabi/14.2.1/thumb/v6-m/nofp\libgcc.a(eqdf2.o)
                0x08007b10                __nedf2
                0x08007b10                __eqdf2
 .text.__gedf2  0x08007b9c       0xe0 C:/Program Files (x86)/Arm GNU Toolchain arm-none-eabi/14.2 rel1/bin/../lib/gcc/arm-none-eabi/14.2.1/thumb/v6-m/nofp\libgcc.a(gedf2.o)
                0x08007b9c                __gedf2
                0x08007b9c                __gtdf2
 .text.__ledf2  0x08007c7c       0xdc C:/Program Files (x86)/Arm GNU Toolchain arm-none-eabi/14.2 rel1/bin/../lib/gcc/arm-none-eabi/14.2.1/thumb/v6-m/nofp\libgcc.a(ledf2.o)
                0x08007c7c                __ledf2
                0x08007c7c                __ltdf2
 .text.__aeabi_dmul
                0x08007d58      0x590 C:/Program Files (x86)/Arm GNU Toolchain arm-none-eabi/14.2 rel1/bin/../lib/gcc/arm-none-eabi/14.2.1/thumb/v6-m/nofp\libgcc.a(muldf3.o)
                0x08007d58                __aeabi_dmul
 .text.__aeabi_dsub
                0x080082e8      0x870 C:/Program Files (x86)/Arm GNU Toolchain arm-none-eabi/14.2 rel1/bin/../lib/gcc/arm-none-eabi/14.2.1/thumb/v6-m/nofp\libgcc.a(subdf3.o)
                0x080082e8                __aeabi_dsub
 .text.__aeabi_dcmpun
                0x08008b58       0x44 C:/Program Files (x86)/Arm GNU Toolchain arm-none-eabi/14.2 rel1/bin/../lib/gcc/arm-none-eabi/14.2.1/thumb/v6-m/nofp\libgcc.a(unorddf2.o)
                0x08008b58                __aeabi_dcmpun
 .text.__aeabi_d2iz
                0x08008b9c       0x78 C:/Program Files (x86)/Arm GNU Toolchain arm-none-eabi/14.2 rel1/bin/../lib/gcc/arm-none-eabi/14.2.1/thumb/v6-m/nofp\libgcc.a(fixdfsi.o)
                0x08008b9c                __aeabi_d2iz
 .text.__aeabi_i2d
                0x08008c14       0x5c C:/Program Files (x86)/Arm GNU Toolchain arm-none-eabi/14.2 rel1/bin/../lib/gcc/arm-none-eabi/14.2.1/thumb/v6-m/nofp\libgcc.a(floatsidf.o)
                0x08008c14                __aeabi_i2d
 .text.__aeabi_ui2d
                0x08008c70       0x48 C:/Program Files (x86)/Arm GNU Toolchain arm-none-eabi/14.2 rel1/bin/../lib/gcc/arm-none-eabi/14.2.1/thumb/v6-m/nofp\libgcc.a(floatunsidf.o)
                0x08008c70                __aeabi_ui2d
 .text.__aeabi_f2d
                0x08008cb8       0x90 C:/Program Files (x86)/Arm GNU Toolchain arm-none-eabi/14.2 rel1/bin/../lib/gcc/arm-none-eabi/14.2.1/thumb/v6-m/nofp\libgcc.a(extendsfdf2.o)
                0x08008cb8                __aeabi_f2d
 .text.__aeabi_d2f
                0x08008d48      0x110 C:/Program Files (x86)/Arm GNU Toolchain arm-none-eabi/14.2 rel1/bin/../lib/gcc/arm-none-eabi/14.2.1/thumb/v6-m/nofp\libgcc.a(truncdfsf2.o)
                0x08008d48                __aeabi_d2f
 .text.selfrel_offset31
                0x08008e58       0x18 C:/Program Files (x86)/Arm GNU Toolchain arm-none-eabi/14.2 rel1/bin/../lib/gcc/arm-none-eabi/14.2.1/thumb/v6-m/nofp\libgcc.a(unwind-arm.o)
 .text.search_EIT_table
                0x08008e70       0x70 C:/Program Files (x86)/Arm GNU Toolchain arm-none-eabi/14.2 rel1/bin/../lib/gcc/arm-none-eabi/14.2.1/thumb/v6-m/nofp\libgcc.a(unwind-arm.o)
 .text.__gnu_unwind_get_pr_addr
                0x08008ee0       0x28 C:/Program Files (x86)/Arm GNU Toolchain arm-none-eabi/14.2 rel1/bin/../lib/gcc/arm-none-eabi/14.2.1/thumb/v6-m/nofp\libgcc.a(unwind-arm.o)
 .text.get_eit_entry
                0x08008f08       0x94 C:/Program Files (x86)/Arm GNU Toolchain arm-none-eabi/14.2 rel1/bin/../lib/gcc/arm-none-eabi/14.2.1/thumb/v6-m/nofp\libgcc.a(unwind-arm.o)
 .text.restore_non_core_regs
                0x08008f9c       0x5c C:/Program Files (x86)/Arm GNU Toolchain arm-none-eabi/14.2 rel1/bin/../lib/gcc/arm-none-eabi/14.2.1/thumb/v6-m/nofp\libgcc.a(unwind-arm.o)
 .text._Unwind_decode_typeinfo_ptr.constprop.0
                0x08008ff8        0xc C:/Program Files (x86)/Arm GNU Toolchain arm-none-eabi/14.2 rel1/bin/../lib/gcc/arm-none-eabi/14.2.1/thumb/v6-m/nofp\libgcc.a(unwind-arm.o)
 .text._Unwind_DebugHook
                0x08009004        0x4 C:/Program Files (x86)/Arm GNU Toolchain arm-none-eabi/14.2 rel1/bin/../lib/gcc/arm-none-eabi/14.2.1/thumb/v6-m/nofp\libgcc.a(unwind-arm.o)
 .text.unwind_phase2
                0x08009008       0x3c C:/Program Files (x86)/Arm GNU Toolchain arm-none-eabi/14.2 rel1/bin/../lib/gcc/arm-none-eabi/14.2.1/thumb/v6-m/nofp\libgcc.a(unwind-arm.o)
 .text.unwind_phase2_forced
                0x08009044       0xd8 C:/Program Files (x86)/Arm GNU Toolchain arm-none-eabi/14.2 rel1/bin/../lib/gcc/arm-none-eabi/14.2.1/thumb/v6-m/nofp\libgcc.a(unwind-arm.o)
 .text.__gnu_Unwind_RaiseException
                0x0800911c       0x54 C:/Program Files (x86)/Arm GNU Toolchain arm-none-eabi/14.2 rel1/bin/../lib/gcc/arm-none-eabi/14.2.1/thumb/v6-m/nofp\libgcc.a(unwind-arm.o)
                0x0800911c                __gnu_Unwind_RaiseException
 .text.__gnu_Unwind_ForcedUnwind
                0x08009170       0x14 C:/Program Files (x86)/Arm GNU Toolchain arm-none-eabi/14.2 rel1/bin/../lib/gcc/arm-none-eabi/14.2.1/thumb/v6-m/nofp\libgcc.a(unwind-arm.o)
                0x08009170                __gnu_Unwind_ForcedUnwind
 .text.__gnu_Unwind_Resume
                0x08009184       0x48 C:/Program Files (x86)/Arm GNU Toolchain arm-none-eabi/14.2 rel1/bin/../lib/gcc/arm-none-eabi/14.2.1/thumb/v6-m/nofp\libgcc.a(unwind-arm.o)
                0x08009184                __gnu_Unwind_Resume
 .text.__gnu_Unwind_Resume_or_Rethrow
                0x080091cc       0x1c C:/Program Files (x86)/Arm GNU Toolchain arm-none-eabi/14.2 rel1/bin/../lib/gcc/arm-none-eabi/14.2.1/thumb/v6-m/nofp\libgcc.a(unwind-arm.o)
                0x080091cc                __gnu_Unwind_Resume_or_Rethrow
 .text._Unwind_VRS_Get
                0x080091e8       0x44 C:/Program Files (x86)/Arm GNU Toolchain arm-none-eabi/14.2 rel1/bin/../lib/gcc/arm-none-eabi/14.2.1/thumb/v6-m/nofp\libgcc.a(unwind-arm.o)
                0x080091e8                _Unwind_VRS_Get
 .text._Unwind_GetGR
                0x0800922c       0x18 C:/Program Files (x86)/Arm GNU Toolchain arm-none-eabi/14.2 rel1/bin/../lib/gcc/arm-none-eabi/14.2.1/thumb/v6-m/nofp\libgcc.a(unwind-arm.o)
 .text._Unwind_VRS_Set
                0x08009244       0x44 C:/Program Files (x86)/Arm GNU Toolchain arm-none-eabi/14.2 rel1/bin/../lib/gcc/arm-none-eabi/14.2.1/thumb/v6-m/nofp\libgcc.a(unwind-arm.o)
                0x08009244                _Unwind_VRS_Set
 .text._Unwind_SetGR
                0x08009288       0x18 C:/Program Files (x86)/Arm GNU Toolchain arm-none-eabi/14.2 rel1/bin/../lib/gcc/arm-none-eabi/14.2.1/thumb/v6-m/nofp\libgcc.a(unwind-arm.o)
 .text.__gnu_Unwind_Backtrace
                0x080092a0       0x78 C:/Program Files (x86)/Arm GNU Toolchain arm-none-eabi/14.2 rel1/bin/../lib/gcc/arm-none-eabi/14.2.1/thumb/v6-m/nofp\libgcc.a(unwind-arm.o)
                0x080092a0                __gnu_Unwind_Backtrace
 .text.__gnu_unwind_pr_common
                0x08009318      0x2d8 C:/Program Files (x86)/Arm GNU Toolchain arm-none-eabi/14.2 rel1/bin/../lib/gcc/arm-none-eabi/14.2.1/thumb/v6-m/nofp\libgcc.a(unwind-arm.o)
 .text.__aeabi_unwind_cpp_pr0
                0x080095f0        0xc C:/Program Files (x86)/Arm GNU Toolchain arm-none-eabi/14.2 rel1/bin/../lib/gcc/arm-none-eabi/14.2.1/thumb/v6-m/nofp\libgcc.a(unwind-arm.o)
                0x080095f0                __aeabi_unwind_cpp_pr0
 .text.__aeabi_unwind_cpp_pr1
                0x080095fc        0xc C:/Program Files (x86)/Arm GNU Toolchain arm-none-eabi/14.2 rel1/bin/../lib/gcc/arm-none-eabi/14.2.1/thumb/v6-m/nofp\libgcc.a(unwind-arm.o)
                0x080095fc                __aeabi_unwind_cpp_pr1
 .text.__aeabi_unwind_cpp_pr2
                0x08009608        0xc C:/Program Files (x86)/Arm GNU Toolchain arm-none-eabi/14.2 rel1/bin/../lib/gcc/arm-none-eabi/14.2.1/thumb/v6-m/nofp\libgcc.a(unwind-arm.o)
                0x08009608                __aeabi_unwind_cpp_pr2
 .text._Unwind_VRS_Pop
                0x08009614      0x2ac C:/Program Files (x86)/Arm GNU Toolchain arm-none-eabi/14.2 rel1/bin/../lib/gcc/arm-none-eabi/14.2.1/thumb/v6-m/nofp\libgcc.a(unwind-arm.o)
                0x08009614                _Unwind_VRS_Pop
 .text.next_unwind_byte
                0x080098c0       0x34 C:/Program Files (x86)/Arm GNU Toolchain arm-none-eabi/14.2 rel1/bin/../lib/gcc/arm-none-eabi/14.2.1/thumb/v6-m/nofp\libgcc.a(pr-support.o)
 .text.__gnu_unwind_execute
                0x080098f4      0x2f4 C:/Program Files (x86)/Arm GNU Toolchain arm-none-eabi/14.2 rel1/bin/../lib/gcc/arm-none-eabi/14.2.1/thumb/v6-m/nofp\libgcc.a(pr-support.o)
                0x080098f4                __gnu_unwind_execute
 .text.sprintf  0x08009be8       0x44 C:/Program Files (x86)/Arm GNU Toolchain arm-none-eabi/14.2 rel1/bin/../lib/gcc/arm-none-eabi/14.2.1/thumb/v6-m/nofp\libc_nano.a(libc_a-sprintf.o)
                0x08009be8                siprintf
                0x08009be8                sprintf
 .text.__errno  0x08009c2c        0xc C:/Program Files (x86)/Arm GNU Toolchain arm-none-eabi/14.2 rel1/bin/../lib/gcc/arm-none-eabi/14.2.1/thumb/v6-m/nofp\libc_nano.a(libc_a-errno.o)
                0x08009c2c                __errno
 .text.strcpy   0x08009c38       0x10 C:/Program Files (x86)/Arm GNU Toolchain arm-none-eabi/14.2 rel1/bin/../lib/gcc/arm-none-eabi/14.2.1/thumb/v6-m/nofp\libc_nano.a(libc_a-strcpy.o)
                0x08009c38                strcpy
 .text.__ssputs_r
                0x08009c48       0xc8 C:/Program Files (x86)/Arm GNU Toolchain arm-none-eabi/14.2 rel1/bin/../lib/gcc/arm-none-eabi/14.2.1/thumb/v6-m/nofp\libc_nano.a(libc_a-nano-svfprintf.o)
                0x08009c48                __ssputs_r
 .text._svfprintf_r
                0x08009d10      0x208 C:/Program Files (x86)/Arm GNU Toolchain arm-none-eabi/14.2 rel1/bin/../lib/gcc/arm-none-eabi/14.2.1/thumb/v6-m/nofp\libc_nano.a(libc_a-nano-svfprintf.o)
                0x08009d10                _svfiprintf_r
                0x08009d10                _svfprintf_r
 .text._sbrk    0x08009f18       0x1c C:/Program Files (x86)/Arm GNU Toolchain arm-none-eabi/14.2 rel1/bin/../lib/gcc/arm-none-eabi/14.2.1/thumb/v6-m/nofp\libnosys.a(sbrk.o)
                0x08009f18                _sbrk
 .text._exit    0x08009f34        0x4 C:/Program Files (x86)/Arm GNU Toolchain arm-none-eabi/14.2 rel1/bin/../lib/gcc/arm-none-eabi/14.2.1/thumb/v6-m/nofp\libnosys.a(_exit.o)
                0x08009f34                _exit
 .text.logf     0x08009f38       0x58 C:/Program Files (x86)/Arm GNU Toolchain arm-none-eabi/14.2 rel1/bin/../lib/gcc/arm-none-eabi/14.2.1/thumb/v6-m/nofp\libm.a(libm_a-wf_log.o)
                0x08009f38                logf
 .text.nanf     0x08009f90        0x8 C:/Program Files (x86)/Arm GNU Toolchain arm-none-eabi/14.2 rel1/bin/../lib/gcc/arm-none-eabi/14.2.1/thumb/v6-m/nofp\libm.a(libm_a-sf_nan.o)
                0x08009f90                nanf
 .text.roundf   0x08009f98       0x48 C:/Program Files (x86)/Arm GNU Toolchain arm-none-eabi/14.2 rel1/bin/../lib/gcc/arm-none-eabi/14.2.1/thumb/v6-m/nofp\libm.a(libm_a-sf_round.o)
                0x08009f98                roundf
 .text.__ieee754_logf
                0x08009fe0      0x28c C:/Program Files (x86)/Arm GNU Toolchain arm-none-eabi/14.2 rel1/bin/../lib/gcc/arm-none-eabi/14.2.1/thumb/v6-m/nofp\libm.a(libm_a-ef_log.o)
                0x08009fe0                __ieee754_logf
 .text.__aeabi_fcmpun
                0x0800a26c       0x2c C:/Program Files (x86)/Arm GNU Toolchain arm-none-eabi/14.2 rel1/bin/../lib/gcc/arm-none-eabi/14.2.1/thumb/v6-m/nofp\libgcc.a(unordsf2.o)
                0x0800a26c                __aeabi_fcmpun
 *(.glue_7)
 .glue_7        0x0800a298        0x0 linker stubs
 *(.glue_7t)
 .glue_7t       0x0800a298        0x0 linker stubs
 *(.eh_frame)
 .eh_frame      0x0800a298        0x0 C:/Program Files (x86)/Arm GNU Toolchain arm-none-eabi/14.2 rel1/bin/../lib/gcc/arm-none-eabi/14.2.1/thumb/v6-m/nofp/crtbegin.o
 *(.init)
 .init          0x0800a298        0x4 C:/Program Files (x86)/Arm GNU Toolchain arm-none-eabi/14.2 rel1/bin/../lib/gcc/arm-none-eabi/14.2.1/thumb/v6-m/nofp/crti.o
                0x0800a298                _init
 .init          0x0800a29c        0x8 C:/Program Files (x86)/Arm GNU Toolchain arm-none-eabi/14.2 rel1/bin/../lib/gcc/arm-none-eabi/14.2.1/thumb/v6-m/nofp/crtn.o
 *(.fini)
 .fini          0x0800a2a4        0x4 C:/Program Files (x86)/Arm GNU Toolchain arm-none-eabi/14.2 rel1/bin/../lib/gcc/arm-none-eabi/14.2.1/thumb/v6-m/nofp/crti.o
                0x0800a2a4                _fini
 .fini          0x0800a2a8        0x8 C:/Program Files (x86)/Arm GNU Toolchain arm-none-eabi/14.2 rel1/bin/../lib/gcc/arm-none-eabi/14.2.1/thumb/v6-m/nofp/crtn.o
                0x0800a2b0                        . = ALIGN (0x4)
                0x0800a2b0                        _etext = .

.vfp11_veneer   0x0800a2b0        0x0
 .vfp11_veneer  0x0800a2b0        0x0 linker stubs

.v4_bx          0x0800a2b0        0x0
 .v4_bx         0x0800a2b0        0x0 linker stubs

.iplt           0x0800a2b0        0x0
 .iplt          0x0800a2b0        0x0 C:/Program Files (x86)/Arm GNU Toolchain arm-none-eabi/14.2 rel1/bin/../lib/gcc/arm-none-eabi/14.2.1/thumb/v6-m/nofp/crtbegin.o

.rodata         0x0800a2b0      0x6a0
                0x0800a2b0                        . = ALIGN (0x4)
 *(.rodata)
 .rodata        0x0800a2b0       0x14 ./Build/Libraries/PY32F0xx_HAL_Driver/Src/py32f0xx_hal_rcc.o
 *(.rodata*)
 .rodata._printf_float.str1.1
                0x0800a2c4      0x339 C:/Program Files (x86)/Arm GNU Toolchain arm-none-eabi/14.2 rel1/bin/../lib/gcc/arm-none-eabi/14.2.1/thumb/v6-m/nofp\libc_nano.a(libc_a-nano-vfprintf_float.o)
                                 0x12 (size before relaxing)
 .rodata._printf_i.str1.1
                0x0800a5fd       0x22 C:/Program Files (x86)/Arm GNU Toolchain arm-none-eabi/14.2 rel1/bin/../lib/gcc/arm-none-eabi/14.2.1/thumb/v6-m/nofp\libc_nano.a(libc_a-nano-vfprintf_i.o)
 .rodata._dtoa_r.str1.1
                0x0800a5fd       0x90 C:/Program Files (x86)/Arm GNU Toolchain arm-none-eabi/14.2 rel1/bin/../lib/gcc/arm-none-eabi/14.2.1/thumb/v6-m/nofp\libc_nano.a(libc_a-dtoa.o)
 .rodata._Balloc.str1.1
                0x0800a5fd       0x71 C:/Program Files (x86)/Arm GNU Toolchain arm-none-eabi/14.2 rel1/bin/../lib/gcc/arm-none-eabi/14.2.1/thumb/v6-m/nofp\libc_nano.a(libc_a-mprec.o)
 .rodata.__multadd.str1.1
                0x0800a5fd       0x11 C:/Program Files (x86)/Arm GNU Toolchain arm-none-eabi/14.2 rel1/bin/../lib/gcc/arm-none-eabi/14.2.1/thumb/v6-m/nofp\libc_nano.a(libc_a-mprec.o)
 *fill*         0x0800a5fd        0x3 
 .rodata.p05.0  0x0800a600        0xc C:/Program Files (x86)/Arm GNU Toolchain arm-none-eabi/14.2 rel1/bin/../lib/gcc/arm-none-eabi/14.2.1/thumb/v6-m/nofp\libc_nano.a(libc_a-mprec.o)
 *fill*         0x0800a60c        0x4 
 .rodata.__mprec_bigtens
                0x0800a610       0x28 C:/Program Files (x86)/Arm GNU Toolchain arm-none-eabi/14.2 rel1/bin/../lib/gcc/arm-none-eabi/14.2.1/thumb/v6-m/nofp\libc_nano.a(libc_a-mprec.o)
                0x0800a610                __mprec_bigtens
 .rodata.__mprec_tens
                0x0800a638       0xc8 C:/Program Files (x86)/Arm GNU Toolchain arm-none-eabi/14.2 rel1/bin/../lib/gcc/arm-none-eabi/14.2.1/thumb/v6-m/nofp\libc_nano.a(libc_a-mprec.o)
                0x0800a638                __mprec_tens
 .rodata._setlocale_r.str1.1
                0x0800a700        0x9 C:/Program Files (x86)/Arm GNU Toolchain arm-none-eabi/14.2 rel1/bin/../lib/gcc/arm-none-eabi/14.2.1/thumb/v6-m/nofp\libc_nano.a(libc_a-locale.o)
 .rodata.str1.1
                0x0800a700        0x2 C:/Program Files (x86)/Arm GNU Toolchain arm-none-eabi/14.2 rel1/bin/../lib/gcc/arm-none-eabi/14.2.1/thumb/v6-m/nofp\libc_nano.a(libc_a-locale.o)
 .rodata.__assert_func.str1.1
                0x0800a700       0x3d C:/Program Files (x86)/Arm GNU Toolchain arm-none-eabi/14.2 rel1/bin/../lib/gcc/arm-none-eabi/14.2.1/thumb/v6-m/nofp\libc_nano.a(libc_a-assert.o)
 .rodata._ctype_
                0x0800a700      0x101 C:/Program Files (x86)/Arm GNU Toolchain arm-none-eabi/14.2 rel1/bin/../lib/gcc/arm-none-eabi/14.2.1/thumb/v6-m/nofp\libc_nano.a(libc_a-ctype_.o)
                0x0800a700                _ctype_
 .rodata._vfprintf_r.str1.1
                0x0800a801       0x11 C:/Program Files (x86)/Arm GNU Toolchain arm-none-eabi/14.2 rel1/bin/../lib/gcc/arm-none-eabi/14.2.1/thumb/v6-m/nofp\libc_nano.a(libc_a-nano-vfprintf.o)
 *fill*         0x0800a801        0x3 
 .rodata.APBPrescTable
                0x0800a804       0x20 ./Build/Libraries/CMSIS/Device/PY32F0xx/Source/system_py32f0xx.o
                0x0800a804                APBPrescTable
 .rodata.AHBPrescTable
                0x0800a824       0x40 ./Build/Libraries/CMSIS/Device/PY32F0xx/Source/system_py32f0xx.o
                0x0800a824                AHBPrescTable
 .rodata._Z9print_UIDv.str1.1
                0x0800a864       0x13 ./Build/Src/main.o
 .rodata._Z13init_adc_datav.str1.1
                0x0800a864       0xad ./Build/Src/main.o
 .rodata._Z15start_naat_testv.str1.1
                0x0800a864       0x24 ./Build/Src/main.o
 .rodata._Z14stop_naat_testv.str1.1
                0x0800a864       0x10 ./Build/Src/main.o
 .rodata._Z14print_log_datav.str1.1
                0x0800a864       0x35 ./Build/Src/main.o
 .rodata._Z14send_max_tempsv.str1.1
                0x0800a864       0x47 ./Build/Src/main.o
 .rodata._Z16APP_ErrorHandlerh.str1.1
                0x0800a864       0x28 ./Build/Src/main.o
 .rodata._Z12system_setupv.str1.1
                0x0800a864       0x2e ./Build/Src/main.o
 .rodata.__aeabi_fdiv
                0x0800a864       0x7c C:/Program Files (x86)/Arm GNU Toolchain arm-none-eabi/14.2 rel1/bin/../lib/gcc/arm-none-eabi/14.2.1/thumb/v6-m/nofp\libgcc.a(divsf3.o)
 .rodata.__aeabi_ddiv
                0x0800a8e0       0x40 C:/Program Files (x86)/Arm GNU Toolchain arm-none-eabi/14.2 rel1/bin/../lib/gcc/arm-none-eabi/14.2.1/thumb/v6-m/nofp\libgcc.a(divdf3.o)
 .rodata._Unwind_VRS_Pop
                0x0800a920       0x18 C:/Program Files (x86)/Arm GNU Toolchain arm-none-eabi/14.2 rel1/bin/../lib/gcc/arm-none-eabi/14.2.1/thumb/v6-m/nofp\libgcc.a(unwind-arm.o)
 .rodata.__gnu_unwind_execute
                0x0800a938       0x14 C:/Program Files (x86)/Arm GNU Toolchain arm-none-eabi/14.2 rel1/bin/../lib/gcc/arm-none-eabi/14.2.1/thumb/v6-m/nofp\libgcc.a(pr-support.o)
 .rodata._svfprintf_r.str1.1
                0x0800a94c       0x11 C:/Program Files (x86)/Arm GNU Toolchain arm-none-eabi/14.2 rel1/bin/../lib/gcc/arm-none-eabi/14.2.1/thumb/v6-m/nofp\libc_nano.a(libc_a-nano-svfprintf.o)
 .rodata.logf.str1.4
                0x0800a94c        0x1 C:/Program Files (x86)/Arm GNU Toolchain arm-none-eabi/14.2 rel1/bin/../lib/gcc/arm-none-eabi/14.2.1/thumb/v6-m/nofp\libm.a(libm_a-wf_log.o)
                0x0800a960                        . = ALIGN (0x4)
 *fill*         0x0800a94d        0x3 

.ARM.extab      0x0800a950       0x3c
 *(.ARM.extab* .gnu.linkonce.armextab.*)
 .ARM.extab.text.unwind_phase2_forced
                0x0800a950        0xc C:/Program Files (x86)/Arm GNU Toolchain arm-none-eabi/14.2 rel1/bin/../lib/gcc/arm-none-eabi/14.2.1/thumb/v6-m/nofp\libgcc.a(unwind-arm.o)
 .ARM.extab.text.__gnu_Unwind_Backtrace
                0x0800a95c        0xc C:/Program Files (x86)/Arm GNU Toolchain arm-none-eabi/14.2 rel1/bin/../lib/gcc/arm-none-eabi/14.2.1/thumb/v6-m/nofp\libgcc.a(unwind-arm.o)
 .ARM.extab.text.__gnu_unwind_pr_common
                0x0800a968        0xc C:/Program Files (x86)/Arm GNU Toolchain arm-none-eabi/14.2 rel1/bin/../lib/gcc/arm-none-eabi/14.2.1/thumb/v6-m/nofp\libgcc.a(unwind-arm.o)
 .ARM.extab.text._Unwind_VRS_Pop
                0x0800a974        0xc C:/Program Files (x86)/Arm GNU Toolchain arm-none-eabi/14.2 rel1/bin/../lib/gcc/arm-none-eabi/14.2.1/thumb/v6-m/nofp\libgcc.a(unwind-arm.o)
 .ARM.extab.text.__gnu_unwind_execute
                0x0800a980        0xc C:/Program Files (x86)/Arm GNU Toolchain arm-none-eabi/14.2 rel1/bin/../lib/gcc/arm-none-eabi/14.2.1/thumb/v6-m/nofp\libgcc.a(pr-support.o)

.ARM            0x0800a98c      0x178
                0x0800a98c                        __exidx_start = .
 *(.ARM.exidx*)
 .ARM.exidx.text._Z25ADC_Set_USB_cc_read_stateb
                0x0800a98c        0x8 ./Build/Src/adc.o
 .ARM.exidx.text._Z8ADC_Initv
                0x0800a994        0x8 ./Build/Src/adc.o
 .ARM.exidx.text._Z21PY32_ADC_Temp_to_degCm
                0x0800a99c        0x8 ./Build/Src/adc.o
 .ARM.exidx.text._Z28ADC_to_thermistor_resistancem
                0x0800a9a4        0x0 ./Build/Src/adc.o
                                  0x8 (size before relaxing)
 .ARM.exidx.text._Z27thermistor_r_to_temperaturem
                0x0800a9a4        0x0 ./Build/Src/adc.o
                                  0x8 (size before relaxing)
 .ARM.exidx.text._Z8ADC_Readv
                0x0800a9a4        0x8 ./Build/Src/adc.o
 .ARM.exidx.text._Z12PIDTimer_ISRv
                0x0800a9ac        0x8 ./Build/Src/main.o
 .ARM.exidx.text._Z15MinuteTimer_ISRv
                0x0800a9b4        0x0 ./Build/Src/main.o
                                  0x8 (size before relaxing)
 .ARM.exidx.text._Z18DataCollection_ISRv
                0x0800a9b4        0x0 ./Build/Src/main.o
                                  0x8 (size before relaxing)
 .ARM.exidx.text._Z18ActuationDelay_ISRv
                0x0800a9b4        0x0 ./Build/Src/main.o
                                  0x8 (size before relaxing)
 .ARM.exidx.text._Z16DelayedStart_ISRv
                0x0800a9b4        0x0 ./Build/Src/main.o
                                  0x8 (size before relaxing)
 .ARM.exidx.text._Z11LogData_ISRv
                0x0800a9b4        0x0 ./Build/Src/main.o
                                  0x8 (size before relaxing)
 .ARM.exidx.text._Z12PWMTimer_ISRv
                0x0800a9b4        0x8 ./Build/Src/main.o
 .ARM.exidx.text._Z12LEDTimer_ISRv
                0x0800a9bc        0x8 ./Build/Src/main.o
 .ARM.exidx.text._Z9print_UIDv
                0x0800a9c4        0x8 ./Build/Src/main.o
 .ARM.exidx.text._Z8pid_init8heater_t7CONTROL
                0x0800a9cc        0x8 ./Build/Src/main.o
 .ARM.exidx.text._Z14power_on_testsv
                0x0800a9d4        0x8 ./Build/Src/main.o
 .ARM.exidx.text._Z13init_adc_datav
                0x0800a9dc        0x8 ./Build/Src/main.o
 .ARM.exidx.text._Z15start_naat_testv
                0x0800a9e4        0x0 ./Build/Src/main.o
                                  0x8 (size before relaxing)
 .ARM.exidx.text._Z14stop_naat_testv
                0x0800a9e4        0x8 ./Build/Src/main.o
 .ARM.exidx.text._Z9Data_initv
                0x0800a9ec        0x8 ./Build/Src/main.o
 .ARM.exidx.text._Z16ADC_data_collectv
                0x0800a9f4        0x8 ./Build/Src/main.o
 .ARM.exidx.text._Z10Update_PIDv
                0x0800a9fc        0x8 ./Build/Src/main.o
 .ARM.exidx.text._Z14print_log_datav
                0x0800aa04        0x8 ./Build/Src/main.o
 .ARM.exidx.text._Z14send_max_tempsv
                0x0800aa0c        0x8 ./Build/Src/main.o
 .ARM.exidx.text._Z15APP_UpdateStatev
                0x0800aa14        0x8 ./Build/Src/main.o
 .ARM.exidx.text._Z9GPIO_Initv
                0x0800aa1c        0x8 ./Build/Src/main.o
 .ARM.exidx.text._Z16APP_ErrorHandlerh
                0x0800aa24        0x8 ./Build/Src/main.o
 .ARM.exidx.text._Z9UART_Initv
                0x0800aa2c        0x8 ./Build/Src/main.o
 .ARM.exidx.text._Z12system_setupv
                0x0800aa34        0x8 ./Build/Src/main.o
 .ARM.exidx.text.startup.main
                0x0800aa3c        0x8 ./Build/Src/main.o
 .ARM.exidx.text._Z19pid_controller_init8heater_tffffif
                0x0800aa44        0x8 ./Build/Src/pid.o
 .ARM.exidx.text._Z22pid_controller_compute8heater_tf
                0x0800aa4c        0x8 ./Build/Src/pid.o
 .ARM.exidx.text._Z10TIMER_Initv
                0x0800aa54        0x8 ./Build/Src/timers.o
 .ARM.exidx.text._Z14Register_timerPFvvEm
                0x0800aa5c        0x8 ./Build/Src/timers.o
 .ARM.exidx.text._Z12Enable_timera
                0x0800aa64        0x0 ./Build/Src/timers.o
                                  0x8 (size before relaxing)
 .ARM.exidx.text._Z13Disable_timera
                0x0800aa64        0x0 ./Build/Src/timers.o
                                  0x8 (size before relaxing)
 .ARM.exidx.text._Z24Update_TimerTickIntervalam
                0x0800aa64        0x0 ./Build/Src/timers.o
                                  0x8 (size before relaxing)
 .ARM.exidx.text.HAL_TIM_PeriodElapsedCallback
                0x0800aa64        0x8 ./Build/Src/timers.o
 .ARM.exidx.text._Z21APP_SystemClockConfigv
                0x0800aa6c       0x10 ./Build/Src/timers.o
                                  0x8 (size before relaxing)
 .ARM.exidx.text.selfrel_offset31
                0x0800aa7c        0x0 C:/Program Files (x86)/Arm GNU Toolchain arm-none-eabi/14.2 rel1/bin/../lib/gcc/arm-none-eabi/14.2.1/thumb/v6-m/nofp\libgcc.a(unwind-arm.o)
                                  0x8 (size before relaxing)
 .ARM.exidx.text.search_EIT_table
                0x0800aa7c        0x0 C:/Program Files (x86)/Arm GNU Toolchain arm-none-eabi/14.2 rel1/bin/../lib/gcc/arm-none-eabi/14.2.1/thumb/v6-m/nofp\libgcc.a(unwind-arm.o)
                                  0x8 (size before relaxing)
 .ARM.exidx.text.__gnu_unwind_get_pr_addr
                0x0800aa7c        0x0 C:/Program Files (x86)/Arm GNU Toolchain arm-none-eabi/14.2 rel1/bin/../lib/gcc/arm-none-eabi/14.2.1/thumb/v6-m/nofp\libgcc.a(unwind-arm.o)
                                  0x8 (size before relaxing)
 .ARM.exidx.text.get_eit_entry
                0x0800aa7c        0x8 C:/Program Files (x86)/Arm GNU Toolchain arm-none-eabi/14.2 rel1/bin/../lib/gcc/arm-none-eabi/14.2.1/thumb/v6-m/nofp\libgcc.a(unwind-arm.o)
 .ARM.exidx.text.restore_non_core_regs
                0x0800aa84        0x8 C:/Program Files (x86)/Arm GNU Toolchain arm-none-eabi/14.2 rel1/bin/../lib/gcc/arm-none-eabi/14.2.1/thumb/v6-m/nofp\libgcc.a(unwind-arm.o)
 .ARM.exidx.text._Unwind_decode_typeinfo_ptr.constprop.0
                0x0800aa8c        0x8 C:/Program Files (x86)/Arm GNU Toolchain arm-none-eabi/14.2 rel1/bin/../lib/gcc/arm-none-eabi/14.2.1/thumb/v6-m/nofp\libgcc.a(unwind-arm.o)
 .ARM.exidx.text._Unwind_DebugHook
                0x0800aa94        0x0 C:/Program Files (x86)/Arm GNU Toolchain arm-none-eabi/14.2 rel1/bin/../lib/gcc/arm-none-eabi/14.2.1/thumb/v6-m/nofp\libgcc.a(unwind-arm.o)
                                  0x8 (size before relaxing)
 .ARM.exidx.text.unwind_phase2
                0x0800aa94        0x8 C:/Program Files (x86)/Arm GNU Toolchain arm-none-eabi/14.2 rel1/bin/../lib/gcc/arm-none-eabi/14.2.1/thumb/v6-m/nofp\libgcc.a(unwind-arm.o)
 .ARM.exidx.text.unwind_phase2_forced
                0x0800aa9c        0x8 C:/Program Files (x86)/Arm GNU Toolchain arm-none-eabi/14.2 rel1/bin/../lib/gcc/arm-none-eabi/14.2.1/thumb/v6-m/nofp\libgcc.a(unwind-arm.o)
 .ARM.exidx.text.__gnu_Unwind_RaiseException
                0x0800aaa4        0x8 C:/Program Files (x86)/Arm GNU Toolchain arm-none-eabi/14.2 rel1/bin/../lib/gcc/arm-none-eabi/14.2.1/thumb/v6-m/nofp\libgcc.a(unwind-arm.o)
 .ARM.exidx.text.__gnu_Unwind_ForcedUnwind
                0x0800aaac        0x8 C:/Program Files (x86)/Arm GNU Toolchain arm-none-eabi/14.2 rel1/bin/../lib/gcc/arm-none-eabi/14.2.1/thumb/v6-m/nofp\libgcc.a(unwind-arm.o)
 .ARM.exidx.text.__gnu_Unwind_Resume
                0x0800aab4        0x8 C:/Program Files (x86)/Arm GNU Toolchain arm-none-eabi/14.2 rel1/bin/../lib/gcc/arm-none-eabi/14.2.1/thumb/v6-m/nofp\libgcc.a(unwind-arm.o)
 .ARM.exidx.text.__gnu_Unwind_Resume_or_Rethrow
                0x0800aabc        0x8 C:/Program Files (x86)/Arm GNU Toolchain arm-none-eabi/14.2 rel1/bin/../lib/gcc/arm-none-eabi/14.2.1/thumb/v6-m/nofp\libgcc.a(unwind-arm.o)
 .ARM.exidx.text._Unwind_VRS_Get
                0x0800aac4        0x8 C:/Program Files (x86)/Arm GNU Toolchain arm-none-eabi/14.2 rel1/bin/../lib/gcc/arm-none-eabi/14.2.1/thumb/v6-m/nofp\libgcc.a(unwind-arm.o)
 .ARM.exidx.text._Unwind_GetGR
                0x0800aacc        0x0 C:/Program Files (x86)/Arm GNU Toolchain arm-none-eabi/14.2 rel1/bin/../lib/gcc/arm-none-eabi/14.2.1/thumb/v6-m/nofp\libgcc.a(unwind-arm.o)
                                  0x8 (size before relaxing)
 .ARM.exidx.text._Unwind_VRS_Set
                0x0800aacc        0x0 C:/Program Files (x86)/Arm GNU Toolchain arm-none-eabi/14.2 rel1/bin/../lib/gcc/arm-none-eabi/14.2.1/thumb/v6-m/nofp\libgcc.a(unwind-arm.o)
                                  0x8 (size before relaxing)
 .ARM.exidx.text._Unwind_SetGR
                0x0800aacc        0x0 C:/Program Files (x86)/Arm GNU Toolchain arm-none-eabi/14.2 rel1/bin/../lib/gcc/arm-none-eabi/14.2.1/thumb/v6-m/nofp\libgcc.a(unwind-arm.o)
                                  0x8 (size before relaxing)
 .ARM.exidx.text.__gnu_Unwind_Backtrace
                0x0800aacc        0x8 C:/Program Files (x86)/Arm GNU Toolchain arm-none-eabi/14.2 rel1/bin/../lib/gcc/arm-none-eabi/14.2.1/thumb/v6-m/nofp\libgcc.a(unwind-arm.o)
 .ARM.exidx.text.__gnu_unwind_pr_common
                0x0800aad4        0x8 C:/Program Files (x86)/Arm GNU Toolchain arm-none-eabi/14.2 rel1/bin/../lib/gcc/arm-none-eabi/14.2.1/thumb/v6-m/nofp\libgcc.a(unwind-arm.o)
 .ARM.exidx.text.__aeabi_unwind_cpp_pr0
                0x0800aadc        0x8 C:/Program Files (x86)/Arm GNU Toolchain arm-none-eabi/14.2 rel1/bin/../lib/gcc/arm-none-eabi/14.2.1/thumb/v6-m/nofp\libgcc.a(unwind-arm.o)
 .ARM.exidx.text.__aeabi_unwind_cpp_pr1
                0x0800aae4        0x0 C:/Program Files (x86)/Arm GNU Toolchain arm-none-eabi/14.2 rel1/bin/../lib/gcc/arm-none-eabi/14.2.1/thumb/v6-m/nofp\libgcc.a(unwind-arm.o)
                                  0x8 (size before relaxing)
 .ARM.exidx.text.__aeabi_unwind_cpp_pr2
                0x0800aae4        0x0 C:/Program Files (x86)/Arm GNU Toolchain arm-none-eabi/14.2 rel1/bin/../lib/gcc/arm-none-eabi/14.2.1/thumb/v6-m/nofp\libgcc.a(unwind-arm.o)
                                  0x8 (size before relaxing)
 .ARM.exidx.text._Unwind_VRS_Pop
                0x0800aae4        0x8 C:/Program Files (x86)/Arm GNU Toolchain arm-none-eabi/14.2 rel1/bin/../lib/gcc/arm-none-eabi/14.2.1/thumb/v6-m/nofp\libgcc.a(unwind-arm.o)
 .ARM.exidx.text.next_unwind_byte
                0x0800aaec        0x8 C:/Program Files (x86)/Arm GNU Toolchain arm-none-eabi/14.2 rel1/bin/../lib/gcc/arm-none-eabi/14.2.1/thumb/v6-m/nofp\libgcc.a(pr-support.o)
 .ARM.exidx.text.__gnu_unwind_execute
                0x0800aaf4       0x10 C:/Program Files (x86)/Arm GNU Toolchain arm-none-eabi/14.2 rel1/bin/../lib/gcc/arm-none-eabi/14.2.1/thumb/v6-m/nofp\libgcc.a(pr-support.o)
                                  0x8 (size before relaxing)
                0x0800ab04                        __exidx_end = .

.rel.dyn        0x0800ab04        0x0
 .rel.iplt      0x0800ab04        0x0 C:/Program Files (x86)/Arm GNU Toolchain arm-none-eabi/14.2 rel1/bin/../lib/gcc/arm-none-eabi/14.2.1/thumb/v6-m/nofp/crtbegin.o

.preinit_array  0x0800ab04        0x0
                0x0800ab04                        PROVIDE (__preinit_array_start = .)
 *(.preinit_array*)
                0x0800ab04                        PROVIDE (__preinit_array_end = .)

.init_array     0x0800ab04        0x4
                0x0800ab04                        PROVIDE (__init_array_start = .)
 *(SORT_BY_NAME(.init_array.*))
 *(.init_array*)
 .init_array    0x0800ab04        0x4 C:/Program Files (x86)/Arm GNU Toolchain arm-none-eabi/14.2 rel1/bin/../lib/gcc/arm-none-eabi/14.2.1/thumb/v6-m/nofp/crtbegin.o
                0x0800ab08                        PROVIDE (__init_array_end = .)

.fini_array     0x0800ab08        0x4
                [!provide]                        PROVIDE (__fini_array_start = .)
 *(SORT_BY_NAME(.fini_array.*))
 *(.fini_array*)
 .fini_array    0x0800ab08        0x4 C:/Program Files (x86)/Arm GNU Toolchain arm-none-eabi/14.2 rel1/bin/../lib/gcc/arm-none-eabi/14.2.1/thumb/v6-m/nofp/crtbegin.o
                [!provide]                        PROVIDE (__fini_array_end = .)
                0x0800ab0c                        _sidata = LOADADDR (.data)

.data           0x200000c0      0x324 load address 0x0800ab0c
                0x200000c0                        . = ALIGN (0x4)
                0x200000c0                        _sdata = .
 *(.data)
 *(.data*)
 .data.__sglue  0x200000c0        0xc C:/Program Files (x86)/Arm GNU Toolchain arm-none-eabi/14.2 rel1/bin/../lib/gcc/arm-none-eabi/14.2.1/thumb/v6-m/nofp\libc_nano.a(libc_a-findfp.o)
                0x200000c0                __sglue
 .data._impure_ptr
                0x200000cc        0x4 C:/Program Files (x86)/Arm GNU Toolchain arm-none-eabi/14.2 rel1/bin/../lib/gcc/arm-none-eabi/14.2.1/thumb/v6-m/nofp\libc_nano.a(libc_a-impure.o)
                0x200000cc                _impure_ptr
 .data._impure_data
                0x200000d0       0x4c C:/Program Files (x86)/Arm GNU Toolchain arm-none-eabi/14.2 rel1/bin/../lib/gcc/arm-none-eabi/14.2.1/thumb/v6-m/nofp\libc_nano.a(libc_a-impure.o)
                0x200000d0                _impure_data
 .data.__global_locale
                0x2000011c      0x16c C:/Program Files (x86)/Arm GNU Toolchain arm-none-eabi/14.2 rel1/bin/../lib/gcc/arm-none-eabi/14.2.1/thumb/v6-m/nofp\libc_nano.a(libc_a-locale.o)
                0x2000011c                __global_locale
 .data.uwTickFreq
                0x20000288        0x4 ./Build/Libraries/PY32F0xx_HAL_Driver/Src/py32f0xx_hal.o
                0x20000288                uwTickFreq
 .data.uwTickPrio
                0x2000028c        0x4 ./Build/Libraries/PY32F0xx_HAL_Driver/Src/py32f0xx_hal.o
                0x2000028c                uwTickPrio
 .data.SystemCoreClock
                0x20000290        0x4 ./Build/Libraries/CMSIS/Device/PY32F0xx/Source/system_py32f0xx.o
                0x20000290                SystemCoreClock
 .data.valve_amp_control
                0x20000294       0xa8 ./Build/Src/main.o
                0x20000294                valve_amp_control
 .data.sample_amp_control
                0x2000033c       0xa8 ./Build/Src/main.o
                0x2000033c                sample_amp_control
                0x200003e4                        . = ALIGN (0x4)
                0x200003e4                        _edata = .

.tm_clone_table
                0x200003e4        0x0 load address 0x0800ae30
 .tm_clone_table
                0x200003e4        0x0 C:/Program Files (x86)/Arm GNU Toolchain arm-none-eabi/14.2 rel1/bin/../lib/gcc/arm-none-eabi/14.2.1/thumb/v6-m/nofp/crtbegin.o
 .tm_clone_table
                0x200003e4        0x0 C:/Program Files (x86)/Arm GNU Toolchain arm-none-eabi/14.2 rel1/bin/../lib/gcc/arm-none-eabi/14.2.1/thumb/v6-m/nofp/crtend.o

.igot.plt       0x200003e4        0x0 load address 0x0800ae30
 .igot.plt      0x200003e4        0x0 C:/Program Files (x86)/Arm GNU Toolchain arm-none-eabi/14.2 rel1/bin/../lib/gcc/arm-none-eabi/14.2.1/thumb/v6-m/nofp/crtbegin.o
                0x200003e4                        . = ALIGN (0x4)

.bss            0x200003e8      0x6ec load address 0x0800ae30
                0x200003e8                        _sbss = .
                0x200003e8                        __bss_start__ = _sbss
 *(.bss)
 *(.bss*)
 .bss.completed.1
                0x200003e8        0x1 C:/Program Files (x86)/Arm GNU Toolchain arm-none-eabi/14.2 rel1/bin/../lib/gcc/arm-none-eabi/14.2.1/thumb/v6-m/nofp/crtbegin.o
 *fill*         0x200003e9        0x3 
 .bss.object.0  0x200003ec       0x18 C:/Program Files (x86)/Arm GNU Toolchain arm-none-eabi/14.2 rel1/bin/../lib/gcc/arm-none-eabi/14.2.1/thumb/v6-m/nofp/crtbegin.o
 .bss.__sf      0x20000404      0x138 C:/Program Files (x86)/Arm GNU Toolchain arm-none-eabi/14.2 rel1/bin/../lib/gcc/arm-none-eabi/14.2.1/thumb/v6-m/nofp\libc_nano.a(libc_a-findfp.o)
                0x20000404                __sf
 .bss.__stdio_exit_handler
                0x2000053c        0x4 C:/Program Files (x86)/Arm GNU Toolchain arm-none-eabi/14.2 rel1/bin/../lib/gcc/arm-none-eabi/14.2.1/thumb/v6-m/nofp\libc_nano.a(libc_a-findfp.o)
                0x2000053c                __stdio_exit_handler
 .bss.errno     0x20000540        0x4 C:/Program Files (x86)/Arm GNU Toolchain arm-none-eabi/14.2 rel1/bin/../lib/gcc/arm-none-eabi/14.2.1/thumb/v6-m/nofp\libc_nano.a(libc_a-reent.o)
                0x20000540                errno
 .bss.__lock___malloc_recursive_mutex
                0x20000544        0x1 C:/Program Files (x86)/Arm GNU Toolchain arm-none-eabi/14.2 rel1/bin/../lib/gcc/arm-none-eabi/14.2.1/thumb/v6-m/nofp\libc_nano.a(libc_a-lock.o)
                0x20000544                __lock___malloc_recursive_mutex
 .bss.__lock___sfp_recursive_mutex
                0x20000545        0x1 C:/Program Files (x86)/Arm GNU Toolchain arm-none-eabi/14.2 rel1/bin/../lib/gcc/arm-none-eabi/14.2.1/thumb/v6-m/nofp\libc_nano.a(libc_a-lock.o)
                0x20000545                __lock___sfp_recursive_mutex
 *fill*         0x20000546        0x2 
 .bss.__malloc_sbrk_start
                0x20000548        0x4 C:/Program Files (x86)/Arm GNU Toolchain arm-none-eabi/14.2 rel1/bin/../lib/gcc/arm-none-eabi/14.2.1/thumb/v6-m/nofp\libc_nano.a(libc_a-mallocr.o)
                0x20000548                __malloc_sbrk_start
 .bss.__malloc_free_list
                0x2000054c        0x4 C:/Program Files (x86)/Arm GNU Toolchain arm-none-eabi/14.2 rel1/bin/../lib/gcc/arm-none-eabi/14.2.1/thumb/v6-m/nofp\libc_nano.a(libc_a-mallocr.o)
                0x2000054c                __malloc_free_list
 .bss.uwTick    0x20000550        0x4 ./Build/Libraries/PY32F0xx_HAL_Driver/Src/py32f0xx_hal.o
                0x20000550                uwTick
 .bss.DebugUartHandle
                0x20000554       0x4c ./Build/Libraries/PY32F0xx_HAL_BSP/Src/py32f0xx_bsp_printf.o
                0x20000554                DebugUartHandle
 .bss.temperature_cal
                0x200005a0        0x4 ./Build/Src/adc.o
                0x200005a0                temperature_cal
 .bss.AdcChanConf
                0x200005a4        0xc ./Build/Src/adc.o
                0x200005a4                AdcChanConf
 .bss.AdcHandle
                0x200005b0       0x40 ./Build/Src/adc.o
                0x200005b0                AdcHandle
 .bss.pwm_valve_ctrl
                0x200005f0       0x30 ./Build/Src/main.o
                0x200005f0                pwm_valve_ctrl
 .bss.pwm_amp_ctrl
                0x20000620       0x30 ./Build/Src/main.o
                0x20000620                pwm_amp_ctrl
 .bss.outputStr
                0x20000650      0x100 ./Build/Src/main.o
                0x20000650                outputStr
 .bss.last_pushbutton_value
                0x20000750        0x1 ./Build/Src/main.o
                0x20000750                last_pushbutton_value
 .bss.pushbutton_value
                0x20000751        0x1 ./Build/Src/main.o
                0x20000751                pushbutton_value
 .bss.ActuationDelayTimerNumber
                0x20000752        0x1 ./Build/Src/main.o
                0x20000752                ActuationDelayTimerNumber
 .bss.LogTimerNumber
                0x20000753        0x1 ./Build/Src/main.o
                0x20000753                LogTimerNumber
 .bss.DelayedStartTimerNumber
                0x20000754        0x1 ./Build/Src/main.o
                0x20000754                DelayedStartTimerNumber
 .bss.DataCollectionTimerNumber
                0x20000755        0x1 ./Build/Src/main.o
                0x20000755                DataCollectionTimerNumber
 .bss.MinuteTimerNumber
                0x20000756        0x1 ./Build/Src/main.o
                0x20000756                MinuteTimerNumber
 .bss.PIDTimerNumber
                0x20000757        0x1 ./Build/Src/main.o
                0x20000757                PIDTimerNumber
 .bss.LEDTimerNumber
                0x20000758        0x1 ./Build/Src/main.o
                0x20000758                LEDTimerNumber
 .bss.PWMTimerNumber
                0x20000759        0x1 ./Build/Src/main.o
                0x20000759                PWMTimerNumber
 .bss.flags     0x2000075a        0x8 ./Build/Src/main.o
                0x2000075a                flags
 *fill*         0x20000762        0x2 
 .bss.data      0x20000764       0xa8 ./Build/Src/main.o
                0x20000764                data
 .bss.Pins      0x2000080c       0x7c ./Build/Src/main.o
                0x2000080c                Pins
 .bss.AdcPinStruct
                0x20000888       0x14 ./Build/Src/main.o
                0x20000888                AdcPinStruct
 .bss.GpioInitStruct
                0x2000089c       0x14 ./Build/Src/main.o
                0x2000089c                GpioInitStruct
 .bss.UartHandle
                0x200008b0       0x4c ./Build/Src/main.o
                0x200008b0                UartHandle
 .bss.pid_data  0x200008fc       0x98 ./Build/Src/pid.o
                0x200008fc                pid_data
 .bss._ZZ29HAL_TIM_PeriodElapsedCallbackE15msec_subcounter
                0x20000994        0x1 ./Build/Src/timers.o
 *fill*         0x20000995        0x3 
 .bss.ISRTimers
                0x20000998       0xf0 ./Build/Src/timers.o
                0x20000998                ISRTimers
 .bss.Registered_ISRTimers
                0x20000a88        0x1 ./Build/Src/timers.o
                0x20000a88                Registered_ISRTimers
 *fill*         0x20000a89        0x3 
 .bss.TIM1_tick_count
                0x20000a8c        0x4 ./Build/Src/timers.o
                0x20000a8c                TIM1_tick_count
 .bss.tim1Handle
                0x20000a90       0x40 ./Build/Src/timers.o
                0x20000a90                tim1Handle
 .bss.heap_end.0
                0x20000ad0        0x4 C:/Program Files (x86)/Arm GNU Toolchain arm-none-eabi/14.2 rel1/bin/../lib/gcc/arm-none-eabi/14.2.1/thumb/v6-m/nofp\libnosys.a(sbrk.o)
 *(COMMON)
                0x20000ad4                        . = ALIGN (0x4)
                0x20000ad4                        _ebss = .
                0x20000ad4                        __bss_end__ = _ebss

._user_heap_stack
                0x20000ad4      0x604 load address 0x0800ae30
                0x20000ad8                        . = ALIGN (0x8)
 *fill*         0x20000ad4        0x4 
                0x20000ad8                        PROVIDE (end = .)
                [!provide]                        PROVIDE (_end = .)
                0x20000cd8                        . = (. + _Min_Heap_Size)
 *fill*         0x20000ad8      0x200 
                0x200010d8                        . = (. + _Min_Stack_Size)
 *fill*         0x20000cd8      0x400 
                0x200010d8                        . = ALIGN (0x8)

/DISCARD/
 libc.a(*)
 libm.a(*)
 libgcc.a(*)

.ARM.attributes
                0x00000000       0x28
 *(.ARM.attributes)
 .ARM.attributes
                0x00000000       0x1e C:/Program Files (x86)/Arm GNU Toolchain arm-none-eabi/14.2 rel1/bin/../lib/gcc/arm-none-eabi/14.2.1/thumb/v6-m/nofp/crti.o
 .ARM.attributes
                0x0000001e       0x2c C:/Program Files (x86)/Arm GNU Toolchain arm-none-eabi/14.2 rel1/bin/../lib/gcc/arm-none-eabi/14.2.1/thumb/v6-m/nofp/crtbegin.o
 .ARM.attributes
                0x0000004a       0x2c C:/Program Files (x86)/Arm GNU Toolchain arm-none-eabi/14.2 rel1/bin/../lib/gcc/arm-none-eabi/14.2.1/thumb/v6-m/nofp\libc_nano.a(libc_a-nano-vfprintf_float.o)
 .ARM.attributes
                0x00000076       0x2c C:/Program Files (x86)/Arm GNU Toolchain arm-none-eabi/14.2 rel1/bin/../lib/gcc/arm-none-eabi/14.2.1/thumb/v6-m/nofp\libc_nano.a(libc_a-nano-vfprintf_i.o)
 .ARM.attributes