Archive member included to satisfy reference by file (symbol)

C:/Program Files (x86)/Arm GNU Toolchain arm-none-eabi/14.2 rel1/bin/../lib/gcc/arm-none-eabi/14.2.1/thumb/v6-m/nofp\libc_nano.a(libc_a-exit.o)
                              C:/Program Files (x86)/Arm GNU Toolchain arm-none-eabi/14.2 rel1/bin/../lib/gcc/arm-none-eabi/14.2.1/thumb/v6-m/nofp/crt0.o (exit)
C:/Program Files (x86)/Arm GNU Toolchain arm-none-eabi/14.2 rel1/bin/../lib/gcc/arm-none-eabi/14.2.1/thumb/v6-m/nofp\libc_nano.a(libc_a-nano-vfprintf_float.o)
                              (_printf_float)
C:/Program Files (x86)/Arm GNU Toolchain arm-none-eabi/14.2 rel1/bin/../lib/gcc/arm-none-eabi/14.2.1/thumb/v6-m/nofp\libc_nano.a(libc_a-nano-vfprintf_i.o)
                              C:/Program Files (x86)/Arm GNU Toolchain arm-none-eabi/14.2 rel1/bin/../lib/gcc/arm-none-eabi/14.2.1/thumb/v6-m/nofp\libc_nano.a(libc_a-nano-vfprintf_float.o) (_printf_common)
C:/Program Files (x86)/Arm GNU Toolchain arm-none-eabi/14.2 rel1/bin/../lib/gcc/arm-none-eabi/14.2.1/thumb/v6-m/nofp\libc_nano.a(libc_a-findfp.o)
                              C:/Program Files (x86)/Arm GNU Toolchain arm-none-eabi/14.2 rel1/bin/../lib/gcc/arm-none-eabi/14.2.1/thumb/v6-m/nofp\libc_nano.a(libc_a-exit.o) (__stdio_exit_handler)
C:/Program Files (x86)/Arm GNU Toolchain arm-none-eabi/14.2 rel1/bin/../lib/gcc/arm-none-eabi/14.2.1/thumb/v6-m/nofp\libc_nano.a(libc_a-fwalk.o)
                              C:/Program Files (x86)/Arm GNU Toolchain arm-none-eabi/14.2 rel1/bin/../lib/gcc/arm-none-eabi/14.2.1/thumb/v6-m/nofp\libc_nano.a(libc_a-findfp.o) (_fwalk_sglue)
C:/Program Files (x86)/Arm GNU Toolchain arm-none-eabi/14.2 rel1/bin/../lib/gcc/arm-none-eabi/14.2.1/thumb/v6-m/nofp\libc_nano.a(libc_a-stdio.o)
                              C:/Program Files (x86)/Arm GNU Toolchain arm-none-eabi/14.2 rel1/bin/../lib/gcc/arm-none-eabi/14.2.1/thumb/v6-m/nofp\libc_nano.a(libc_a-findfp.o) (__sread)
C:/Program Files (x86)/Arm GNU Toolchain arm-none-eabi/14.2 rel1/bin/../lib/gcc/arm-none-eabi/14.2.1/thumb/v6-m/nofp\libc_nano.a(libc_a-memset.o)
                              C:/Program Files (x86)/Arm GNU Toolchain arm-none-eabi/14.2 rel1/bin/../lib/gcc/arm-none-eabi/14.2.1/thumb/v6-m/nofp/crt0.o (memset)
C:/Program Files (x86)/Arm GNU Toolchain arm-none-eabi/14.2 rel1/bin/../lib/gcc/arm-none-eabi/14.2.1/thumb/v6-m/nofp\libc_nano.a(libc_a-localeconv.o)
                              C:/Program Files (x86)/Arm GNU Toolchain arm-none-eabi/14.2 rel1/bin/../lib/gcc/arm-none-eabi/14.2.1/thumb/v6-m/nofp\libc_nano.a(libc_a-nano-vfprintf_float.o) (_localeconv_r)
C:/Program Files (x86)/Arm GNU Toolchain arm-none-eabi/14.2 rel1/bin/../lib/gcc/arm-none-eabi/14.2.1/thumb/v6-m/nofp\libc_nano.a(libc_a-closer.o)
                              C:/Program Files (x86)/Arm GNU Toolchain arm-none-eabi/14.2 rel1/bin/../lib/gcc/arm-none-eabi/14.2.1/thumb/v6-m/nofp\libc_nano.a(libc_a-stdio.o) (_close_r)
C:/Program Files (x86)/Arm GNU Toolchain arm-none-eabi/14.2 rel1/bin/../lib/gcc/arm-none-eabi/14.2.1/thumb/v6-m/nofp\libc_nano.a(libc_a-reent.o)
                              C:/Program Files (x86)/Arm GNU Toolchain arm-none-eabi/14.2 rel1/bin/../lib/gcc/arm-none-eabi/14.2.1/thumb/v6-m/nofp\libc_nano.a(libc_a-closer.o) (errno)
C:/Program Files (x86)/Arm GNU Toolchain arm-none-eabi/14.2 rel1/bin/../lib/gcc/arm-none-eabi/14.2.1/thumb/v6-m/nofp\libc_nano.a(libc_a-impure.o)
                              C:/Program Files (x86)/Arm GNU Toolchain arm-none-eabi/14.2 rel1/bin/../lib/gcc/arm-none-eabi/14.2.1/thumb/v6-m/nofp\libc_nano.a(libc_a-reent.o) (_impure_ptr)
C:/Program Files (x86)/Arm GNU Toolchain arm-none-eabi/14.2 rel1/bin/../lib/gcc/arm-none-eabi/14.2.1/thumb/v6-m/nofp\libc_nano.a(libc_a-lseekr.o)
                              C:/Program Files (x86)/Arm GNU Toolchain arm-none-eabi/14.2 rel1/bin/../lib/gcc/arm-none-eabi/14.2.1/thumb/v6-m/nofp\libc_nano.a(libc_a-stdio.o) (_lseek_r)
C:/Program Files (x86)/Arm GNU Toolchain arm-none-eabi/14.2 rel1/bin/../lib/gcc/arm-none-eabi/14.2.1/thumb/v6-m/nofp\libc_nano.a(libc_a-readr.o)
                              C:/Program Files (x86)/Arm GNU Toolchain arm-none-eabi/14.2 rel1/bin/../lib/gcc/arm-none-eabi/14.2.1/thumb/v6-m/nofp\libc_nano.a(libc_a-stdio.o) (_read_r)
C:/Program Files (x86)/Arm GNU Toolchain arm-none-eabi/14.2 rel1/bin/../lib/gcc/arm-none-eabi/14.2.1/thumb/v6-m/nofp\libc_nano.a(libc_a-writer.o)
                              C:/Program Files (x86)/Arm GNU Toolchain arm-none-eabi/14.2 rel1/bin/../lib/gcc/arm-none-eabi/14.2.1/thumb/v6-m/nofp\libc_nano.a(libc_a-stdio.o) (_write_r)
C:/Program Files (x86)/Arm GNU Toolchain arm-none-eabi/14.2 rel1/bin/../lib/gcc/arm-none-eabi/14.2.1/thumb/v6-m/nofp\libc_nano.a(libc_a-init.o)
                              C:/Program Files (x86)/Arm GNU Toolchain arm-none-eabi/14.2 rel1/bin/../lib/gcc/arm-none-eabi/14.2.1/thumb/v6-m/nofp/crt0.o (__libc_init_array)
[...]
Memory Configuration

Name             Origin             Length             Attributes
RAM              0x20000000         0x00002000         xrw
FLASH            0x08000000         0x00010000         xr
*default*        0x00000000         0xffffffff

Linker script and memory map

LOAD C:/Program Files (x86)/Arm GNU Toolchain arm-none-eabi/14.2 rel1/bin/../lib/gcc/arm-none-eabi/14.2.1/thumb/v6-m/nofp/crti.o
LOAD C:/Program Files (x86)/Arm GNU Toolchain arm-none-eabi/14.2 rel1/bin/../lib/gcc/arm-none-eabi/14.2.1/thumb/v6-m/nofp/crtbegin.o
LOAD C:/Program Files (x86)/Arm GNU Toolchain arm-none-eabi/14.2 rel1/bin/../lib/gcc/arm-none-eabi/14.2.1/thumb/v6-m/nofp/crt0.o
LOAD C:/Program Files (x86)/Arm GNU Toolchain arm-none-eabi/14.2 rel1/bin/../lib/gcc/arm-none-eabi/14.2.1/thumb/v6-m/nofp\libc_nano.a
LOAD C:/Program Files (x86)/Arm GNU Toolchain arm-none-eabi/14.2 rel1/bin/../lib/gcc/arm-none-eabi/14.2.1/thumb/v6-m/nofp\libm.a
LOAD ./Build/Src/error_handler.o
LOAD ./Build/Src/py32f0xx_hal_msp.o
LOAD ./Build/Src/py32f0xx_it.o
LOAD ./Build/Src/io/adc_init.o
LOAD ./Build/Src/io/gpio_init.o
LOAD ./Build/Src/io/uart_init.o
LOAD ./Build/Libraries/PY32F0xx_HAL_Driver/Src/py32f0xx_hal.o
LOAD ./Build/Libraries/PY32F0xx_HAL_Driver/Src/py32f0xx_hal_adc.o
LOAD ./Build/Libraries/PY32F0xx_HAL_Driver/Src/py32f0xx_hal_adc_ex.o
LOAD ./Build/Libraries/PY32F0xx_HAL_Driver/Src/py32f0xx_hal_comp.o
LOAD ./Build/Libraries/PY32F0xx_HAL_Driver/Src/py32f0xx_hal_cortex.o
LOAD ./Build/Libraries/PY32F0xx_HAL_Driver/Src/py32f0xx_hal_crc.o
LOAD ./Build/Libraries/PY32F0xx_HAL_Driver/Src/py32f0xx_hal_dma.o
LOAD ./Build/Libraries/PY32F0xx_HAL_Driver/Src/py32f0xx_hal_exti.o
LOAD ./Build/Libraries/PY32F0xx_HAL_Driver/Src/py32f0xx_hal_flash.o
LOAD ./Build/Libraries/PY32F0xx_HAL_Driver/Src/py32f0xx_hal_gpio.o
LOAD ./Build/Libraries/PY32F0xx_HAL_Driver/Src/py32f0xx_hal_i2c.o
LOAD ./Build/Libraries/PY32F0xx_HAL_Driver/Src/py32f0xx_hal_irda.o
LOAD ./Build/Libraries/PY32F0xx_HAL_Driver/Src/py32f0xx_hal_iwdg.o
LOAD ./Build/Libraries/PY32F0xx_HAL_Driver/Src/py32f0xx_hal_led.o
LOAD ./Build/Libraries/PY32F0xx_HAL_Driver/Src/py32f0xx_hal_lptim.o
LOAD ./Build/Libraries/PY32F0xx_HAL_Driver/Src/py32f0xx_hal_pwr.o
LOAD ./Build/Libraries/PY32F0xx_HAL_Driver/Src/py32f0xx_hal_rcc.o
LOAD ./Build/Libraries/PY32F0xx_HAL_Driver/Src/py32f0xx_hal_rcc_ex.o
LOAD ./Build/Libraries/PY32F0xx_HAL_Driver/Src/py32f0xx_hal_rtc.o
LOAD ./Build/Libraries/PY32F0xx_HAL_Driver/Src/py32f0xx_hal_rtc_ex.o
LOAD ./Build/Libraries/PY32F0xx_HAL_Driver/Src/py32f0xx_hal_spi.o
LOAD ./Build/Libraries/PY32F0xx_HAL_Driver/Src/py32f0xx_hal_tim.o
LOAD ./Build/Libraries/PY32F0xx_HAL_Driver/Src/py32f0xx_hal_tim_ex.o
LOAD ./Build/Libraries/PY32F0xx_HAL_Driver/Src/py32f0xx_hal_uart.o
LOAD ./Build/Libraries/PY32F0xx_HAL_Driver/Src/py32f0xx_hal_usart.o
LOAD ./Build/Libraries/PY32F0xx_HAL_Driver/Src/py32f0xx_hal_wwdg.o
LOAD ./Build/Libraries/PY32F0xx_HAL_BSP/Src/py32f0xx_bsp_clock.o
LOAD ./Build/Libraries/PY32F0xx_HAL_BSP/Src/py32f0xx_bsp_led.o
LOAD ./Build/Libraries/PY32F0xx_HAL_BSP/Src/py32f0xx_bsp_printf.o
LOAD ./Build/Libraries/CMSIS/Device/PY32F0xx/Source/system_py32f0xx.o
LOAD ./Build/Src/adc.o
LOAD ./Build/Src/main.o
LOAD ./Build/Src/pid.o
LOAD ./Build/Src/timers.o
LOAD ./Build/Libraries/CMSIS/Device/PY32F0xx/Source/gcc/startup_py32f003.o
START GROUP
LOAD C:/Program Files (x86)/Arm GNU Toolchain arm-none-eabi/14.2 rel1/bin/../lib/gcc/arm-none-eabi/14.2.1/thumb/v6-m/nofp\libgcc.a
LOAD C:/Program Files (x86)/Arm GNU Toolchain arm-none-eabi/14.2 rel1/bin/../lib/gcc/arm-none-eabi/14.2.1/thumb/v6-m/nofp\libc_nano.a
END GROUP
START GROUP
LOAD C:/Program Files (x86)/Arm GNU Toolchain arm-none-eabi/14.2 rel1/bin/../lib/gcc/arm-none-eabi/14.2.1/thumb/v6-m/nofp\libgcc.a
LOAD C:/Program Files (x86)/Arm GNU Toolchain arm-none-eabi/14.2 rel1/bin/../lib/gcc/arm-none-eabi/14.2.1/thumb/v6-m/nofp\libc_nano.a
LOAD C:/Program Files (x86)/Arm GNU Toolchain arm-none-eabi/14.2 rel1/bin/../lib/gcc/arm-none-eabi/14.2.1/thumb/v6-m/nofp\libnosys.a
END GROUP
START GROUP
LOAD C:/Program Files (x86)/Arm GNU Toolchain arm-none-eabi/14.2 rel1/bin/../lib/gcc/arm-none-eabi/14.2.1/thumb/v6-m/nofp\libgcc.a
LOAD C:/Program Files (x86)/Arm GNU Toolchain arm-none-eabi/14.2 rel1/bin/../lib/gcc/arm-none-eabi/14.2.1/thumb/v6-m/nofp\libc_nano.a
LOAD C:/Program Files (x86)/Arm GNU Toolchain arm-none-eabi/14.2 rel1/bin/../lib/gcc/arm-none-eabi/14.2.1/thumb/v6-m/nofp\libnosys.a
END GROUP
LOAD C:/Program Files (x86)/Arm GNU Toolchain arm-none-eabi/14.2 rel1/bin/../lib/gcc/arm-none-eabi/14.2.1/thumb/v6-m/nofp/crtend.o
LOAD C:/Program Files (x86)/Arm GNU Toolchain arm-none-eabi/14.2 rel1/bin/../lib/gcc/arm-none-eabi/14.2.1/thumb/v6-m/nofp/crtn.o
                0x20002000                        _estack = (ORIGIN (RAM) + LENGTH (RAM))
                0x00000200                        _Min_Heap_Size = 0x200
                0x00000400                        _Min_Stack_Size = 0x400

.ram_vector     0x20000000       0xc0
 *(.ram_vector)
 .ram_vector    0x20000000       0xc0 ./Build/Libraries/CMSIS/Device/PY32F0xx/Source/system_py32f0xx.o

.isr_vector     0x08000000       0xc0
                0x08000000                        . = ALIGN (0x4)
 *(.isr_vector)
 .isr_vector    0x08000000       0xc0 ./Build/Libraries/CMSIS/Device/PY32F0xx/Source/gcc/startup_py32f003.o
                0x08000000                g_pfnVectors
                0x080000c0                        . = ALIGN (0x4)

.text           0x080000c0     0xa2a0
                0x080000c0                        . = ALIGN (0x4)
 *(.text)
 .text          0x080000c0        0xe C:/Program Files (x86)/Arm GNU Toolchain arm-none-eabi/14.2 rel1/bin/../lib/gcc/arm-none-eabi/14.2.1/thumb/v6-m/nofp\libc_nano.a(libc_a-strlen.o)
                0x080000c0                strlen
 *fill*         0x080000ce        0x2 
 .text          0x080000d0       0x14 C:/Program Files (x86)/Arm GNU Toolchain arm-none-eabi/14.2 rel1/bin/../lib/gcc/arm-none-eabi/14.2.1/thumb/v6-m/nofp\libgcc.a(_thumb1_case_uqi.o)
                0x080000d0                __gnu_thumb1_case_uqi
 .text          0x080000e4       0x14 C:/Program Files (x86)/Arm GNU Toolchain arm-none-eabi/14.2 rel1/bin/../lib/gcc/arm-none-eabi/14.2.1/thumb/v6-m/nofp\libgcc.a(_thumb1_case_shi.o)
                0x080000e4                __gnu_thumb1_case_shi
 .text          0x080000f8      0x114 C:/Program Files (x86)/Arm GNU Toolchain arm-none-eabi/14.2 rel1/bin/../lib/gcc/arm-none-eabi/14.2.1/thumb/v6-m/nofp\libgcc.a(_udivsi3.o)
                0x080000f8                __aeabi_uidiv
                0x080000f8                __udivsi3
                0x08000204                __aeabi_uidivmod
 .text          0x0800020c      0x1d4 C:/Program Files (x86)/Arm GNU Toolchain arm-none-eabi/14.2 rel1/bin/../lib/gcc/arm-none-eabi/14.2.1/thumb/v6-m/nofp\libgcc.a(_divsi3.o)
                0x0800020c                __divsi3
                0x0800020c                __aeabi_idiv
                0x080003d8                __aeabi_idivmod
 .text          0x080003e0        0x4 C:/Program Files (x86)/Arm GNU Toolchain arm-none-eabi/14.2 rel1/bin/../lib/gcc/arm-none-eabi/14.2.1/thumb/v6-m/nofp\libgcc.a(_dvmd_tls.o)
                0x080003e0                __aeabi_idiv0
                0x080003e0                __aeabi_ldiv0
 .text          0x080003e4       0x7c C:/Program Files (x86)/Arm GNU Toolchain arm-none-eabi/14.2 rel1/bin/../lib/gcc/arm-none-eabi/14.2.1/thumb/v6-m/nofp\libgcc.a(_arm_cmpdf2.o)
                0x080003e4                __aeabi_cdrcmple
                0x080003f4                __aeabi_cdcmple
                0x080003f4                __aeabi_cdcmpeq
                0x08000404                __aeabi_dcmpeq
                0x08000410                __aeabi_dcmplt
                0x08000424                __aeabi_dcmple
                0x08000438                __aeabi_dcmpgt
                0x0800044c                __aeabi_dcmpge
 .text          0x08000460       0x74 C:/Program Files (x86)/Arm GNU Toolchain arm-none-eabi/14.2 rel1/bin/../lib/gcc/arm-none-eabi/14.2.1/thumb/v6-m/nofp\libgcc.a(_arm_cmpsf2.o)
                0x08000460                __aeabi_cfrcmple
                0x08000468                __aeabi_cfcmpeq
                0x08000468                __aeabi_cfcmple
                0x08000478                __aeabi_fcmpeq
                0x08000484                __aeabi_fcmplt
                0x08000498                __aeabi_fcmple
                0x080004ac                __aeabi_fcmpgt
                0x080004c0                __aeabi_fcmpge
 .text          0x080004d4      0x144 C:/Program Files (x86)/Arm GNU Toolchain arm-none-eabi/14.2 rel1/bin/../lib/gcc/arm-none-eabi/14.2.1/thumb/v6-m/nofp\libgcc.a(libunwind.o)
                0x080004d4                __restore_core_regs
                0x080004d4                restore_core_regs
                0x08000500                __gnu_Unwind_Restore_VFP
                0x08000504                __gnu_Unwind_Save_VFP
                0x08000508                __gnu_Unwind_Restore_VFP_D
                0x0800050c                __gnu_Unwind_Save_VFP_D
                0x08000510                __gnu_Unwind_Restore_VFP_D_16_to_31
                0x08000514                __gnu_Unwind_Save_VFP_D_16_to_31
                0x08000518                __gnu_Unwind_Restore_WMMXD
                0x0800051c                __gnu_Unwind_Save_WMMXD
                0x08000520                __gnu_Unwind_Restore_WMMXC
                0x08000524                __gnu_Unwind_Save_WMMXC
                0x08000528                ___Unwind_RaiseException
                0x08000528                _Unwind_RaiseException
                0x08000558                _Unwind_Resume
                0x08000558                ___Unwind_Resume
                0x08000588                _Unwind_Resume_or_Rethrow
                0x08000588                ___Unwind_Resume_or_Rethrow
                0x080005b8                _Unwind_ForcedUnwind
                0x080005b8                ___Unwind_ForcedUnwind
                0x080005e8                ___Unwind_Backtrace
                0x080005e8                _Unwind_Backtrace
 .text          0x08000618       0x3c C:/Program Files (x86)/Arm GNU Toolchain arm-none-eabi/14.2 rel1/bin/../lib/gcc/arm-none-eabi/14.2.1/thumb/v6-m/nofp\libgcc.a(_clzsi2.o)
                0x08000618                __clzsi2
 *(.text*)
 .text.deregister_tm_clones
                0x08000654       0x20 C:/Program Files (x86)/Arm GNU Toolchain arm-none-eabi/14.2 rel1/bin/../lib/gcc/arm-none-eabi/14.2.1/thumb/v6-m/nofp/crtbegin.o
 .text.register_tm_clones
                0x08000674       0x28 C:/Program Files (x86)/Arm GNU Toolchain arm-none-eabi/14.2 rel1/bin/../lib/gcc/arm-none-eabi/14.2.1/thumb/v6-m/nofp/crtbegin.o
 .text.__do_global_dtors_aux
                0x0800069c       0x2c C:/Program Files (x86)/Arm GNU Toolchain arm-none-eabi/14.2 rel1/bin/../lib/gcc/arm-none-eabi/14.2.1/thumb/v6-m/nofp/crtbegin.o
 .text.frame_dummy
                0x080006c8       0x24 C:/Program Files (x86)/Arm GNU Toolchain arm-none-eabi/14.2 rel1/bin/../lib/gcc/arm-none-eabi/14.2.1/thumb/v6-m/nofp/crtbegin.o
 .text.__cvt    0x080006ec       0xcc C:/Program Files (x86)/Arm GNU Toolchain arm-none-eabi/14.2 rel1/bin/../lib/gcc/arm-none-eabi/14.2.1/thumb/v6-m/nofp\libc_nano.a(libc_a-nano-vfprintf_float.o)
                0x080006ec                __cvt
 .text.__exponent
                0x080007b8       0x82 C:/Program Files (x86)/Arm GNU Toolchain arm-none-eabi/14.2 rel1/bin/../lib/gcc/arm-none-eabi/14.2.1/thumb/v6-m/nofp\libc_nano.a(libc_a-nano-vfprintf_float.o)
                0x080007b8                __exponent
 *fill*         0x0800083a        0x2 
 .text._printf_float
                0x0800083c      0x45c C:/Program Files (x86)/Arm GNU Toolchain arm-none-eabi/14.2 rel1/bin/../lib/gcc/arm-none-eabi/14.2.1/thumb/v6-m/nofp\libc_nano.a(libc_a-nano-vfprintf_float.o)
                0x0800083c                _printf_float
 .text._printf_common
                0x08000c98       0xde C:/Program Files (x86)/Arm GNU Toolchain arm-none-eabi/14.2 rel1/bin/../lib/gcc/arm-none-eabi/14.2.1/thumb/v6-m/nofp\libc_nano.a(libc_a-nano-vfprintf_i.o)
                0x08000c98                _printf_common
 *fill*         0x08000d76        0x2 
 .text._printf_i
                0x08000d78      0x218 C:/Program Files (x86)/Arm GNU Toolchain arm-none-eabi/14.2 rel1/bin/../lib/gcc/arm-none-eabi/14.2.1/thumb/v6-m/nofp\libc_nano.a(libc_a-nano-vfprintf_i.o)
                0x08000d78                _printf_i
 .text.std      0x08000f90       0x6c C:/Program Files (x86)/Arm GNU Toolchain arm-none-eabi/14.2 rel1/bin/../lib/gcc/arm-none-eabi/14.2.1/thumb/v6-m/nofp\libc_nano.a(libc_a-findfp.o)
 .text.stdio_exit_handler
                0x08000ffc       0x1c C:/Program Files (x86)/Arm GNU Toolchain arm-none-eabi/14.2 rel1/bin/../lib/gcc/arm-none-eabi/14.2.1/thumb/v6-m/nofp\libc_nano.a(libc_a-findfp.o)
 .text.cleanup_stdio
                0x08001018       0x3c C:/Program Files (x86)/Arm GNU Toolchain arm-none-eabi/14.2 rel1/bin/../lib/gcc/arm-none-eabi/14.2.1/thumb/v6-m/nofp\libc_nano.a(libc_a-findfp.o)
 .text.global_stdio_init.part.0
                0x08001054       0x3c C:/Program Files (x86)/Arm GNU Toolchain arm-none-eabi/14.2 rel1/bin/../lib/gcc/arm-none-eabi/14.2.1/thumb/v6-m/nofp\libc_nano.a(libc_a-findfp.o)
 .text.__sfp_lock_acquire
                0x08001090       0x10 C:/Program Files (x86)/Arm GNU Toolchain arm-none-eabi/14.2 rel1/bin/../lib/gcc/arm-none-eabi/14.2.1/thumb/v6-m/nofp\libc_nano.a(libc_a-findfp.o)
                0x08001090                __sfp_lock_acquire
 .text.__sfp_lock_release
                0x080010a0       0x10 C:/Program Files (x86)/Arm GNU Toolchain arm-none-eabi/14.2 rel1/bin/../lib/gcc/arm-none-eabi/14.2.1/thumb/v6-m/nofp\libc_nano.a(libc_a-findfp.o)
                0x080010a0                __sfp_lock_release
 .text.__sinit  0x080010b0       0x30 C:/Program Files (x86)/Arm GNU Toolchain arm-none-eabi/14.2 rel1/bin/../lib/gcc/arm-none-eabi/14.2.1/thumb/v6-m/nofp\libc_nano.a(libc_a-findfp.o)
                0x080010b0                __sinit
 .text._fwalk_sglue
                0x080010e0       0x38 C:/Program Files (x86)/Arm GNU Toolchain arm-none-eabi/14.2 rel1/bin/../lib/gcc/arm-none-eabi/14.2.1/thumb/v6-m/nofp\libc_nano.a(libc_a-fwalk.o)
                0x080010e0                _fwalk_sglue
 .text.__sread  0x08001118       0x28 C:/Program Files (x86)/Arm GNU Toolchain arm-none-eabi/14.2 rel1/bin/../lib/gcc/arm-none-eabi/14.2.1/thumb/v6-m/nofp\libc_nano.a(libc_a-stdio.o)
                0x08001118                __sread
 .text.__swrite
                0x08001140       0x38 C:/Program Files (x86)/Arm GNU Toolchain arm-none-eabi/14.2 rel1/bin/../lib/gcc/arm-none-eabi/14.2.1/thumb/v6-m/nofp\libc_nano.a(libc_a-stdio.o)
                0x08001140                __swrite
 .text.__sseek  0x08001178       0x2c C:/Program Files (x86)/Arm GNU Toolchain arm-none-eabi/14.2 rel1/bin/../lib/gcc/arm-none-eabi/14.2.1/thumb/v6-m/nofp\libc_nano.a(libc_a-stdio.o)
                0x08001178                __sseek
 .text.__sclose
                0x080011a4        0xc C:/Program Files (x86)/Arm GNU Toolchain arm-none-eabi/14.2 rel1/bin/../lib/gcc/arm-none-eabi/14.2.1/thumb/v6-m/nofp\libc_nano.a(libc_a-stdio.o)
                0x080011a4                __sclose
 .text.memset   0x080011b0       0x10 C:/Program Files (x86)/Arm GNU Toolchain arm-none-eabi/14.2 rel1/bin/../lib/gcc/arm-none-eabi/14.2.1/thumb/v6-m/nofp\libc_nano.a(libc_a-memset.o)
                0x080011b0                memset
 .text._localeconv_r
                0x080011c0        0x8 C:/Program Files (x86)/Arm GNU Toolchain arm-none-eabi/14.2 rel1/bin/../lib/gcc/arm-none-eabi/14.2.1/thumb/v6-m/nofp\libc_nano.a(libc_a-localeconv.o)
                0x080011c0                _localeconv_r
 .text._close_r
                0x080011c8       0x24 C:/Program Files (x86)/Arm GNU Toolchain arm-none-eabi/14.2 rel1/bin/../lib/gcc/arm-none-eabi/14.2.1/thumb/v6-m/nofp\libc_nano.a(libc_a-closer.o)
                0x080011c8                _close_r
 .text._lseek_r
                0x080011ec       0x28 C:/Program Files (x86)/Arm GNU Toolchain arm-none-eabi/14.2 rel1/bin/../lib/gcc/arm-none-eabi/14.2.1/thumb/v6-m/nofp\libc_nano.a(libc_a-lseekr.o)
                0x080011ec                _lseek_r
 .text._read_r  0x08001214       0x28 C:/Program Files (x86)/Arm GNU Toolchain arm-none-eabi/14.2 rel1/bin/../lib/gcc/arm-none-eabi/14.2.1/thumb/v6-m/nofp\libc_nano.a(libc_a-readr.o)
                0x08001214                _read_r
 .text._write_r
                0x0800123c       0x28 C:/Program Files (x86)/Arm GNU Toolchain arm-none-eabi/14.2 rel1/bin/../lib/gcc/arm-none-eabi/14.2.1/thumb/v6-m/nofp\libc_nano.a(libc_a-writer.o)
                0x0800123c                _write_r
 .text.__libc_init_array
                0x08001264       0x48 C:/Program Files (x86)/Arm GNU Toolchain arm-none-eabi/14.2 rel1/bin/../lib/gcc/arm-none-eabi/14.2.1/thumb/v6-m/nofp\libc_nano.a(libc_a-init.o)
                0x08001264                __libc_init_array
 .text.__retarget_lock_init_recursive
                0x080012ac        0x2 C:/Program Files (x86)/Arm GNU Toolchain arm-none-eabi/14.2 rel1/bin/../lib/gcc/arm-none-eabi/14.2.1/thumb/v6-m/nofp\libc_nano.a(libc_a-lock.o)
                0x080012ac                __retarget_lock_init_recursive
 .text.__retarget_lock_acquire_recursive
                0x080012ae        0x2 C:/Program Files (x86)/Arm GNU Toolchain arm-none-eabi/14.2 rel1/bin/../lib/gcc/arm-none-eabi/14.2.1/thumb/v6-m/nofp\libc_nano.a(libc_a-lock.o)
                0x080012ae                __retarget_lock_acquire_recursive
 .text.__retarget_lock_release_recursive
                0x080012b0        0x2 C:/Program Files (x86)/Arm GNU Toolchain arm-none-eabi/14.2 rel1/bin/../lib/gcc/arm-none-eabi/14.2.1/thumb/v6-m/nofp\libc_nano.a(libc_a-lock.o)
                0x080012b0                __retarget_lock_release_recursive
 .text.memchr   0x080012b2       0x16 C:/Program Files (x86)/Arm GNU Toolchain arm-none-eabi/14.2 rel1/bin/../lib/gcc/arm-none-eabi/14.2.1/thumb/v6-m/nofp\libc_nano.a(libc_a-memchr-stub.o)
                0x080012b2                memchr
 .text.quorem   0x080012c8      0x10a C:/Program Files (x86)/Arm GNU Toolchain arm-none-eabi/14.2 rel1/bin/../lib/gcc/arm-none-eabi/14.2.1/thumb/v6-m/nofp\libc_nano.a(libc_a-dtoa.o)
 *fill*         0x080013d2        0x2 
 .text._dtoa_r  0x080013d4      0xbd8 C:/Program Files (x86)/Arm GNU Toolchain arm-none-eabi/14.2 rel1/bin/../lib/gcc/arm-none-eabi/14.2.1/thumb/v6-m/nofp\libc_nano.a(libc_a-dtoa.o)
                0x080013d4                _dtoa_r
 .text._free_r  0x08001fac       0x94 C:/Program Files (x86)/Arm GNU Toolchain arm-none-eabi/14.2 rel1/bin/../lib/gcc/arm-none-eabi/14.2.1/thumb/v6-m/nofp\libc_nano.a(libc_a-freer.o)
                0x08001fac                _free_r
 .text.malloc   0x08002040       0x14 C:/Program Files (x86)/Arm GNU Toolchain arm-none-eabi/14.2 rel1/bin/../lib/gcc/arm-none-eabi/14.2.1/thumb/v6-m/nofp\libc_nano.a(libc_a-malloc.o)
                0x08002040                malloc
 .text.sbrk_aligned
                0x08002054       0x44 C:/Program Files (x86)/Arm GNU Toolchain arm-none-eabi/14.2 rel1/bin/../lib/gcc/arm-none-eabi/14.2.1/thumb/v6-m/nofp\libc_nano.a(libc_a-mallocr.o)
 .text._malloc_r
                0x08002098      0x100 C:/Program Files (x86)/Arm GNU Toolchain arm-none-eabi/14.2 rel1/bin/../lib/gcc/arm-none-eabi/14.2.1/thumb/v6-m/nofp\libc_nano.a(libc_a-mallocr.o)
                0x08002098                _malloc_r
 .text.__malloc_lock
                0x08002198       0x10 C:/Program Files (x86)/Arm GNU Toolchain arm-none-eabi/14.2 rel1/bin/../lib/gcc/arm-none-eabi/14.2.1/thumb/v6-m/nofp\libc_nano.a(libc_a-mlock.o)
                0x08002198                __malloc_lock
 .text.__malloc_unlock
                0x080021a8       0x10 C:/Program Files (x86)/Arm GNU Toolchain arm-none-eabi/14.2 rel1/bin/../lib/gcc/arm-none-eabi/14.2.1/thumb/v6-m/nofp\libc_nano.a(libc_a-mlock.o)
                0x080021a8                __malloc_unlock
 .text._Balloc  0x080021b8       0x84 C:/Program Files (x86)/Arm GNU Toolchain arm-none-eabi/14.2 rel1/bin/../lib/gcc/arm-none-eabi/14.2.1/thumb/v6-m/nofp\libc_nano.a(libc_a-mprec.o)
                0x080021b8                _Balloc
 .text._Bfree   0x0800223c       0x48 C:/Program Files (x86)/Arm GNU Toolchain arm-none-eabi/14.2 rel1/bin/../lib/gcc/arm-none-eabi/14.2.1/thumb/v6-m/nofp\libc_nano.a(libc_a-mprec.o)
                0x0800223c                _Bfree
 .text.__multadd
                0x08002284       0x88 C:/Program Files (x86)/Arm GNU Toolchain arm-none-eabi/14.2 rel1/bin/../lib/gcc/arm-none-eabi/14.2.1/thumb/v6-m/nofp\libc_nano.a(libc_a-mprec.o)
                0x08002284                __multadd
 .text.__hi0bits
                0x0800230c       0x42 C:/Program Files (x86)/Arm GNU Toolchain arm-none-eabi/14.2 rel1/bin/../lib/gcc/arm-none-eabi/14.2.1/thumb/v6-m/nofp\libc_nano.a(libc_a-mprec.o)
                0x0800230c                __hi0bits
 .text.__lo0bits
                0x0800234e       0x5c C:/Program Files (x86)/Arm GNU Toolchain arm-none-eabi/14.2 rel1/bin/../lib/gcc/arm-none-eabi/14.2.1/thumb/v6-m/nofp\libc_nano.a(libc_a-mprec.o)
                0x0800234e                __lo0bits
 *fill*         0x080023aa        0x2 
 .text.__i2b    0x080023ac       0x30 C:/Program Files (x86)/Arm GNU Toolchain arm-none-eabi/14.2 rel1/bin/../lib/gcc/arm-none-eabi/14.2.1/thumb/v6-m/nofp\libc_nano.a(libc_a-mprec.o)
                0x080023ac                __i2b
 .text.__multiply
                0x080023dc      0x158 C:/Program Files (x86)/Arm GNU Toolchain arm-none-eabi/14.2 rel1/bin/../lib/gcc/arm-none-eabi/14.2.1/thumb/v6-m/nofp\libc_nano.a(libc_a-mprec.o)
                0x080023dc                __multiply
 .text.__pow5mult
                0x08002534       0xc4 C:/Program Files (x86)/Arm GNU Toolchain arm-none-eabi/14.2 rel1/bin/../lib/gcc/arm-none-eabi/14.2.1/thumb/v6-m/nofp\libc_nano.a(libc_a-mprec.o)
                0x08002534                __pow5mult
 .text.__lshift
                0x080025f8       0xd8 C:/Program Files (x86)/Arm GNU Toolchain arm-none-eabi/14.2 rel1/bin/../lib/gcc/arm-none-eabi/14.2.1/thumb/v6-m/nofp\libc_nano.a(libc_a-mprec.o)
                0x080025f8                __lshift
 .text.__mcmp   0x080026d0       0x36 C:/Program Files (x86)/Arm GNU Toolchain arm-none-eabi/14.2 rel1/bin/../lib/gcc/arm-none-eabi/14.2.1/thumb/v6-m/nofp\libc_nano.a(libc_a-mprec.o)
                0x080026d0                __mcmp
 *fill*         0x08002706        0x2 
 .text.__mdiff  0x08002708      0x148 C:/Program Files (x86)/Arm GNU Toolchain arm-none-eabi/14.2 rel1/bin/../lib/gcc/arm-none-eabi/14.2.1/thumb/v6-m/nofp\libc_nano.a(libc_a-mprec.o)
                0x08002708                __mdiff
 .text.__d2b    0x08002850       0xc0 C:/Program Files (x86)/Arm GNU Toolchain arm-none-eabi/14.2 rel1/bin/../lib/gcc/arm-none-eabi/14.2.1/thumb/v6-m/nofp\libc_nano.a(libc_a-mprec.o)
                0x08002850                __d2b
 .text.__sflush_r
                0x08002910      0x114 C:/Program Files (x86)/Arm GNU Toolchain arm-none-eabi/14.2 rel1/bin/../lib/gcc/arm-none-eabi/14.2.1/thumb/v6-m/nofp\libc_nano.a(libc_a-fflush.o)
                0x08002910                __sflush_r
 .text._fflush_r
                0x08002a24       0x56 C:/Program Files (x86)/Arm GNU Toolchain arm-none-eabi/14.2 rel1/bin/../lib/gcc/arm-none-eabi/14.2.1/thumb/v6-m/nofp\libc_nano.a(libc_a-fflush.o)
                0x08002a24                _fflush_r
 *fill*         0x08002a7a        0x2 
 .text._sbrk_r  0x08002a7c       0x24 C:/Program Files (x86)/Arm GNU Toolchain arm-none-eabi/14.2 rel1/bin/../lib/gcc/arm-none-eabi/14.2.1/thumb/v6-m/nofp\libc_nano.a(libc_a-sbrkr.o)
                0x08002a7c                _sbrk_r
 .text.memcpy   0x08002aa0       0x12 C:/Program Files (x86)/Arm GNU Toolchain arm-none-eabi/14.2 rel1/bin/../lib/gcc/arm-none-eabi/14.2.1/thumb/v6-m/nofp\libc_nano.a(libc_a-memcpy-stub.o)
                0x08002aa0                memcpy
 *fill*         0x08002ab2        0x2 
 .text.__assert_func
                0x08002ab4       0x3c C:/Program Files (x86)/Arm GNU Toolchain arm-none-eabi/14.2 rel1/bin/../lib/gcc/arm-none-eabi/14.2.1/thumb/v6-m/nofp\libc_nano.a(libc_a-assert.o)
                0x08002ab4                __assert_func
 .text._calloc_r
                0x08002af0       0x5a C:/Program Files (x86)/Arm GNU Toolchain arm-none-eabi/14.2 rel1/bin/../lib/gcc/arm-none-eabi/14.2.1/thumb/v6-m/nofp\libc_nano.a(libc_a-callocr.o)
                0x08002af0                _calloc_r
 .text.__ascii_mbtowc
                0x08002b4a       0x24 C:/Program Files (x86)/Arm GNU Toolchain arm-none-eabi/14.2 rel1/bin/../lib/gcc/arm-none-eabi/14.2.1/thumb/v6-m/nofp\libc_nano.a(libc_a-mbtowc_r.o)
                0x08002b4a                __ascii_mbtowc
 .text.__ascii_wctomb
                0x08002b6e       0x1a C:/Program Files (x86)/Arm GNU Toolchain arm-none-eabi/14.2 rel1/bin/../lib/gcc/arm-none-eabi/14.2.1/thumb/v6-m/nofp\libc_nano.a(libc_a-wctomb_r.o)
                0x08002b6e                __ascii_wctomb
 .text.fprintf  0x08002b88       0x20 C:/Program Files (x86)/Arm GNU Toolchain arm-none-eabi/14.2 rel1/bin/../lib/gcc/arm-none-eabi/14.2.1/thumb/v6-m/nofp\libc_nano.a(libc_a-fprintf.o)
                0x08002b88                fiprintf
                0x08002b88                fprintf
 .text.abort    0x08002ba8        0xe C:/Program Files (x86)/Arm GNU Toolchain arm-none-eabi/14.2 rel1/bin/../lib/gcc/arm-none-eabi/14.2.1/thumb/v6-m/nofp\libc_nano.a(libc_a-abort.o)
                0x08002ba8                abort
 .text.__sfputc_r
                0x08002bb6       0x2a C:/Program Files (x86)/Arm GNU Toolchain arm-none-eabi/14.2 rel1/bin/../lib/gcc/arm-none-eabi/14.2.1/thumb/v6-m/nofp\libc_nano.a(libc_a-nano-vfprintf.o)
 .text.__sfputs_r
                0x08002be0       0x24 C:/Program Files (x86)/Arm GNU Toolchain arm-none-eabi/14.2 rel1/bin/../lib/gcc/arm-none-eabi/14.2.1/thumb/v6-m/nofp\libc_nano.a(libc_a-nano-vfprintf.o)
                0x08002be0                __sfputs_r
 .text._vfprintf_r
                0x08002c04      0x240 C:/Program Files (x86)/Arm GNU Toolchain arm-none-eabi/14.2 rel1/bin/../lib/gcc/arm-none-eabi/14.2.1/thumb/v6-m/nofp\libc_nano.a(libc_a-nano-vfprintf.o)
                0x08002c04                _vfprintf_r
                0x08002c04                _vfiprintf_r
 .text.__swbuf_r
                0x08002e44       0x84 C:/Program Files (x86)/Arm GNU Toolchain arm-none-eabi/14.2 rel1/bin/../lib/gcc/arm-none-eabi/14.2.1/thumb/v6-m/nofp\libc_nano.a(libc_a-wbuf.o)
                0x08002e44                __swbuf_r
 .text.__swsetup_r
                0x08002ec8       0xb4 C:/Program Files (x86)/Arm GNU Toolchain arm-none-eabi/14.2 rel1/bin/../lib/gcc/arm-none-eabi/14.2.1/thumb/v6-m/nofp\libc_nano.a(libc_a-wsetup.o)
                0x08002ec8                __swsetup_r
 .text.memmove  0x08002f7c       0x24 C:/Program Files (x86)/Arm GNU Toolchain arm-none-eabi/14.2 rel1/bin/../lib/gcc/arm-none-eabi/14.2.1/thumb/v6-m/nofp\libc_nano.a(libc_a-memmove.o)
                0x08002f7c                memmove
 .text._raise_r
                0x08002fa0       0x52 C:/Program Files (x86)/Arm GNU Toolchain arm-none-eabi/14.2 rel1/bin/../lib/gcc/arm-none-eabi/14.2.1/thumb/v6-m/nofp\libc_nano.a(libc_a-signal.o)
                0x08002fa0                _raise_r
 *fill*         0x08002ff2        0x2 
 .text.raise    0x08002ff4       0x14 C:/Program Files (x86)/Arm GNU Toolchain arm-none-eabi/14.2 rel1/bin/../lib/gcc/arm-none-eabi/14.2.1/thumb/v6-m/nofp\libc_nano.a(libc_a-signal.o)
                0x08002ff4                raise
 .text._kill_r  0x08003008       0x24 C:/Program Files (x86)/Arm GNU Toolchain arm-none-eabi/14.2 rel1/bin/../lib/gcc/arm-none-eabi/14.2.1/thumb/v6-m/nofp\libc_nano.a(libc_a-signalr.o)
                0x08003008                _kill_r
 .text._getpid_r
                0x0800302c        0x8 C:/Program Files (x86)/Arm GNU Toolchain arm-none-eabi/14.2 rel1/bin/../lib/gcc/arm-none-eabi/14.2.1/thumb/v6-m/nofp\libc_nano.a(libc_a-signalr.o)
                0x0800302c                _getpid_r
 .text._realloc_r
                0x08003034       0x60 C:/Program Files (x86)/Arm GNU Toolchain arm-none-eabi/14.2 rel1/bin/../lib/gcc/arm-none-eabi/14.2.1/thumb/v6-m/nofp\libc_nano.a(libc_a-reallocr.o)
                0x08003034                _realloc_r
 .text.__swhatbuf_r
                0x08003094       0x54 C:/Program Files (x86)/Arm GNU Toolchain arm-none-eabi/14.2 rel1/bin/../lib/gcc/arm-none-eabi/14.2.1/thumb/v6-m/nofp\libc_nano.a(libc_a-makebuf.o)
                0x08003094                __swhatbuf_r
 .text.__smakebuf_r
                0x080030e8       0x72 C:/Program Files (x86)/Arm GNU Toolchain arm-none-eabi/14.2 rel1/bin/../lib/gcc/arm-none-eabi/14.2.1/thumb/v6-m/nofp\libc_nano.a(libc_a-makebuf.o)
                0x080030e8                __smakebuf_r
 *fill*         0x0800315a        0x2 
 .text._fstat_r
                0x0800315c       0x24 C:/Program Files (x86)/Arm GNU Toolchain arm-none-eabi/14.2 rel1/bin/../lib/gcc/arm-none-eabi/14.2.1/thumb/v6-m/nofp\libc_nano.a(libc_a-fstatr.o)
                0x0800315c                _fstat_r
 .text._isatty_r
                0x08003180       0x24 C:/Program Files (x86)/Arm GNU Toolchain arm-none-eabi/14.2 rel1/bin/../lib/gcc/arm-none-eabi/14.2.1/thumb/v6-m/nofp\libc_nano.a(libc_a-isattyr.o)
                0x08003180                _isatty_r
 .text._malloc_usable_size_r
                0x080031a4       0x10 C:/Program Files (x86)/Arm GNU Toolchain arm-none-eabi/14.2 rel1/bin/../lib/gcc/arm-none-eabi/14.2.1/thumb/v6-m/nofp\libc_nano.a(libc_a-msizer.o)
                0x080031a4                _malloc_usable_size_r
 .text.APP_ErrorHandler
                0x080031b4       0xc0 ./Build/Src/error_handler.o
                0x080031b4                APP_ErrorHandler
 .text.HAL_MspInit
                0x08003274       0x30 ./Build/Src/py32f0xx_hal_msp.o
                0x08003274                HAL_MspInit
 .text.HAL_TIM_Base_MspInit
                0x080032a4       0x2c ./Build/Src/py32f0xx_hal_msp.o
                0x080032a4                HAL_TIM_Base_MspInit
 .text.NMI_Handler
                0x080032d0        0x2 ./Build/Src/py32f0xx_it.o
                0x080032d0                NMI_Handler
 .text.HardFault_Handler
                0x080032d2        0x2 ./Build/Src/py32f0xx_it.o
                0x080032d2                HardFault_Handler
 .text.SVC_Handler
                0x080032d4        0x2 ./Build/Src/py32f0xx_it.o
                0x080032d4                SVC_Handler
 .text.PendSV_Handler
                0x080032d6        0x2 ./Build/Src/py32f0xx_it.o
                0x080032d6                PendSV_Handler
 .text.SysTick_Handler
                0x080032d8        0x8 ./Build/Src/py32f0xx_it.o
                0x080032d8                SysTick_Handler
 .text.TIM1_BRK_UP_TRG_COM_IRQHandler
                0x080032e0       0x10 ./Build/Src/py32f0xx_it.o
                0x080032e0                TIM1_BRK_UP_TRG_COM_IRQHandler
 .text.ADC_Set_USB_cc_read_state
                0x080032f0       0x78 ./Build/Src/io/adc_init.o
                0x080032f0                ADC_Set_USB_cc_read_state
 .text.ADC_Init
                0x08003368      0x16c ./Build/Src/io/adc_init.o
                0x08003368                ADC_Init
 .text.GPIO_Init
                0x080034d4      0x1b8 ./Build/Src/io/gpio_init.o
                0x080034d4                GPIO_Init
 .text.UART_Init
                0x0800368c       0x7c ./Build/Src/io/uart_init.o
                0x0800368c                UART_Init
 .text.HAL_InitTick
                0x08003708       0x50 ./Build/Libraries/PY32F0xx_HAL_Driver/Src/py32f0xx_hal.o
                0x08003708                HAL_InitTick
 .text.HAL_Init
                0x08003758       0x18 ./Build/Libraries/PY32F0xx_HAL_Driver/Src/py32f0xx_hal.o
                0x08003758                HAL_Init
 .text.HAL_IncTick
                0x08003770       0x18 ./Build/Libraries/PY32F0xx_HAL_Driver/Src/py32f0xx_hal.o
                0x08003770                HAL_IncTick
 .text.HAL_GetTick
                0x08003788        0xc ./Build/Libraries/PY32F0xx_HAL_Driver/Src/py32f0xx_hal.o
                0x08003788                HAL_GetTick
 .text.HAL_SetTickFreq
                0x08003794       0x28 ./Build/Libraries/PY32F0xx_HAL_Driver/Src/py32f0xx_hal.o
                0x08003794                HAL_SetTickFreq
 .text.ADC_Enable.constprop.0
                0x080037bc       0x5c ./Build/Libraries/PY32F0xx_HAL_Driver/Src/py32f0xx_hal_adc.o
 .text.HAL_ADC_MspInit
                0x08003818        0x2 ./Build/Libraries/PY32F0xx_HAL_Driver/Src/py32f0xx_hal_adc.o
                0x08003818                HAL_ADC_MspInit
 *fill*         0x0800381a        0x2 
 .text.HAL_ADC_Init
                0x0800381c      0x124 ./Build/Libraries/PY32F0xx_HAL_Driver/Src/py32f0xx_hal_adc.o
                0x0800381c                HAL_ADC_Init
 .text.HAL_ADC_Start
                0x08003940       0x4c ./Build/Libraries/PY32F0xx_HAL_Driver/Src/py32f0xx_hal_adc.o
                0x08003940                HAL_ADC_Start
 .text.HAL_ADC_PollForConversion
                0x0800398c       0xc0 ./Build/Libraries/PY32F0xx_HAL_Driver/Src/py32f0xx_hal_adc.o
                0x0800398c                HAL_ADC_PollForConversion
 .text.HAL_ADC_GetValue
                0x08003a4c        0x6 ./Build/Libraries/PY32F0xx_HAL_Driver/Src/py32f0xx_hal_adc.o
                0x08003a4c                HAL_ADC_GetValue
 *fill*         0x08003a52        0x2 
 .text.HAL_ADC_ConfigChannel
                0x08003a54       0xdc ./Build/Libraries/PY32F0xx_HAL_Driver/Src/py32f0xx_hal_adc.o
                0x08003a54                HAL_ADC_ConfigChannel
 .text.HAL_ADC_Calibration_Start
                0x08003b30       0x94 ./Build/Libraries/PY32F0xx_HAL_Driver/Src/py32f0xx_hal_adc.o
                0x08003b30                HAL_ADC_Calibration_Start
 .text.HAL_NVIC_SetPriority
                0x08003bc4       0x54 ./Build/Libraries/PY32F0xx_HAL_Driver/Src/py32f0xx_hal_cortex.o
                0x08003bc4                HAL_NVIC_SetPriority
 .text.HAL_NVIC_EnableIRQ
                0x08003c18       0x18 ./Build/Libraries/PY32F0xx_HAL_Driver/Src/py32f0xx_hal_cortex.o
                0x08003c18                HAL_NVIC_EnableIRQ
 .text.HAL_SYSTICK_Config
                0x08003c30       0x34 ./Build/Libraries/PY32F0xx_HAL_Driver/Src/py32f0xx_hal_cortex.o
                0x08003c30                HAL_SYSTICK_Config
 .text.HAL_GPIO_Init
                0x08003c64      0x138 ./Build/Libraries/PY32F0xx_HAL_Driver/Src/py32f0xx_hal_gpio.o
                0x08003c64                HAL_GPIO_Init
 .text.HAL_GPIO_WritePin
                0x08003d9c        0xc ./Build/Libraries/PY32F0xx_HAL_Driver/Src/py32f0xx_hal_gpio.o
                0x08003d9c                HAL_GPIO_WritePin
 .text.HAL_GPIO_TogglePin
                0x08003da8        0xe ./Build/Libraries/PY32F0xx_HAL_Driver/Src/py32f0xx_hal_gpio.o
                0x08003da8                HAL_GPIO_TogglePin
 *fill*         0x08003db6        0x2 
 .text.HAL_RCC_GetSysClockFreq
                0x08003db8       0x64 ./Build/Libraries/PY32F0xx_HAL_Driver/Src/py32f0xx_hal_rcc.o
                0x08003db8                HAL_RCC_GetSysClockFreq
 .text.HAL_RCC_OscConfig
                0x08003e1c      0x234 ./Build/Libraries/PY32F0xx_HAL_Driver/Src/py32f0xx_hal_rcc.o
                0x08003e1c                HAL_RCC_OscConfig
 .text.HAL_RCC_ClockConfig
                0x08004050      0x140 ./Build/Libraries/PY32F0xx_HAL_Driver/Src/py32f0xx_hal_rcc.o
                0x08004050                HAL_RCC_ClockConfig
 .text.HAL_RCC_GetPCLK1Freq
                0x08004190       0x28 ./Build/Libraries/PY32F0xx_HAL_Driver/Src/py32f0xx_hal_rcc.o
                0x08004190                HAL_RCC_GetPCLK1Freq
 .text.HAL_TIM_Base_Start_IT
                0x080041b8       0x1e ./Build/Libraries/PY32F0xx_HAL_Driver/Src/py32f0xx_hal_tim.o
                0x080041b8                HAL_TIM_Base_Start_IT
 .text.HAL_TIM_OC_DelayElapsedCallback
                0x080041d6        0x2 ./Build/Libraries/PY32F0xx_HAL_Driver/Src/py32f0xx_hal_tim.o
                0x080041d6                HAL_TIM_OC_DelayElapsedCallback
 .text.HAL_TIM_IC_CaptureCallback
                0x080041d8        0x2 ./Build/Libraries/PY32F0xx_HAL_Driver/Src/py32f0xx_hal_tim.o
                0x080041d8                HAL_TIM_IC_CaptureCallback
 .text.HAL_TIM_PWM_PulseFinishedCallback
                0x080041da        0x2 ./Build/Libraries/PY32F0xx_HAL_Driver/Src/py32f0xx_hal_tim.o
                0x080041da                HAL_TIM_PWM_PulseFinishedCallback
 .text.HAL_TIM_TriggerCallback
                0x080041dc        0x2 ./Build/Libraries/PY32F0xx_HAL_Driver/Src/py32f0xx_hal_tim.o
                0x080041dc                HAL_TIM_TriggerCallback
 .text.HAL_TIM_IRQHandler
                0x080041de      0x148 ./Build/Libraries/PY32F0xx_HAL_Driver/Src/py32f0xx_hal_tim.o
                0x080041de                HAL_TIM_IRQHandler
 *fill*         0x08004326        0x2 
 .text.TIM_Base_SetConfig
                0x08004328       0x7c ./Build/Libraries/PY32F0xx_HAL_Driver/Src/py32f0xx_hal_tim.o
                0x08004328                TIM_Base_SetConfig
 .text.HAL_TIM_Base_Init
                0x080043a4       0x36 ./Build/Libraries/PY32F0xx_HAL_Driver/Src/py32f0xx_hal_tim.o
                0x080043a4                HAL_TIM_Base_Init
 .text.HAL_TIMEx_CommutCallback
                0x080043da        0x2 ./Build/Libraries/PY32F0xx_HAL_Driver/Src/py32f0xx_hal_tim_ex.o
                0x080043da                HAL_TIMEx_CommutCallback
 .text.HAL_TIMEx_BreakCallback
                0x080043dc        0x2 ./Build/Libraries/PY32F0xx_HAL_Driver/Src/py32f0xx_hal_tim_ex.o
                0x080043dc                HAL_TIMEx_BreakCallback
 *fill*         0x080043de        0x2 
 .text.UART_SetConfig
                0x080043e0       0xd0 ./Build/Libraries/PY32F0xx_HAL_Driver/Src/py32f0xx_hal_uart.o
 .text.UART_WaitOnFlagUntilTimeout.constprop.0
                0x080044b0       0x58 ./Build/Libraries/PY32F0xx_HAL_Driver/Src/py32f0xx_hal_uart.o
 .text.HAL_UART_MspInit
                0x08004508        0x2 ./Build/Libraries/PY32F0xx_HAL_Driver/Src/py32f0xx_hal_uart.o
                0x08004508                HAL_UART_MspInit
 *fill*         0x0800450a        0x2 
 .text.HAL_UART_Init
                0x0800450c       0x9c ./Build/Libraries/PY32F0xx_HAL_Driver/Src/py32f0xx_hal_uart.o
                0x0800450c                HAL_UART_Init
 .text.HAL_UART_Transmit
                0x080045a8       0xca ./Build/Libraries/PY32F0xx_HAL_Driver/Src/py32f0xx_hal_uart.o
                0x080045a8                HAL_UART_Transmit
 .text.HAL_UART_Receive
                0x08004672       0xba ./Build/Libraries/PY32F0xx_HAL_Driver/Src/py32f0xx_hal_uart.o
                0x08004672                HAL_UART_Receive
 .text.__io_putchar
                0x0800472c       0x1c ./Build/Libraries/PY32F0xx_HAL_BSP/Src/py32f0xx_bsp_printf.o
                0x0800472c                __io_putchar
 .text.__io_getchar
                0x08004748       0x18 ./Build/Libraries/PY32F0xx_HAL_BSP/Src/py32f0xx_bsp_printf.o
                0x08004748                __io_getchar
 .text._write   0x08004760       0x1a ./Build/Libraries/PY32F0xx_HAL_BSP/Src/py32f0xx_bsp_printf.o
                0x08004760                _write
 .text._read    0x0800477a       0x1a ./Build/Libraries/PY32F0xx_HAL_BSP/Src/py32f0xx_bsp_printf.o
                0x0800477a                _read
 .text._isatty  0x08004794       0x16 ./Build/Libraries/PY32F0xx_HAL_BSP/Src/py32f0xx_bsp_printf.o
                0x08004794                _isatty
 .text._close   0x080047aa       0x16 ./Build/Libraries/PY32F0xx_HAL_BSP/Src/py32f0xx_bsp_printf.o
                0x080047aa                _close
 .text._lseek   0x080047c0       0x10 ./Build/Libraries/PY32F0xx_HAL_BSP/Src/py32f0xx_bsp_printf.o
                0x080047c0                _lseek
 .text._fstat   0x080047d0       0x1a ./Build/Libraries/PY32F0xx_HAL_BSP/Src/py32f0xx_bsp_printf.o
                0x080047d0                _fstat
 .text._getpid  0x080047ea       0x10 ./Build/Libraries/PY32F0xx_HAL_BSP/Src/py32f0xx_bsp_printf.o
                0x080047ea                _getpid
 .text._kill    0x080047fa       0x10 ./Build/Libraries/PY32F0xx_HAL_BSP/Src/py32f0xx_bsp_printf.o
                0x080047fa                _kill
 *fill*         0x0800480a        0x2 
 .text.SystemInit
                0x0800480c       0x48 ./Build/Libraries/CMSIS/Device/PY32F0xx/Source/system_py32f0xx.o
                0x0800480c                SystemInit
 .text.PY32_ADC_Temp_to_degC
                0x08004854       0x34 ./Build/Src/adc.o
                0x08004854                PY32_ADC_Temp_to_degC
 .text.ADC_to_thermistor_resistance
                0x08004888       0x30 ./Build/Src/adc.o
                0x08004888                ADC_to_thermistor_resistance
 .text.thermistor_r_to_temperature
                0x080048b8       0x70 ./Build/Src/adc.o
                0x080048b8                thermistor_r_to_temperature
 .text.ADC_Read
                0x08004928      0x230 ./Build/Src/adc.o
                0x08004928                ADC_Read
 .text.PIDTimer_ISR
                0x08004b58        0xc ./Build/Src/main.o
                0x08004b58                PIDTimer_ISR
 .text.MinuteTimer_ISR
                0x08004b64        0xc ./Build/Src/main.o
                0x08004b64                MinuteTimer_ISR
 .text.DataCollection_ISR
                0x08004b70        0xc ./Build/Src/main.o
                0x08004b70                DataCollection_ISR
 .text.ActuationDelay_ISR
                0x08004b7c        0xc ./Build/Src/main.o
                0x08004b7c                ActuationDelay_ISR
 .text.DelayedStart_ISR
                0x08004b88        0xc ./Build/Src/main.o
                0x08004b88                DelayedStart_ISR
 .text.LogData_ISR
                0x08004b94        0xc ./Build/Src/main.o
                0x08004b94                LogData_ISR
 .text.PWMTimer_ISR
                0x08004ba0      0x128 ./Build/Src/main.o
                0x08004ba0                PWMTimer_ISR
 .text.LEDTimer_ISR
                0x08004cc8       0x4c ./Build/Src/main.o
                0x08004cc8                LEDTimer_ISR
 .text._Z9print_UIDv
                0x08004d14       0x48 ./Build/Src/main.o
                0x08004d14                print_UID()
 .text._Z8pid_init8heater_t7CONTROL
                0x08004d5c       0x4c ./Build/Src/main.o
                0x08004d5c                pid_init(heater_t, CONTROL)
 .text._Z14power_on_testsv
                0x08004da8        0xa ./Build/Src/main.o
                0x08004da8                power_on_tests()
 *fill*         0x08004db2        0x2 
 .text._Z13init_adc_datav
                0x08004db4       0xfc ./Build/Src/main.o
                0x08004db4                init_adc_data()
 .text._Z15start_naat_testv
                0x08004eb0      0x118 ./Build/Src/main.o
                0x08004eb0                start_naat_test()
 .text._Z14stop_naat_testv
                0x08004fc8       0x70 ./Build/Src/main.o
                0x08004fc8                stop_naat_test()
 .text._Z9Data_initv
                0x08005038       0x6c ./Build/Src/main.o
                0x08005038                Data_init()
 .text._Z12system_setupv
                0x080050a4      0x230 ./Build/Src/main.o
                0x080050a4                system_setup()
 .text.ADC_data_collect
                0x080052d4       0xc4 ./Build/Src/main.o
                0x080052d4                ADC_data_collect
 .text.Update_PID
                0x08005398       0x7c ./Build/Src/main.o
                0x08005398                Update_PID
 .text.print_log_data
                0x08005414       0x90 ./Build/Src/main.o
                0x08005414                print_log_data
 .text.send_max_temps
                0x080054a4       0x6c ./Build/Src/main.o
                0x080054a4                send_max_temps
 .text._Z15APP_UpdateStatev
                0x08005510      0x2f8 ./Build/Src/main.o
                0x08005510                APP_UpdateState()
 .text.startup.main
                0x08005808       0xe4 ./Build/Src/main.o
                0x08005808                main
 .text.pid_controller_init
                0x080058ec       0x6c ./Build/Src/pid.o
                0x080058ec                pid_controller_init
 .text.pid_controller_compute
                0x08005958      0x12c ./Build/Src/pid.o
                0x08005958                pid_controller_compute
 .text.TIMER_Init
                0x08005a84       0x74 ./Build/Src/timers.o
                0x08005a84                TIMER_Init
 .text.Register_timer
                0x08005af8       0x30 ./Build/Src/timers.o
                0x08005af8                Register_timer
 .text.Enable_timer
                0x08005b28       0x50 ./Build/Src/timers.o
                0x08005b28                Enable_timer
 .text.Disable_timer
                0x08005b78       0x24 ./Build/Src/timers.o
                0x08005b78                Disable_timer
 .text.Update_TimerTickInterval
                0x08005b9c       0x28 ./Build/Src/timers.o
                0x08005b9c                Update_TimerTickInterval
 .text.HAL_TIM_PeriodElapsedCallback
                0x08005bc4       0x64 ./Build/Src/timers.o
                0x08005bc4                HAL_TIM_PeriodElapsedCallback
 .text.APP_SystemClockConfig
                0x08005c28       0x58 ./Build/Src/timers.o
                0x08005c28                APP_SystemClockConfig
 .text.Reset_Handler
                0x08005c80       0x50 ./Build/Libraries/CMSIS/Device/PY32F0xx/Source/gcc/startup_py32f003.o
                0x08005c80                Reset_Handler
 .text.Default_Handler
                0x08005cd0        0x2 ./Build/Libraries/CMSIS/Device/PY32F0xx/Source/gcc/startup_py32f003.o
                0x08005cd0                TIM1_CC_IRQHandler
                0x08005cd0                PVD_IRQHandler
                0x08005cd0                I2C1_IRQHandler
                0x08005cd0                SPI1_IRQHandler
                0x08005cd0                EXTI2_3_IRQHandler
                0x08005cd0                TIM17_IRQHandler
                0x08005cd0                RTC_IRQHandler
                0x08005cd0                TIM16_IRQHandler
                0x08005cd0                TIM3_IRQHandler
                0x08005cd0                EXTI4_15_IRQHandler
                0x08005cd0                RCC_IRQHandler
                0x08005cd0                DMA1_Channel1_IRQHandler
                0x08005cd0                Default_Handler
                0x08005cd0                TIM14_IRQHandler
                0x08005cd0                EXTI0_1_IRQHandler
                0x08005cd0                WWDG_IRQHandler
                0x08005cd0                DMA1_Channel2_3_IRQHandler
                0x08005cd0                ADC_COMP_IRQHandler
                0x08005cd0                USART2_IRQHandler
                0x08005cd0                FLASH_IRQHandler
                0x08005cd0                USART1_IRQHandler
                0x08005cd0                LPTIM1_IRQHandler
 *fill*         0x08005cd2        0x2 
 .text.__fixunssfsi
                0x08005cd4       0x30 C:/Program Files (x86)/Arm GNU Toolchain arm-none-eabi/14.2 rel1/bin/../lib/gcc/arm-none-eabi/14.2.1/thumb/v6-m/nofp\libgcc.a(_fixunssfsi.o)
                0x08005cd4                __fixunssfsi
                0x08005cd4                __aeabi_f2uiz
 .text.__aeabi_fadd
                0x08005d04      0x41c C:/Program Files (x86)/Arm GNU Toolchain arm-none-eabi/14.2 rel1/bin/../lib/gcc/arm-none-eabi/14.2.1/thumb/v6-m/nofp\libgcc.a(addsf3.o)
                0x08005d04                __aeabi_fadd
 .text.__aeabi_fdiv
                0x08006120      0x22c C:/Program Files (x86)/Arm GNU Toolchain arm-none-eabi/14.2 rel1/bin/../lib/gcc/arm-none-eabi/14.2.1/thumb/v6-m/nofp\libgcc.a(divsf3.o)
                0x08006120                __aeabi_fdiv
 .text.__eqsf2  0x0800634c       0x50 C:/Program Files (x86)/Arm GNU Toolchain arm-none-eabi/14.2 rel1/bin/../lib/gcc/arm-none-eabi/14.2.1/thumb/v6-m/nofp\libgcc.a(eqsf2.o)
                0x0800634c                __eqsf2
                0x0800634c                __nesf2
 .text.__gesf2  0x0800639c       0x90 C:/Program Files (x86)/Arm GNU Toolchain arm-none-eabi/14.2 rel1/bin/../lib/gcc/arm-none-eabi/14.2.1/thumb/v6-m/nofp\libgcc.a(gesf2.o)
                0x0800639c                __gesf2
                0x0800639c                __gtsf2
 .text.__lesf2  0x0800642c       0x90 C:/Program Files (x86)/Arm GNU Toolchain arm-none-eabi/14.2 rel1/bin/../lib/gcc/arm-none-eabi/14.2.1/thumb/v6-m/nofp\libgcc.a(lesf2.o)
                0x0800642c                __ltsf2
                0x0800642c                __lesf2
 .text.__aeabi_fmul
                0x080064bc      0x2a4 C:/Program Files (x86)/Arm GNU Toolchain arm-none-eabi/14.2 rel1/bin/../lib/gcc/arm-none-eabi/14.2.1/thumb/v6-m/nofp\libgcc.a(mulsf3.o)
                0x080064bc                __aeabi_fmul
 .text.__aeabi_fsub
                0x08006760      0x484 C:/Program Files (x86)/Arm GNU Toolchain arm-none-eabi/14.2 rel1/bin/../lib/gcc/arm-none-eabi/14.2.1/thumb/v6-m/nofp\libgcc.a(subsf3.o)
                0x08006760                __aeabi_fsub
 .text.__aeabi_f2iz
                0x08006be4       0x40 C:/Program Files (x86)/Arm GNU Toolchain arm-none-eabi/14.2 rel1/bin/../lib/gcc/arm-none-eabi/14.2.1/thumb/v6-m/nofp\libgcc.a(fixsfsi.o)
                0x08006be4                __aeabi_f2iz
 .text.__aeabi_i2f
                0x08006c24       0xa0 C:/Program Files (x86)/Arm GNU Toolchain arm-none-eabi/14.2 rel1/bin/../lib/gcc/arm-none-eabi/14.2.1/thumb/v6-m/nofp\libgcc.a(floatsisf.o)
                0x08006c24                __aeabi_i2f
 .text.__aeabi_ui2f
                0x08006cc4       0x8c C:/Program Files (x86)/Arm GNU Toolchain arm-none-eabi/14.2 rel1/bin/../lib/gcc/arm-none-eabi/14.2.1/thumb/v6-m/nofp\libgcc.a(floatunsisf.o)
                0x08006cc4                __aeabi_ui2f
 .text.__aeabi_dadd
                0x08006d50      0x834 C:/Program Files (x86)/Arm GNU Toolchain arm-none-eabi/14.2 rel1/bin/../lib/gcc/arm-none-eabi/14.2.1/thumb/v6-m/nofp\libgcc.a(adddf3.o)
                0x08006d50                __aeabi_dadd
 .text.__aeabi_ddiv
                0x08007584      0x63c C:/Program Files (x86)/Arm GNU Toolchain arm-none-eabi/14.2 rel1/bin/../lib/gcc/arm-none-eabi/14.2.1/thumb/v6-m/nofp\libgcc.a(divdf3.o)
                0x08007584                __aeabi_ddiv
 .text.__eqdf2  0x08007bc0       0x8c C:/Program Files (x86)/Arm GNU Toolchain arm-none-eabi/14.2 rel1/bin/../lib/gcc/arm-none-eabi/14.2.1/thumb/v6-m/nofp\libgcc.a(eqdf2.o)
                0x08007bc0                __nedf2
                0x08007bc0                __eqdf2
 .text.__gedf2  0x08007c4c       0xe0 C:/Program Files (x86)/Arm GNU Toolchain arm-none-eabi/14.2 rel1/bin/../lib/gcc/arm-none-eabi/14.2.1/thumb/v6-m/nofp\libgcc.a(gedf2.o)
                0x08007c4c                __gedf2
                0x08007c4c                __gtdf2
 .text.__ledf2  0x08007d2c       0xdc C:/Program Files (x86)/Arm GNU Toolchain arm-none-eabi/14.2 rel1/bin/../lib/gcc/arm-none-eabi/14.2.1/thumb/v6-m/nofp\libgcc.a(ledf2.o)
                0x08007d2c                __ledf2
                0x08007d2c                __ltdf2
 .text.__aeabi_dmul
                0x08007e08      0x590 C:/Program Files (x86)/Arm GNU Toolchain arm-none-eabi/14.2 rel1/bin/../lib/gcc/arm-none-eabi/14.2.1/thumb/v6-m/nofp\libgcc.a(muldf3.o)
                0x08007e08                __aeabi_dmul
 .text.__aeabi_dsub
                0x08008398      0x870 C:/Program Files (x86)/Arm GNU Toolchain arm-none-eabi/14.2 rel1/bin/../lib/gcc/arm-none-eabi/14.2.1/thumb/v6-m/nofp\libgcc.a(subdf3.o)
                0x08008398                __aeabi_dsub
 .text.__aeabi_dcmpun
                0x08008c08       0x44 C:/Program Files (x86)/Arm GNU Toolchain arm-none-eabi/14.2 rel1/bin/../lib/gcc/arm-none-eabi/14.2.1/thumb/v6-m/nofp\libgcc.a(unorddf2.o)
                0x08008c08                __aeabi_dcmpun
 .text.__aeabi_d2iz
                0x08008c4c       0x78 C:/Program Files (x86)/Arm GNU Toolchain arm-none-eabi/14.2 rel1/bin/../lib/gcc/arm-none-eabi/14.2.1/thumb/v6-m/nofp\libgcc.a(fixdfsi.o)
                0x08008c4c                __aeabi_d2iz
 .text.__aeabi_i2d
                0x08008cc4       0x5c C:/Program Files (x86)/Arm GNU Toolchain arm-none-eabi/14.2 rel1/bin/../lib/gcc/arm-none-eabi/14.2.1/thumb/v6-m/nofp\libgcc.a(floatsidf.o)
                0x08008cc4                __aeabi_i2d
 .text.__aeabi_ui2d
                0x08008d20       0x48 C:/Program Files (x86)/Arm GNU Toolchain arm-none-eabi/14.2 rel1/bin/../lib/gcc/arm-none-eabi/14.2.1/thumb/v6-m/nofp\libgcc.a(floatunsidf.o)
                0x08008d20                __aeabi_ui2d
 .text.__aeabi_f2d
                0x08008d68       0x90 C:/Program Files (x86)/Arm GNU Toolchain arm-none-eabi/14.2 rel1/bin/../lib/gcc/arm-none-eabi/14.2.1/thumb/v6-m/nofp\libgcc.a(extendsfdf2.o)
                0x08008d68                __aeabi_f2d
 .text.__aeabi_d2f
                0x08008df8      0x110 C:/Program Files (x86)/Arm GNU Toolchain arm-none-eabi/14.2 rel1/bin/../lib/gcc/arm-none-eabi/14.2.1/thumb/v6-m/nofp\libgcc.a(truncdfsf2.o)
                0x08008df8                __aeabi_d2f
 .text.selfrel_offset31
                0x08008f08       0x18 C:/Program Files (x86)/Arm GNU Toolchain arm-none-eabi/14.2 rel1/bin/../lib/gcc/arm-none-eabi/14.2.1/thumb/v6-m/nofp\libgcc.a(unwind-arm.o)
 .text.search_EIT_table
                0x08008f20       0x70 C:/Program Files (x86)/Arm GNU Toolchain arm-none-eabi/14.2 rel1/bin/../lib/gcc/arm-none-eabi/14.2.1/thumb/v6-m/nofp\libgcc.a(unwind-arm.o)
 .text.__gnu_unwind_get_pr_addr
                0x08008f90       0x28 C:/Program Files (x86)/Arm GNU Toolchain arm-none-eabi/14.2 rel1/bin/../lib/gcc/arm-none-eabi/14.2.1/thumb/v6-m/nofp\libgcc.a(unwind-arm.o)
 .text.get_eit_entry
                0x08008fb8       0x94 C:/Program Files (x86)/Arm GNU Toolchain arm-none-eabi/14.2 rel1/bin/../lib/gcc/arm-none-eabi/14.2.1/thumb/v6-m/nofp\libgcc.a(unwind-arm.o)
 .text.restore_non_core_regs
                0x0800904c       0x5c C:/Program Files (x86)/Arm GNU Toolchain arm-none-eabi/14.2 rel1/bin/../lib/gcc/arm-none-eabi/14.2.1/thumb/v6-m/nofp\libgcc.a(unwind-arm.o)
 .text._Unwind_decode_typeinfo_ptr.constprop.0
                0x080090a8        0xc C:/Program Files (x86)/Arm GNU Toolchain arm-none-eabi/14.2 rel1/bin/../lib/gcc/arm-none-eabi/14.2.1/thumb/v6-m/nofp\libgcc.a(unwind-arm.o)
 .text._Unwind_DebugHook
                0x080090b4        0x4 C:/Program Files (x86)/Arm GNU Toolchain arm-none-eabi/14.2 rel1/bin/../lib/gcc/arm-none-eabi/14.2.1/thumb/v6-m/nofp\libgcc.a(unwind-arm.o)
 .text.unwind_phase2
                0x080090b8       0x3c C:/Program Files (x86)/Arm GNU Toolchain arm-none-eabi/14.2 rel1/bin/../lib/gcc/arm-none-eabi/14.2.1/thumb/v6-m/nofp\libgcc.a(unwind-arm.o)
 .text.unwind_phase2_forced
                0x080090f4       0xd8 C:/Program Files (x86)/Arm GNU Toolchain arm-none-eabi/14.2 rel1/bin/../lib/gcc/arm-none-eabi/14.2.1/thumb/v6-m/nofp\libgcc.a(unwind-arm.o)
 .text.__gnu_Unwind_RaiseException
                0x080091cc       0x54 C:/Program Files (x86)/Arm GNU Toolchain arm-none-eabi/14.2 rel1/bin/../lib/gcc/arm-none-eabi/14.2.1/thumb/v6-m/nofp\libgcc.a(unwind-arm.o)
                0x080091cc                __gnu_Unwind_RaiseException
 .text.__gnu_Unwind_ForcedUnwind
                0x08009220       0x14 C:/Program Files (x86)/Arm GNU Toolchain arm-none-eabi/14.2 rel1/bin/../lib/gcc/arm-none-eabi/14.2.1/thumb/v6-m/nofp\libgcc.a(unwind-arm.o)
                0x08009220                __gnu_Unwind_ForcedUnwind
 .text.__gnu_Unwind_Resume
                0x08009234       0x48 C:/Program Files (x86)/Arm GNU Toolchain arm-none-eabi/14.2 rel1/bin/../lib/gcc/arm-none-eabi/14.2.1/thumb/v6-m/nofp\libgcc.a(unwind-arm.o)
                0x08009234                __gnu_Unwind_Resume
 .text.__gnu_Unwind_Resume_or_Rethrow
                0x0800927c       0x1c C:/Program Files (x86)/Arm GNU Toolchain arm-none-eabi/14.2 rel1/bin/../lib/gcc/arm-none-eabi/14.2.1/thumb/v6-m/nofp\libgcc.a(unwind-arm.o)
                0x0800927c                __gnu_Unwind_Resume_or_Rethrow
 .text._Unwind_VRS_Get
                0x08009298       0x44 C:/Program Files (x86)/Arm GNU Toolchain arm-none-eabi/14.2 rel1/bin/../lib/gcc/arm-none-eabi/14.2.1/thumb/v6-m/nofp\libgcc.a(unwind-arm.o)
                0x08009298                _Unwind_VRS_Get
 .text._Unwind_GetGR
                0x080092dc       0x18 C:/Program Files (x86)/Arm GNU Toolchain arm-none-eabi/14.2 rel1/bin/../lib/gcc/arm-none-eabi/14.2.1/thumb/v6-m/nofp\libgcc.a(unwind-arm.o)
 .text._Unwind_VRS_Set
                0x080092f4       0x44 C:/Program Files (x86)/Arm GNU Toolchain arm-none-eabi/14.2 rel1/bin/../lib/gcc/arm-none-eabi/14.2.1/thumb/v6-m/nofp\libgcc.a(unwind-arm.o)
                0x080092f4                _Unwind_VRS_Set
 .text._Unwind_SetGR
                0x08009338       0x18 C:/Program Files (x86)/Arm GNU Toolchain arm-none-eabi/14.2 rel1/bin/../lib/gcc/arm-none-eabi/14.2.1/thumb/v6-m/nofp\libgcc.a(unwind-arm.o)
 .text.__gnu_Unwind_Backtrace
                0x08009350       0x78 C:/Program Files (x86)/Arm GNU Toolchain arm-none-eabi/14.2 rel1/bin/../lib/gcc/arm-none-eabi/14.2.1/thumb/v6-m/nofp\libgcc.a(unwind-arm.o)
                0x08009350                __gnu_Unwind_Backtrace
 .text.__gnu_unwind_pr_common
                0x080093c8      0x2d8 C:/Program Files (x86)/Arm GNU Toolchain arm-none-eabi/14.2 rel1/bin/../lib/gcc/arm-none-eabi/14.2.1/thumb/v6-m/nofp\libgcc.a(unwind-arm.o)
 .text.__aeabi_unwind_cpp_pr0
                0x080096a0        0xc C:/Program Files (x86)/Arm GNU Toolchain arm-none-eabi/14.2 rel1/bin/../lib/gcc/arm-none-eabi/14.2.1/thumb/v6-m/nofp\libgcc.a(unwind-arm.o)
                0x080096a0                __aeabi_unwind_cpp_pr0
 .text.__aeabi_unwind_cpp_pr1
                0x080096ac        0xc C:/Program Files (x86)/Arm GNU Toolchain arm-none-eabi/14.2 rel1/bin/../lib/gcc/arm-none-eabi/14.2.1/thumb/v6-m/nofp\libgcc.a(unwind-arm.o)
                0x080096ac                __aeabi_unwind_cpp_pr1
 .text.__aeabi_unwind_cpp_pr2
                0x080096b8        0xc C:/Program Files (x86)/Arm GNU Toolchain arm-none-eabi/14.2 rel1/bin/../lib/gcc/arm-none-eabi/14.2.1/thumb/v6-m/nofp\libgcc.a(unwind-arm.o)
                0x080096b8                __aeabi_unwind_cpp_pr2
 .text._Unwind_VRS_Pop
                0x080096c4      0x2ac C:/Program Files (x86)/Arm GNU Toolchain arm-none-eabi/14.2 rel1/bin/../lib/gcc/arm-none-eabi/14.2.1/thumb/v6-m/nofp\libgcc.a(unwind-arm.o)
                0x080096c4                _Unwind_VRS_Pop
 .text.next_unwind_byte
                0x08009970       0x34 C:/Program Files (x86)/Arm GNU Toolchain arm-none-eabi/14.2 rel1/bin/../lib/gcc/arm-none-eabi/14.2.1/thumb/v6-m/nofp\libgcc.a(pr-support.o)
 .text.__gnu_unwind_execute
                0x080099a4      0x2f4 C:/Program Files (x86)/Arm GNU Toolchain arm-none-eabi/14.2 rel1/bin/../lib/gcc/arm-none-eabi/14.2.1/thumb/v6-m/nofp\libgcc.a(pr-support.o)
                0x080099a4                __gnu_unwind_execute
 .text.sprintf  0x08009c98       0x44 C:/Program Files (x86)/Arm GNU Toolchain arm-none-eabi/14.2 rel1/bin/../lib/gcc/arm-none-eabi/14.2.1/thumb/v6-m/nofp\libc_nano.a(libc_a-sprintf.o)
                0x08009c98                siprintf
                0x08009c98                sprintf
 .text.__errno  0x08009cdc        0xc C:/Program Files (x86)/Arm GNU Toolchain arm-none-eabi/14.2 rel1/bin/../lib/gcc/arm-none-eabi/14.2.1/thumb/v6-m/nofp\libc_nano.a(libc_a-errno.o)
                0x08009cdc                __errno
 .text.strcpy   0x08009ce8       0x10 C:/Program Files (x86)/Arm GNU Toolchain arm-none-eabi/14.2 rel1/bin/../lib/gcc/arm-none-eabi/14.2.1/thumb/v6-m/nofp\libc_nano.a(libc_a-strcpy.o)
                0x08009ce8                strcpy
 .text.__ssputs_r
                0x08009cf8       0xc8 C:/Program Files (x86)/Arm GNU Toolchain arm-none-eabi/14.2 rel1/bin/../lib/gcc/arm-none-eabi/14.2.1/thumb/v6-m/nofp\libc_nano.a(libc_a-nano-svfprintf.o)
                0x08009cf8                __ssputs_r
 .text._svfprintf_r
                0x08009dc0      0x208 C:/Program Files (x86)/Arm GNU Toolchain arm-none-eabi/14.2 rel1/bin/../lib/gcc/arm-none-eabi/14.2.1/thumb/v6-m/nofp\libc_nano.a(libc_a-nano-svfprintf.o)
                0x08009dc0                _svfiprintf_r
                0x08009dc0                _svfprintf_r
 .text._sbrk    0x08009fc8       0x1c C:/Program Files (x86)/Arm GNU Toolchain arm-none-eabi/14.2 rel1/bin/../lib/gcc/arm-none-eabi/14.2.1/thumb/v6-m/nofp\libnosys.a(sbrk.o)
                0x08009fc8                _sbrk
 .text._exit    0x08009fe4        0x4 C:/Program Files (x86)/Arm GNU Toolchain arm-none-eabi/14.2 rel1/bin/../lib/gcc/arm-none-eabi/14.2.1/thumb/v6-m/nofp\libnosys.a(_exit.o)
                0x08009fe4                _exit
 .text.logf     0x08009fe8       0x58 C:/Program Files (x86)/Arm GNU Toolchain arm-none-eabi/14.2 rel1/bin/../lib/gcc/arm-none-eabi/14.2.1/thumb/v6-m/nofp\libm.a(libm_a-wf_log.o)
                0x08009fe8                logf
 .text.nanf     0x0800a040        0x8 C:/Program Files (x86)/Arm GNU Toolchain arm-none-eabi/14.2 rel1/bin/../lib/gcc/arm-none-eabi/14.2.1/thumb/v6-m/nofp\libm.a(libm_a-sf_nan.o)
                0x0800a040                nanf
 .text.roundf   0x0800a048       0x48 C:/Program Files (x86)/Arm GNU Toolchain arm-none-eabi/14.2 rel1/bin/../lib/gcc/arm-none-eabi/14.2.1/thumb/v6-m/nofp\libm.a(libm_a-sf_round.o)
                0x0800a048                roundf
 .text.__ieee754_logf
                0x0800a090      0x28c C:/Program Files (x86)/Arm GNU Toolchain arm-none-eabi/14.2 rel1/bin/../lib/gcc/arm-none-eabi/14.2.1/thumb/v6-m/nofp\libm.a(libm_a-ef_log.o)
                0x0800a090                __ieee754_logf
 .text.__aeabi_fcmpun
                0x0800a31c       0x2c C:/Program Files (x86)/Arm GNU Toolchain arm-none-eabi/14.2 rel1/bin/../lib/gcc/arm-none-eabi/14.2.1/thumb/v6-m/nofp\libgcc.a(unordsf2.o)
                0x0800a31c                __aeabi_fcmpun
 *(.glue_7)
 .glue_7        0x0800a348        0x0 linker stubs
 *(.glue_7t)
 .glue_7t       0x0800a348        0x0 linker stubs
 *(.eh_frame)
 .eh_frame      0x0800a348        0x0 C:/Program Files (x86)/Arm GNU Toolchain arm-none-eabi/14.2 rel1/bin/../lib/gcc/arm-none-eabi/14.2.1/thumb/v6-m/nofp/crtbegin.o
 *(.init)
 .init          0x0800a348        0x4 C:/Program Files (x86)/Arm GNU Toolchain arm-none-eabi/14.2 rel1/bin/../lib/gcc/arm-none-eabi/14.2.1/thumb/v6-m/nofp/crti.o
                0x0800a348                _init
 .init          0x0800a34c        0x8 C:/Program Files (x86)/Arm GNU Toolchain arm-none-eabi/14.2 rel1/bin/../lib/gcc/arm-none-eabi/14.2.1/thumb/v6-m/nofp/crtn.o
 *(.fini)
 .fini          0x0800a354        0x4 C:/Program Files (x86)/Arm GNU Toolchain arm-none-eabi/14.2 rel1/bin/../lib/gcc/arm-none-eabi/14.2.1/thumb/v6-m/nofp/crti.o
                0x0800a354                _fini
 .fini          0x0800a358        0x8 C:/Program Files (x86)/Arm GNU Toolchain arm-none-eabi/14.2 rel1/bin/../lib/gcc/arm-none-eabi/14.2.1/thumb/v6-m/nofp/crtn.o
                0x0800a360                        . = ALIGN (0x4)
                0x0800a360                        _etext = .

.vfp11_veneer   0x0800a360        0x0
 .vfp11_veneer  0x0800a360        0x0 linker stubs

.v4_bx          0x0800a360        0x0
 .v4_bx         0x0800a360        0x0 linker stubs

.iplt           0x0800a360        0x0
 .iplt          0x0800a360        0x0 C:/Program Files (x86)/Arm GNU Toolchain arm-none-eabi/14.2 rel1/bin/../lib/gcc/arm-none-eabi/14.2.1/thumb/v6-m/nofp/crtbegin.o

.rodata         0x0800a360      0x6a0
                0x0800a360                        . = ALIGN (0x4)
 *(.rodata)
 .rodata        0x0800a360       0x14 ./Build/Libraries/PY32F0xx_HAL_Driver/Src/py32f0xx_hal_rcc.o
 *(.rodata*)
 .rodata._printf_float.str1.1
                0x0800a374      0x339 C:/Program Files (x86)/Arm GNU Toolchain arm-none-eabi/14.2 rel1/bin/../lib/gcc/arm-none-eabi/14.2.1/thumb/v6-m/nofp\libc_nano.a(libc_a-nano-vfprintf_float.o)
                                 0x12 (size before relaxing)
 .rodata._printf_i.str1.1
                0x0800a6ad       0x22 C:/Program Files (x86)/Arm GNU Toolchain arm-none-eabi/14.2 rel1/bin/../lib/gcc/arm-none-eabi/14.2.1/thumb/v6-m/nofp\libc_nano.a(libc_a-nano-vfprintf_i.o)
 .rodata._dtoa_r.str1.1
                0x0800a6ad       0x90 C:/Program Files (x86)/Arm GNU Toolchain arm-none-eabi/14.2 rel1/bin/../lib/gcc/arm-none-eabi/14.2.1/thumb/v6-m/nofp\libc_nano.a(libc_a-dtoa.o)
 .rodata._Balloc.str1.1
                0x0800a6ad       0x71 C:/Program Files (x86)/Arm GNU Toolchain arm-none-eabi/14.2 rel1/bin/../lib/gcc/arm-none-eabi/14.2.1/thumb/v6-m/nofp\libc_nano.a(libc_a-mprec.o)
 .rodata.__multadd.str1.1
                0x0800a6ad       0x11 C:/Program Files (x86)/Arm GNU Toolchain arm-none-eabi/14.2 rel1/bin/../lib/gcc/arm-none-eabi/14.2.1/thumb/v6-m/nofp\libc_nano.a(libc_a-mprec.o)
 *fill*         0x0800a6ad        0x3 
 .rodata.p05.0  0x0800a6b0        0xc C:/Program Files (x86)/Arm GNU Toolchain arm-none-eabi/14.2 rel1/bin/../lib/gcc/arm-none-eabi/14.2.1/thumb/v6-m/nofp\libc_nano.a(libc_a-mprec.o)
 *fill*         0x0800a6bc        0x4 
 .rodata.__mprec_bigtens
                0x0800a6c0       0x28 C:/Program Files (x86)/Arm GNU Toolchain arm-none-eabi/14.2 rel1/bin/../lib/gcc/arm-none-eabi/14.2.1/thumb/v6-m/nofp\libc_nano.a(libc_a-mprec.o)
                0x0800a6c0                __mprec_bigtens
 .rodata.__mprec_tens
                0x0800a6e8       0xc8 C:/Program Files (x86)/Arm GNU Toolchain arm-none-eabi/14.2 rel1/bin/../lib/gcc/arm-none-eabi/14.2.1/thumb/v6-m/nofp\libc_nano.a(libc_a-mprec.o)
                0x0800a6e8                __mprec_tens
 .rodata._setlocale_r.str1.1
                0x0800a7b0        0x9 C:/Program Files (x86)/Arm GNU Toolchain arm-none-eabi/14.2 rel1/bin/../lib/gcc/arm-none-eabi/14.2.1/thumb/v6-m/nofp\libc_nano.a(libc_a-locale.o)
 .rodata.str1.1
                0x0800a7b0        0x2 C:/Program Files (x86)/Arm GNU Toolchain arm-none-eabi/14.2 rel1/bin/../lib/gcc/arm-none-eabi/14.2.1/thumb/v6-m/nofp\libc_nano.a(libc_a-locale.o)
 .rodata.__assert_func.str1.1
                0x0800a7b0       0x3d C:/Program Files (x86)/Arm GNU Toolchain arm-none-eabi/14.2 rel1/bin/../lib/gcc/arm-none-eabi/14.2.1/thumb/v6-m/nofp\libc_nano.a(libc_a-assert.o)
 .rodata._ctype_
                0x0800a7b0      0x101 C:/Program Files (x86)/Arm GNU Toolchain arm-none-eabi/14.2 rel1/bin/../lib/gcc/arm-none-eabi/14.2.1/thumb/v6-m/nofp\libc_nano.a(libc_a-ctype_.o)
                0x0800a7b0                _ctype_
 .rodata._vfprintf_r.str1.1
                0x0800a8b1       0x11 C:/Program Files (x86)/Arm GNU Toolchain arm-none-eabi/14.2 rel1/bin/../lib/gcc/arm-none-eabi/14.2.1/thumb/v6-m/nofp\libc_nano.a(libc_a-nano-vfprintf.o)
 .rodata.APP_ErrorHandler.str1.1
                0x0800a8b1       0x28 ./Build/Src/error_handler.o
 *fill*         0x0800a8b1        0x3 
 .rodata.APBPrescTable
                0x0800a8b4       0x20 ./Build/Libraries/CMSIS/Device/PY32F0xx/Source/system_py32f0xx.o
                0x0800a8b4                APBPrescTable
 .rodata.AHBPrescTable
                0x0800a8d4       0x40 ./Build/Libraries/CMSIS/Device/PY32F0xx/Source/system_py32f0xx.o
                0x0800a8d4                AHBPrescTable
 .rodata._Z9print_UIDv.str1.1
                0x0800a914       0x13 ./Build/Src/main.o
 .rodata._Z13init_adc_datav.str1.1
                0x0800a914       0xad ./Build/Src/main.o
 .rodata._Z15start_naat_testv.str1.1
                0x0800a914       0x24 ./Build/Src/main.o
 .rodata._Z14stop_naat_testv.str1.1
                0x0800a914       0x10 ./Build/Src/main.o
 .rodata._Z12system_setupv.str1.1
                0x0800a914       0x2e ./Build/Src/main.o
 .rodata.print_log_data.str1.1
                0x0800a914       0x35 ./Build/Src/main.o
 .rodata.send_max_temps.str1.1
                0x0800a914       0x47 ./Build/Src/main.o
 .rodata.__aeabi_fdiv
                0x0800a914       0x7c C:/Program Files (x86)/Arm GNU Toolchain arm-none-eabi/14.2 rel1/bin/../lib/gcc/arm-none-eabi/14.2.1/thumb/v6-m/nofp\libgcc.a(divsf3.o)
 .rodata.__aeabi_ddiv
                0x0800a990       0x40 C:/Program Files (x86)/Arm GNU Toolchain arm-none-eabi/14.2 rel1/bin/../lib/gcc/arm-none-eabi/14.2.1/thumb/v6-m/nofp\libgcc.a(divdf3.o)
 .rodata._Unwind_VRS_Pop
                0x0800a9d0       0x18 C:/Program Files (x86)/Arm GNU Toolchain arm-none-eabi/14.2 rel1/bin/../lib/gcc/arm-none-eabi/14.2.1/thumb/v6-m/nofp\libgcc.a(unwind-arm.o)
 .rodata.__gnu_unwind_execute
                0x0800a9e8       0x14 C:/Program Files (x86)/Arm GNU Toolchain arm-none-eabi/14.2 rel1/bin/../lib/gcc/arm-none-eabi/14.2.1/thumb/v6-m/nofp\libgcc.a(pr-support.o)
 .rodata._svfprintf_r.str1.1
                0x0800a9fc       0x11 C:/Program Files (x86)/Arm GNU Toolchain arm-none-eabi/14.2 rel1/bin/../lib/gcc/arm-none-eabi/14.2.1/thumb/v6-m/nofp\libc_nano.a(libc_a-nano-svfprintf.o)
 .rodata.logf.str1.4
                0x0800a9fc        0x1 C:/Program Files (x86)/Arm GNU Toolchain arm-none-eabi/14.2 rel1/bin/../lib/gcc/arm-none-eabi/14.2.1/thumb/v6-m/nofp\libm.a(libm_a-wf_log.o)
                0x0800aa10                        . = ALIGN (0x4)
 *fill*         0x0800a9fd        0x3 

.ARM.extab      0x0800aa00       0x3c
 *(.ARM.extab* .gnu.linkonce.armextab.*)
 .ARM.extab.text.unwind_phase2_forced
                0x0800aa00        0xc C:/Program Files (x86)/Arm GNU Toolchain arm-none-eabi/14.2 rel1/bin/../lib/gcc/arm-none-eabi/14.2.1/thumb/v6-m/nofp\libgcc.a(unwind-arm.o)
 .ARM.extab.text.__gnu_Unwind_Backtrace
                0x0800aa0c        0xc C:/Program Files (x86)/Arm GNU Toolchain arm-none-eabi/14.2 rel1/bin/../lib/gcc/arm-none-eabi/14.2.1/thumb/v6-m/nofp\libgcc.a(unwind-arm.o)
 .ARM.extab.text.__gnu_unwind_pr_common
                0x0800aa18        0xc C:/Program Files (x86)/Arm GNU Toolchain arm-none-eabi/14.2 rel1/bin/../lib/gcc/arm-none-eabi/14.2.1/thumb/v6-m/nofp\libgcc.a(unwind-arm.o)
 .ARM.extab.text._Unwind_VRS_Pop
                0x0800aa24        0xc C:/Program Files (x86)/Arm GNU Toolchain arm-none-eabi/14.2 rel1/bin/../lib/gcc/arm-none-eabi/14.2.1/thumb/v6-m/nofp\libgcc.a(unwind-arm.o)
 .ARM.extab.text.__gnu_unwind_execute
                0x0800aa30        0xc C:/Program Files (x86)/Arm GNU Toolchain arm-none-eabi/14.2 rel1/bin/../lib/gcc/arm-none-eabi/14.2.1/thumb/v6-m/nofp\libgcc.a(pr-support.o)

.ARM            0x0800aa3c      0x150
                0x0800aa3c                        __exidx_start = .
 *(.ARM.exidx*)
 .ARM.exidx.text.PY32_ADC_Temp_to_degC
                0x0800aa3c        0x8 ./Build/Src/adc.o
 .ARM.exidx.text.ADC_to_thermistor_resistance
                0x0800aa44        0x0 ./Build/Src/adc.o
                                  0x8 (size before relaxing)
 .ARM.exidx.text.thermistor_r_to_temperature
                0x0800aa44        0x0 ./Build/Src/adc.o
                                  0x8 (size before relaxing)
 .ARM.exidx.text.ADC_Read
                0x0800aa44        0x8 ./Build/Src/adc.o
 .ARM.exidx.text.PIDTimer_ISR
                0x0800aa4c        0x8 ./Build/Src/main.o
 .ARM.exidx.text.MinuteTimer_ISR
                0x0800aa54        0x0 ./Build/Src/main.o
                                  0x8 (size before relaxing)
 .ARM.exidx.text.DataCollection_ISR
                0x0800aa54        0x0 ./Build/Src/main.o
                                  0x8 (size before relaxing)
 .ARM.exidx.text.ActuationDelay_ISR
                0x0800aa54        0x0 ./Build/Src/main.o
                                  0x8 (size before relaxing)
 .ARM.exidx.text.DelayedStart_ISR
                0x0800aa54        0x0 ./Build/Src/main.o
                                  0x8 (size before relaxing)
 .ARM.exidx.text.LogData_ISR
                0x0800aa54        0x0 ./Build/Src/main.o
                                  0x8 (size before relaxing)
 .ARM.exidx.text.PWMTimer_ISR
                0x0800aa54        0x8 ./Build/Src/main.o
 .ARM.exidx.text.LEDTimer_ISR
                0x0800aa5c        0x8 ./Build/Src/main.o
 .ARM.exidx.text._Z9print_UIDv
                0x0800aa64        0x8 ./Build/Src/main.o
 .ARM.exidx.text._Z8pid_init8heater_t7CONTROL
                0x0800aa6c        0x8 ./Build/Src/main.o
 .ARM.exidx.text._Z14power_on_testsv
                0x0800aa74        0x8 ./Build/Src/main.o
 .ARM.exidx.text._Z13init_adc_datav
                0x0800aa7c        0x8 ./Build/Src/main.o
 .ARM.exidx.text._Z15start_naat_testv
                0x0800aa84        0x0 ./Build/Src/main.o
                                  0x8 (size before relaxing)
 .ARM.exidx.text._Z14stop_naat_testv
                0x0800aa84        0x8 ./Build/Src/main.o
 .ARM.exidx.text._Z9Data_initv
                0x0800aa8c        0x8 ./Build/Src/main.o
 .ARM.exidx.text._Z12system_setupv
                0x0800aa94        0x8 ./Build/Src/main.o
 .ARM.exidx.text.ADC_data_collect
                0x0800aa9c        0x8 ./Build/Src/main.o
 .ARM.exidx.text.Update_PID
                0x0800aaa4        0x8 ./Build/Src/main.o
 .ARM.exidx.text.print_log_data
                0x0800aaac        0x8 ./Build/Src/main.o
 .ARM.exidx.text.send_max_temps
                0x0800aab4        0x8 ./Build/Src/main.o
 .ARM.exidx.text._Z15APP_UpdateStatev
                0x0800aabc        0x8 ./Build/Src/main.o
 .ARM.exidx.text.startup.main
                0x0800aac4        0x8 ./Build/Src/main.o
 .ARM.exidx.text.pid_controller_init
                0x0800aacc        0x8 ./Build/Src/pid.o
 .ARM.exidx.text.pid_controller_compute
                0x0800aad4        0x8 ./Build/Src/pid.o
 .ARM.exidx.text.TIMER_Init
                0x0800aadc        0x8 ./Build/Src/timers.o
 .ARM.exidx.text.Register_timer
                0x0800aae4        0x8 ./Build/Src/timers.o
 .ARM.exidx.text.Enable_timer
                0x0800aaec        0x0 ./Build/Src/timers.o
                                  0x8 (size before relaxing)
 .ARM.exidx.text.Disable_timer
                0x0800aaec        0x0 ./Build/Src/timers.o
                                  0x8 (size before relaxing)
 .ARM.exidx.text.Update_TimerTickInterval
                0x0800aaec        0x0 ./Build/Src/timers.o
                                  0x8 (size before relaxing)
 .ARM.exidx.text.HAL_TIM_PeriodElapsedCallback
                0x0800aaec        0x8 ./Build/Src/timers.o
 .ARM.exidx.text.APP_SystemClockConfig
                0x0800aaf4       0x10 ./Build/Src/timers.o
                                  0x8 (size before relaxing)
 .ARM.exidx.text.selfrel_offset31
                0x0800ab04        0x0 C:/Program Files (x86)/Arm GNU Toolchain arm-none-eabi/14.2 rel1/bin/../lib/gcc/arm-none-eabi/14.2.1/thumb/v6-m/nofp\libgcc.a(unwind-arm.o)
                                  0x8 (size before relaxing)
 .ARM.exidx.text.search_EIT_table
                0x0800ab04        0x0 C:/Program Files (x86)/Arm GNU Toolchain arm-none-eabi/14.2 rel1/bin/../lib/gcc/arm-none-eabi/14.2.1/thumb/v6-m/nofp\libgcc.a(unwind-arm.o)
                                  0x8 (size before relaxing)
 .ARM.exidx.text.__gnu_unwind_get_pr_addr
                0x0800ab04        0x0 C:/Program Files (x86)/Arm GNU Toolchain arm-none-eabi/14.2 rel1/bin/../lib/gcc/arm-none-eabi/14.2.1/thumb/v6-m/nofp\libgcc.a(unwind-arm.o)
                                  0x8 (size before relaxing)
 .ARM.exidx.text.get_eit_entry
                0x0800ab04        0x8 C:/Program Files (x86)/Arm GNU Toolchain arm-none-eabi/14.2 rel1/bin/../lib/gcc/arm-none-eabi/14.2.1/thumb/v6-m/nofp\libgcc.a(unwind-arm.o)
 .ARM.exidx.text.restore_non_core_regs
                0x0800ab0c        0x8 C:/Program Files (x86)/Arm GNU Toolchain arm-none-eabi/14.2 rel1/bin/../lib/gcc/arm-none-eabi/14.2.1/thumb/v6-m/nofp\libgcc.a(unwind-arm.o)
 .ARM.exidx.text._Unwind_decode_typeinfo_ptr.constprop.0
                0x0800ab14        0x8 C:/Program Files (x86)/Arm GNU Toolchain arm-none-eabi/14.2 rel1/bin/../lib/gcc/arm-none-eabi/14.2.1/thumb/v6-m/nofp\libgcc.a(unwind-arm.o)
 .ARM.exidx.text._Unwind_DebugHook
                0x0800ab1c        0x0 C:/Program Files (x86)/Arm GNU Toolchain arm-none-eabi/14.2 rel1/bin/../lib/gcc/arm-none-eabi/14.2.1/thumb/v6-m/nofp\libgcc.a(unwind-arm.o)
                                  0x8 (size before relaxing)
 .ARM.exidx.text.unwind_phase2
                0x0800ab1c        0x8 C:/Program Files (x86)/Arm GNU Toolchain arm-none-eabi/14.2 rel1/bin/../lib/gcc/arm-none-eabi/14.2.1/thumb/v6-m/nofp\libgcc.a(unwind-arm.o)
 .ARM.exidx.text.unwind_phase2_forced
                0x0800ab24        0x8 C:/Program Files (x86)/Arm GNU Toolchain arm-none-eabi/14.2 rel1/bin/../lib/gcc/arm-none-eabi/14.2.1/thumb/v6-m/nofp\libgcc.a(unwind-arm.o)
 .ARM.exidx.text.__gnu_Unwind_RaiseException
                0x0800ab2c        0x8 C:/Program Files (x86)/Arm GNU Toolchain arm-none-eabi/14.2 rel1/bin/../lib/gcc/arm-none-eabi/14.2.1/thumb/v6-m/nofp\libgcc.a(unwind-arm.o)
 .ARM.exidx.text.__gnu_Unwind_ForcedUnwind
                0x0800ab34        0x8 C:/Program Files (x86)/Arm GNU Toolchain arm-none-eabi/14.2 rel1/bin/../lib/gcc/arm-none-eabi/14.2.1/thumb/v6-m/nofp\libgcc.a(unwind-arm.o)
 .ARM.exidx.text.__gnu_Unwind_Resume
                0x0800ab3c        0x8 C:/Program Files (x86)/Arm GNU Toolchain arm-none-eabi/14.2 rel1/bin/../lib/gcc/arm-none-eabi/14.2.1/thumb/v6-m/nofp\libgcc.a(unwind-arm.o)
 .ARM.exidx.text.__gnu_Unwind_Resume_or_Rethrow
                0x0800ab44        0x8 C:/Program Files (x86)/Arm GNU Toolchain arm-none-eabi/14.2 rel1/bin/../lib/gcc/arm-none-eabi/14.2.1/thumb/v6-m/nofp\libgcc.a(unwind-arm.o)
 .ARM.exidx.text._Unwind_VRS_Get
                0x0800ab4c        0x8 C:/Program Files (x86)/Arm GNU Toolchain arm-none-eabi/14.2 rel1/bin/../lib/gcc/arm-none-eabi/14.2.1/thumb/v6-m/nofp\libgcc.a(unwind-arm.o)
 .ARM.exidx.text._Unwind_GetGR
                0x0800ab54        0x0 C:/Program Files (x86)/Arm GNU Toolchain arm-none-eabi/14.2 rel1/bin/../lib/gcc/arm-none-eabi/14.2.1/thumb/v6-m/nofp\libgcc.a(unwind-arm.o)
                                  0x8 (size before relaxing)
 .ARM.exidx.text._Unwind_VRS_Set
                0x0800ab54        0x0 C:/Program Files (x86)/Arm GNU Toolchain arm-none-eabi/14.2 rel1/bin/../lib/gcc/arm-none-eabi/14.2.1/thumb/v6-m/nofp\libgcc.a(unwind-arm.o)
                                  0x8 (size before relaxing)
 .ARM.exidx.text._Unwind_SetGR
                0x0800ab54        0x0 C:/Program Files (x86)/Arm GNU Toolchain arm-none-eabi/14.2 rel1/bin/../lib/gcc/arm-none-eabi/14.2.1/thumb/v6-m/nofp\libgcc.a(unwind-arm.o)
                                  0x8 (size before relaxing)
 .ARM.exidx.text.__gnu_Unwind_Backtrace
                0x0800ab54        0x8 C:/Program Files (x86)/Arm GNU Toolchain arm-none-eabi/14.2 rel1/bin/../lib/gcc/arm-none-eabi/14.2.1/thumb/v6-m/nofp\libgcc.a(unwind-arm.o)
 .ARM.exidx.text.__gnu_unwind_pr_common
                0x0800ab5c        0x8 C:/Program Files (x86)/Arm GNU Toolchain arm-none-eabi/14.2 rel1/bin/../lib/gcc/arm-none-eabi/14.2.1/thumb/v6-m/nofp\libgcc.a(unwind-arm.o)
 .ARM.exidx.text.__aeabi_unwind_cpp_pr0
                0x0800ab64        0x8 C:/Program Files (x86)/Arm GNU Toolchain arm-none-eabi/14.2 rel1/bin/../lib/gcc/arm-none-eabi/14.2.1/thumb/v6-m/nofp\libgcc.a(unwind-arm.o)
 .ARM.exidx.text.__aeabi_unwind_cpp_pr1
                0x0800ab6c        0x0 C:/Program Files (x86)/Arm GNU Toolchain arm-none-eabi/14.2 rel1/bin/../lib/gcc/arm-none-eabi/14.2.1/thumb/v6-m/nofp\libgcc.a(unwind-arm.o)
                                  0x8 (size before relaxing)
 .ARM.exidx.text.__aeabi_unwind_cpp_pr2
                0x0800ab6c        0x0 C:/Program Files (x86)/Arm GNU Toolchain arm-none-eabi/14.2 rel1/bin/../lib/gcc/arm-none-eabi/14.2.1/thumb/v6-m/nofp\libgcc.a(unwind-arm.o)
                                  0x8 (size before relaxing)
 .ARM.exidx.text._Unwind_VRS_Pop
                0x0800ab6c        0x8 C:/Program Files (x86)/Arm GNU Toolchain arm-none-eabi/14.2 rel1/bin/../lib/gcc/arm-none-eabi/14.2.1/thumb/v6-m/nofp\libgcc.a(unwind-arm.o)
 .ARM.exidx.text.next_unwind_byte
                0x0800ab74        0x8 C:/Program Files (x86)/Arm GNU Toolchain arm-none-eabi/14.2 rel1/bin/../lib/gcc/arm-none-eabi/14.2.1/thumb/v6-m/nofp\libgcc.a(pr-support.o)
 .ARM.exidx.text.__gnu_unwind_execute
                0x0800ab7c       0x10 C:/Program Files (x86)/Arm GNU Toolchain arm-none-eabi/14.2 rel1/bin/../lib/gcc/arm-none-eabi/14.2.1/thumb/v6-m/nofp\libgcc.a(pr-support.o)
                                  0x8 (size before relaxing)
                0x0800ab8c                        __exidx_end = .

.rel.dyn        0x0800ab8c        0x0
 .rel.iplt      0x0800ab8c        0x0 C:/Program Files (x86)/Arm GNU Toolchain arm-none-eabi/14.2 rel1/bin/../lib/gcc/arm-none-eabi/14.2.1/thumb/v6-m/nofp/crtbegin.o

.preinit_array  0x0800ab8c        0x0
                0x0800ab8c                        PROVIDE (__preinit_array_start = .)
 *(.preinit_array*)
                0x0800ab8c                        PROVIDE (__preinit_array_end = .)

.init_array     0x0800ab8c        0x4
                0x0800ab8c                        PROVIDE (__init_array_start = .)
 *(SORT_BY_NAME(.init_array.*))
 *(.init_array*)
 .init_array    0x0800ab8c        0x4 C:/Program Files (x86)/Arm GNU Toolchain arm-none-eabi/14.2 rel1/bin/../lib/gcc/arm-none-eabi/14.2.1/thumb/v6-m/nofp/crtbegin.o
                0x0800ab90                        PROVIDE (__init_array_end = .)

.fini_array     0x0800ab90        0x4
                [!provide]                        PROVIDE (__fini_array_start = .)
 *(SORT_BY_NAME(.fini_array.*))
 *(.fini_array*)
 .fini_array    0x0800ab90        0x4 C:/Program Files (x86)/Arm GNU Toolchain arm-none-eabi/14.2 rel1/bin/../lib/gcc/arm-none-eabi/14.2.1/thumb/v6-m/nofp/crtbegin.o
                [!provide]                        PROVIDE (__fini_array_end = .)
                0x0800ab94                        _sidata = LOADADDR (.data)

.data           0x200000c0      0x414 load address 0x0800ab94
                0x200000c0                        . = ALIGN (0x4)
                0x200000c0                        _sdata = .
 *(.data)
 *(.data*)
 .data.__sglue  0x200000c0        0xc C:/Program Files (x86)/Arm GNU Toolchain arm-none-eabi/14.2 rel1/bin/../lib/gcc/arm-none-eabi/14.2.1/thumb/v6-m/nofp\libc_nano.a(libc_a-findfp.o)
                0x200000c0                __sglue
 .data._impure_ptr
                0x200000cc        0x4 C:/Program Files (x86)/Arm GNU Toolchain arm-none-eabi/14.2 rel1/bin/../lib/gcc/arm-none-eabi/14.2.1/thumb/v6-m/nofp\libc_nano.a(libc_a-impure.o)
                0x200000cc                _impure_ptr
 .data._impure_data
                0x200000d0       0x4c C:/Program Files (x86)/Arm GNU Toolchain arm-none-eabi/14.2 rel1/bin/../lib/gcc/arm-none-eabi/14.2.1/thumb/v6-m/nofp\libc_nano.a(libc_a-impure.o)
                0x200000d0                _impure_data
 .data.__global_locale
                0x2000011c      0x16c C:/Program Files (x86)/Arm GNU Toolchain arm-none-eabi/14.2 rel1/bin/../lib/gcc/arm-none-eabi/14.2.1/thumb/v6-m/nofp\libc_nano.a(libc_a-locale.o)
                0x2000011c                __global_locale
 .data.uwTickFreq
                0x20000288        0x4 ./Build/Libraries/PY32F0xx_HAL_Driver/Src/py32f0xx_hal.o
                0x20000288                uwTickFreq
 .data.uwTickPrio
                0x2000028c        0x4 ./Build/Libraries/PY32F0xx_HAL_Driver/Src/py32f0xx_hal.o
                0x2000028c                uwTickPrio
 .data.SystemCoreClock
                0x20000290        0x4 ./Build/Libraries/CMSIS/Device/PY32F0xx/Source/system_py32f0xx.o
                0x20000290                SystemCoreClock
 .data.valve_amp_control
                0x20000294      0x120 ./Build/Src/main.o
                0x20000294                valve_amp_control
 .data.sample_amp_control
                0x200003b4      0x120 ./Build/Src/main.o
                0x200003b4                sample_amp_control
                0x200004d4                        . = ALIGN (0x4)
                0x200004d4                        _edata = .

.tm_clone_table
                0x200004d4        0x0 load address 0x0800afa8
 .tm_clone_table
                0x200004d4        0x0 C:/Program Files (x86)/Arm GNU Toolchain arm-none-eabi/14.2 rel1/bin/../lib/gcc/arm-none-eabi/14.2.1/thumb/v6-m/nofp/crtbegin.o
 .tm_clone_table
                0x200004d4        0x0 C:/Program Files (x86)/Arm GNU Toolchain arm-none-eabi/14.2 rel1/bin/../lib/gcc/arm-none-eabi/14.2.1/thumb/v6-m/nofp/crtend.o

.igot.plt       0x200004d4        0x0 load address 0x0800afa8
 .igot.plt      0x200004d4        0x0 C:/Program Files (x86)/Arm GNU Toolchain arm-none-eabi/14.2 rel1/bin/../lib/gcc/arm-none-eabi/14.2.1/thumb/v6-m/nofp/crtbegin.o
                0x200004d4                        . = ALIGN (0x4)

.bss            0x200004d8      0x6c8 load address 0x0800afa8
                0x200004d8                        _sbss = .
                0x200004d8                        __bss_start__ = _sbss
 *(.bss)
 *(.bss*)
 .bss.completed.1
                0x200004d8        0x1 C:/Program Files (x86)/Arm GNU Toolchain arm-none-eabi/14.2 rel1/bin/../lib/gcc/arm-none-eabi/14.2.1/thumb/v6-m/nofp/crtbegin.o
 *fill*         0x200004d9        0x3 
 .bss.object.0  0x200004dc       0x18 C:/Program Files (x86)/Arm GNU Toolchain arm-none-eabi/14.2 rel1/bin/../lib/gcc/arm-none-eabi/14.2.1/thumb/v6-m/nofp/crtbegin.o
 .bss.__sf      0x200004f4      0x138 C:/Program Files (x86)/Arm GNU Toolchain arm-none-eabi/14.2 rel1/bin/../lib/gcc/arm-none-eabi/14.2.1/thumb/v6-m/nofp\libc_nano.a(libc_a-findfp.o)
                0x200004f4                __sf
 .bss.__stdio_exit_handler
                0x2000062c        0x4 C:/Program Files (x86)/Arm GNU Toolchain arm-none-eabi/14.2 rel1/bin/../lib/gcc/arm-none-eabi/14.2.1/thumb/v6-m/nofp\libc_nano.a(libc_a-findfp.o)
                0x2000062c                __stdio_exit_handler
 .bss.errno     0x20000630        0x4 C:/Program Files (x86)/Arm GNU Toolchain arm-none-eabi/14.2 rel1/bin/../lib/gcc/arm-none-eabi/14.2.1/thumb/v6-m/nofp\libc_nano.a(libc_a-reent.o)
                0x20000630                errno
 .bss.__lock___malloc_recursive_mutex
                0x20000634        0x1 C:/Program Files (x86)/Arm GNU Toolchain arm-none-eabi/14.2 rel1/bin/../lib/gcc/arm-none-eabi/14.2.1/thumb/v6-m/nofp\libc_nano.a(libc_a-lock.o)
                0x20000634                __lock___malloc_recursive_mutex
 .bss.__lock___sfp_recursive_mutex
                0x20000635        0x1 C:/Program Files (x86)/Arm GNU Toolchain arm-none-eabi/14.2 rel1/bin/../lib/gcc/arm-none-eabi/14.2.1/thumb/v6-m/nofp\libc_nano.a(libc_a-lock.o)
                0x20000635                __lock___sfp_recursive_mutex
 *fill*         0x20000636        0x2 
 .bss.__malloc_sbrk_start
                0x20000638        0x4 C:/Program Files (x86)/Arm GNU Toolchain arm-none-eabi/14.2 rel1/bin/../lib/gcc/arm-none-eabi/14.2.1/thumb/v6-m/nofp\libc_nano.a(libc_a-mallocr.o)
                0x20000638                __malloc_sbrk_start
 .bss.__malloc_free_list
                0x2000063c        0x4 C:/Program Files (x86)/Arm GNU Toolchain arm-none-eabi/14.2 rel1/bin/../lib/gcc/arm-none-eabi/14.2.1/thumb/v6-m/nofp\libc_nano.a(libc_a-mallocr.o)
                0x2000063c                __malloc_free_list
 .bss.temperature_cal
                0x20000640        0x4 ./Build/Src/io/adc_init.o
                0x20000640                temperature_cal
 .bss.AdcChanConf
                0x20000644        0xc ./Build/Src/io/adc_init.o
                0x20000644                AdcChanConf
 .bss.AdcHandle
                0x20000650       0x40 ./Build/Src/io/adc_init.o
                0x20000650                AdcHandle
 .bss.Pins      0x20000690       0x7c ./Build/Src/io/gpio_init.o
                0x20000690                Pins
 .bss.UartHandle
                0x2000070c       0x4c ./Build/Src/io/uart_init.o
                0x2000070c                UartHandle
 .bss.uwTick    0x20000758        0x4 ./Build/Libraries/PY32F0xx_HAL_Driver/Src/py32f0xx_hal.o
                0x20000758                uwTick
 .bss.DebugUartHandle
                0x2000075c       0x4c ./Build/Libraries/PY32F0xx_HAL_BSP/Src/py32f0xx_bsp_printf.o
                0x2000075c                DebugUartHandle
 .bss.pwm_valve_ctrl
                0x200007a8       0x30 ./Build/Src/main.o
                0x200007a8                pwm_valve_ctrl
 .bss.pwm_amp_ctrl
                0x200007d8       0x30 ./Build/Src/main.o
                0x200007d8                pwm_amp_ctrl
 .bss.outputStr
                0x20000808      0x100 ./Build/Src/main.o
                0x20000808                outputStr
 .bss.last_pushbutton_value
                0x20000908        0x1 ./Build/Src/main.o
                0x20000908                last_pushbutton_value
 .bss.pushbutton_value
                0x20000909        0x1 ./Build/Src/main.o
                0x20000909                pushbutton_value
 .bss.ActuationDelayTimerNumber
                0x2000090a        0x1 ./Build/Src/main.o
                0x2000090a                ActuationDelayTimerNumber
 .bss.LogTimerNumber
                0x2000090b        0x1 ./Build/Src/main.o
                0x2000090b                LogTimerNumber
 .bss.DelayedStartTimerNumber
                0x2000090c        0x1 ./Build/Src/main.o
                0x2000090c                DelayedStartTimerNumber
 .bss.DataCollectionTimerNumber
                0x2000090d        0x1 ./Build/Src/main.o
                0x2000090d                DataCollectionTimerNumber
 .bss.MinuteTimerNumber
                0x2000090e        0x1 ./Build/Src/main.o
                0x2000090e                MinuteTimerNumber
 .bss.PIDTimerNumber
                0x2000090f        0x1 ./Build/Src/main.o
                0x2000090f                PIDTimerNumber
 .bss.LEDTimerNumber
                0x20000910        0x1 ./Build/Src/main.o
                0x20000910                LEDTimerNumber
 .bss.PWMTimerNumber
                0x20000911        0x1 ./Build/Src/main.o
                0x20000911                PWMTimerNumber
 .bss.flags     0x20000912        0x8 ./Build/Src/main.o
                0x20000912                flags
 *fill*         0x2000091a        0x2 
 .bss.data      0x2000091c       0xac ./Build/Src/main.o
                0x2000091c                data
 .bss.pid_data  0x200009c8       0x98 ./Build/Src/pid.o
                0x200009c8                pid_data
 .bss._ZZ29HAL_TIM_PeriodElapsedCallbackE15msec_subcounter
                0x20000a60        0x1 ./Build/Src/timers.o
 *fill*         0x20000a61        0x3 
 .bss.ISRTimers
                0x20000a64       0xf0 ./Build/Src/timers.o
                0x20000a64                ISRTimers
 .bss.Registered_ISRTimers
                0x20000b54        0x1 ./Build/Src/timers.o
                0x20000b54                Registered_ISRTimers
 *fill*         0x20000b55        0x3 
 .bss.TIM1_tick_count
                0x20000b58        0x4 ./Build/Src/timers.o
                0x20000b58                TIM1_tick_count
 .bss.tim1Handle
                0x20000b5c       0x40 ./Build/Src/timers.o
                0x20000b5c                tim1Handle
 .bss.heap_end.0
                0x20000b9c        0x4 C:/Program Files (x86)/Arm GNU Toolchain arm-none-eabi/14.2 rel1/bin/../lib/gcc/arm-none-eabi/14.2.1/thumb/v6-m/nofp\libnosys.a(sbrk.o)
 *(COMMON)
                0x20000ba0                        . = ALIGN (0x4)
                0x20000ba0                        _ebss = .
                0x20000ba0                        __bss_end__ = _ebss

._user_heap_stack
                0x20000ba0      0x600 load address 0x0800afa8
                0x20000ba0                        . = ALIGN (0x8)
                0x20000ba0                        PROVIDE (end = .)
                [!provide]                        PROVIDE (_end = .)
                0x20000da0                        . = (. + _Min_Heap_Size)
 *fill*         0x20000ba0      0x200 
                0x200011a0                        . = (. + _Min_Stack_Size)
 *fill*         0x20000da0      0x400 
                0x200011a0                        . = ALIGN (0x8)

/DISCARD/
 libc.a(*)
 libm.a(*)
 libgcc.a(*)

.ARM.attributes
                0x00000000       0x28
 *(.ARM.attributes)
 .ARM.attributes
                0x00000000       0x1e C:/Program Files (x86)/Arm GNU Toolchain arm-none-eabi/14.2 rel1/bin/../lib/gcc/arm-none-eabi/14.2.1/thumb/v6-m/nofp/crti.o
 .ARM.attributes
                0x0000001e       0x2c C:/Program Files (x86)/Arm GNU Toolchain arm-none-eabi/14.2 rel1/bin/../lib/gcc/arm-none-eabi/14.2.1/thumb/v6-m/nofp/crtbegin.o
 .ARM.attributes
                0x0000004a       0x2c C:/Program Files (x86)/Arm GNU Toolchain arm-none-eabi/14.2 rel1/bin/../lib/gcc/arm-none-eabi/14.2.1/thumb/v6-m/nofp\libc_nano.a(libc_a-nano-vfprintf_float.o)
 .ARM.attributes
                0x00000076       0x2c C:/Program Files (x86)/Arm GNU Toolchain arm-none-eabi/14.2 rel1/bin/../lib/gcc/arm-none-eabi/14.2.1/thumb/v6-m/nofp\libc_nano.a(libc_a-nano-vfprintf_i.o)
 .ARM.attributes
                0x000000a2       0x2c C:/Program Files (x86)/Arm GNU Toolchain arm-none-eabi/14.2 rel1/bin/../lib/gcc/arm-none-eabi/14.2.1/thumb/v6-m/nofp\libc_nano.a(libc_a-findfp.o)
 .ARM.attributes
                0x000000ce       0x2c C:/Program Files (x86)/Arm GNU Toolchain arm-none-eabi/14.2 rel1/bin/../lib/gcc/arm-none-eabi/14.2.1/thumb/v6-m/nofp\libc_nano.a(libc_a-fwalk.o)
 .ARM.attributes
                0x000000fa       0x2c C:/Program Files (x86)/Arm GNU Toolchain arm-none-eabi/14.2 rel1/bin/../lib/gcc/arm-none-eabi/14.2.1/thumb/v6-m/nofp\libc_nano.a(libc_a-stdio.o)
 .ARM.attributes
                0x00000126       0x2c C:/Program Files (x86)/Arm GNU Toolchain arm-none-eabi/14.2 rel1/bin/../lib/gcc/arm-none-eabi/14.2.1/thumb/v6-m/nofp\libc_nano.a(libc_a-memset.o)
 .ARM.attributes
                0x00000152       0x2c C:/Program Files (x86)/Arm GNU Toolchain arm-none-eabi/14.2 rel1/bin/../lib/gcc/arm-none-eabi/14.2.1/thumb/v6-m/nofp\libc_nano.a(libc_a-localeconv.o)
 .ARM.attributes