Archive member included to satisfy reference by file (symbol)

C:/Program Files (x86)/Arm GNU Toolchain arm-none-eabi/14.2 rel1/bin/../lib/gcc/arm-none-eabi/14.2.1/thumb/v6-m/nofp\libc_nano.a(libc_a-exit.o)
                              C:/Program Files (x86)/Arm GNU Toolchain arm-none-eabi/14.2 rel1/bin/../lib/gcc/arm-none-eabi/14.2.1/thumb/v6-m/nofp/crt0.o (exit)
C:/Program Files (x86)/Arm GNU Toolchain arm-none-eabi/14.2 rel1/bin/../lib/gcc/arm-none-eabi/14.2.1/thumb/v6-m/nofp\libc_nano.a(libc_a-nano-vfprintf_float.o)
                              (_printf_float)
C:/Program Files (x86)/Arm GNU Toolchain arm-none-eabi/14.2 rel1/bin/../lib/gcc/arm-none-eabi/14.2.1/thumb/v6-m/nofp\libc_nano.a(libc_a-nano-vfprintf_i.o)
                              C:/Program Files (x86)/Arm GNU Toolchain arm-none-eabi/14.2 rel1/bin/../lib/gcc/arm-none-eabi/14.2.1/thumb/v6-m/nofp\libc_nano.a(libc_a-nano-vfprintf_float.o) (_printf_common)
C:/Program Files (x86)/Arm GNU Toolchain arm-none-eabi/14.2 rel1/bin/../lib/gcc/arm-none-eabi/14.2.1/thumb/v6-m/nofp\libc_nano.a(libc_a-findfp.o)
                              C:/Program Files (x86)/Arm GNU Toolchain arm-none-eabi/14.2 rel1/bin/../lib/gcc/arm-none-eabi/14.2.1/thumb/v6-m/nofp\libc_nano.a(libc_a-exit.o) (__stdio_exit_handler)
C:/Program Files (x86)/Arm GNU Toolchain arm-none-eabi/14.2 rel1/bin/../lib/gcc/arm-none-eabi/14.2.1/thumb/v6-m/nofp\libc_nano.a(libc_a-fwalk.o)
                              C:/Program Files (x86)/Arm GNU Toolchain arm-none-eabi/14.2 rel1/bin/../lib/gcc/arm-none-eabi/14.2.1/thumb/v6-m/nofp\libc_nano.a(libc_a-findfp.o) (_fwalk_sglue)
C:/Program Files (x86)/Arm GNU Toolchain arm-none-eabi/14.2 rel1/bin/../lib/gcc/arm-none-eabi/14.2.1/thumb/v6-m/nofp\libc_nano.a(libc_a-stdio.o)
                              C:/Program Files (x86)/Arm GNU Toolchain arm-none-eabi/14.2 rel1/bin/../lib/gcc/arm-none-eabi/14.2.1/thumb/v6-m/nofp\libc_nano.a(libc_a-findfp.o) (__sread)
C:/Program Files (x86)/Arm GNU Toolchain arm-none-eabi/14.2 rel1/bin/../lib/gcc/arm-none-eabi/14.2.1/thumb/v6-m/nofp\libc_nano.a(libc_a-memset.o)
                              C:/Program Files (x86)/Arm GNU Toolchain arm-none-eabi/14.2 rel1/bin/../lib/gcc/arm-none-eabi/14.2.1/thumb/v6-m/nofp/crt0.o (memset)
C:/Program Files (x86)/Arm GNU Toolchain arm-none-eabi/14.2 rel1/bin/../lib/gcc/arm-none-eabi/14.2.1/thumb/v6-m/nofp\libc_nano.a(libc_a-localeconv.o)
                              C:/Program Files (x86)/Arm GNU Toolchain arm-none-eabi/14.2 rel1/bin/../lib/gcc/arm-none-eabi/14.2.1/thumb/v6-m/nofp\libc_nano.a(libc_a-nano-vfprintf_float.o) (_localeconv_r)
C:/Program Files (x86)/Arm GNU Toolchain arm-none-eabi/14.2 rel1/bin/../lib/gcc/arm-none-eabi/14.2.1/thumb/v6-m/nofp\libc_nano.a(libc_a-closer.o)
                              C:/Program Files (x86)/Arm GNU Toolchain arm-none-eabi/14.2 rel1/bin/../lib/gcc/arm-none-eabi/14.2.1/thumb/v6-m/nofp\libc_nano.a(libc_a-stdio.o) (_close_r)
C:/Program Files (x86)/Arm GNU Toolchain arm-none-eabi/14.2 rel1/bin/../lib/gcc/arm-none-eabi/14.2.1/thumb/v6-m/nofp\libc_nano.a(libc_a-reent.o)
                              C:/Program Files (x86)/Arm GNU Toolchain arm-none-eabi/14.2 rel1/bin/../lib/gcc/arm-none-eabi/14.2.1/thumb/v6-m/nofp\libc_nano.a(libc_a-closer.o) (errno)
C:/Program Files (x86)/Arm GNU Toolchain arm-none-eabi/14.2 rel1/bin/../lib/gcc/arm-none-eabi/14.2.1/thumb/v6-m/nofp\libc_nano.a(libc_a-impure.o)
                              C:/Program Files (x86)/Arm GNU Toolchain arm-none-eabi/14.2 rel1/bin/../lib/gcc/arm-none-eabi/14.2.1/thumb/v6-m/nofp\libc_nano.a(libc_a-reent.o) (_impure_ptr)
C:/Program Files (x86)/Arm GNU Toolchain arm-none-eabi/14.2 rel1/bin/../lib/gcc/arm-none-eabi/14.2.1/thumb/v6-m/nofp\libc_nano.a(libc_a-lseekr.o)
                              C:/Program Files (x86)/Arm GNU Toolchain arm-none-eabi/14.2 rel1/bin/../lib/gcc/arm-none-eabi/14.2.1/thumb/v6-m/nofp\libc_nano.a(libc_a-stdio.o) (_lseek_r)
C:/Program Files (x86)/Arm GNU Toolchain arm-none-eabi/14.2 rel1/bin/../lib/gcc/arm-none-eabi/14.2.1/thumb/v6-m/nofp\libc_nano.a(libc_a-readr.o)
                              C:/Program Files (x86)/Arm GNU Toolchain arm-none-eabi/14.2 rel1/bin/../lib/gcc/arm-none-eabi/14.2.1/thumb/v6-m/nofp\libc_nano.a(libc_a-stdio.o) (_read_r)
C:/Program Files (x86)/Arm GNU Toolchain arm-none-eabi/14.2 rel1/bin/../lib/gcc/arm-none-eabi/14.2.1/thumb/v6-m/nofp\libc_nano.a(libc_a-writer.o)
                              C:/Program Files (x86)/Arm GNU Toolchain arm-none-eabi/14.2 rel1/bin/../lib/gcc/arm-none-eabi/14.2.1/thumb/v6-m/nofp\libc_nano.a(libc_a-stdio.o) (_write_r)
C:/Program Files (x86)/Arm GNU Toolchain arm-none-eabi/14.2 rel1/bin/../lib/gcc/arm-none-eabi/14.2.1/thumb/v6-m/nofp\libc_nano.a(libc_a-init.o)
                              C:/Program Files (x86)/Arm GNU Toolchain arm-none-eabi/14.2 rel1/bin/../lib/gcc/arm-none-eabi/14.2.1/thumb/v6-m/nofp/crt0.o (__libc_init_array)
[...]
Memory Configuration

Name             Origin             Length             Attributes
RAM              0x20000000         0x00002000         xrw
FLASH            0x08000000         0x00010000         xr
*default*        0x00000000         0xffffffff

Linker script and memory map

LOAD C:/Program Files (x86)/Arm GNU Toolchain arm-none-eabi/14.2 rel1/bin/../lib/gcc/arm-none-eabi/14.2.1/thumb/v6-m/nofp/crti.o
LOAD C:/Program Files (x86)/Arm GNU Toolchain arm-none-eabi/14.2 rel1/bin/../lib/gcc/arm-none-eabi/14.2.1/thumb/v6-m/nofp/crtbegin.o
LOAD C:/Program Files (x86)/Arm GNU Toolchain arm-none-eabi/14.2 rel1/bin/../lib/gcc/arm-none-eabi/14.2.1/thumb/v6-m/nofp/crt0.o
LOAD C:/Program Files (x86)/Arm GNU Toolchain arm-none-eabi/14.2 rel1/bin/../lib/gcc/arm-none-eabi/14.2.1/thumb/v6-m/nofp\libc_nano.a
LOAD C:/Program Files (x86)/Arm GNU Toolchain arm-none-eabi/14.2 rel1/bin/../lib/gcc/arm-none-eabi/14.2.1/thumb/v6-m/nofp\libm.a
LOAD ./Build/Src/py32f0xx_hal_msp.o
LOAD ./Build/Src/py32f0xx_it.o
LOAD ./Build/Libraries/PY32F0xx_HAL_Driver/Src/py32f0xx_hal.o
LOAD ./Build/Libraries/PY32F0xx_HAL_Driver/Src/py32f0xx_hal_adc.o
LOAD ./Build/Libraries/PY32F0xx_HAL_Driver/Src/py32f0xx_hal_adc_ex.o
LOAD ./Build/Libraries/PY32F0xx_HAL_Driver/Src/py32f0xx_hal_comp.o
LOAD ./Build/Libraries/PY32F0xx_HAL_Driver/Src/py32f0xx_hal_cortex.o
LOAD ./Build/Libraries/PY32F0xx_HAL_Driver/Src/py32f0xx_hal_crc.o
LOAD ./Build/Libraries/PY32F0xx_HAL_Driver/Src/py32f0xx_hal_dma.o
LOAD ./Build/Libraries/PY32F0xx_HAL_Driver/Src/py32f0xx_hal_exti.o
LOAD ./Build/Libraries/PY32F0xx_HAL_Driver/Src/py32f0xx_hal_flash.o
LOAD ./Build/Libraries/PY32F0xx_HAL_Driver/Src/py32f0xx_hal_gpio.o
LOAD ./Build/Libraries/PY32F0xx_HAL_Driver/Src/py32f0xx_hal_i2c.o
LOAD ./Build/Libraries/PY32F0xx_HAL_Driver/Src/py32f0xx_hal_irda.o
LOAD ./Build/Libraries/PY32F0xx_HAL_Driver/Src/py32f0xx_hal_iwdg.o
LOAD ./Build/Libraries/PY32F0xx_HAL_Driver/Src/py32f0xx_hal_led.o
LOAD ./Build/Libraries/PY32F0xx_HAL_Driver/Src/py32f0xx_hal_lptim.o
LOAD ./Build/Libraries/PY32F0xx_HAL_Driver/Src/py32f0xx_hal_pwr.o
LOAD ./Build/Libraries/PY32F0xx_HAL_Driver/Src/py32f0xx_hal_rcc.o
LOAD ./Build/Libraries/PY32F0xx_HAL_Driver/Src/py32f0xx_hal_rcc_ex.o
LOAD ./Build/Libraries/PY32F0xx_HAL_Driver/Src/py32f0xx_hal_rtc.o
LOAD ./Build/Libraries/PY32F0xx_HAL_Driver/Src/py32f0xx_hal_rtc_ex.o
LOAD ./Build/Libraries/PY32F0xx_HAL_Driver/Src/py32f0xx_hal_spi.o
LOAD ./Build/Libraries/PY32F0xx_HAL_Driver/Src/py32f0xx_hal_tim.o
LOAD ./Build/Libraries/PY32F0xx_HAL_Driver/Src/py32f0xx_hal_tim_ex.o
LOAD ./Build/Libraries/PY32F0xx_HAL_Driver/Src/py32f0xx_hal_uart.o
LOAD ./Build/Libraries/PY32F0xx_HAL_Driver/Src/py32f0xx_hal_usart.o
LOAD ./Build/Libraries/PY32F0xx_HAL_Driver/Src/py32f0xx_hal_wwdg.o
LOAD ./Build/Libraries/PY32F0xx_HAL_BSP/Src/py32f0xx_bsp_clock.o
LOAD ./Build/Libraries/PY32F0xx_HAL_BSP/Src/py32f0xx_bsp_led.o
LOAD ./Build/Libraries/PY32F0xx_HAL_BSP/Src/py32f0xx_bsp_printf.o
LOAD ./Build/Libraries/CMSIS/Device/PY32F0xx/Source/system_py32f0xx.o
LOAD ./Build/Src/adc.o
LOAD ./Build/Src/main.o
LOAD ./Build/Src/pid.o
LOAD ./Build/Src/serial.o
LOAD ./Build/Src/timers.o
LOAD ./Build/Libraries/CMSIS/Device/PY32F0xx/Source/gcc/startup_py32f003.o
START GROUP
LOAD C:/Program Files (x86)/Arm GNU Toolchain arm-none-eabi/14.2 rel1/bin/../lib/gcc/arm-none-eabi/14.2.1/thumb/v6-m/nofp\libgcc.a
LOAD C:/Program Files (x86)/Arm GNU Toolchain arm-none-eabi/14.2 rel1/bin/../lib/gcc/arm-none-eabi/14.2.1/thumb/v6-m/nofp\libc_nano.a
END GROUP
START GROUP
LOAD C:/Program Files (x86)/Arm GNU Toolchain arm-none-eabi/14.2 rel1/bin/../lib/gcc/arm-none-eabi/14.2.1/thumb/v6-m/nofp\libgcc.a
LOAD C:/Program Files (x86)/Arm GNU Toolchain arm-none-eabi/14.2 rel1/bin/../lib/gcc/arm-none-eabi/14.2.1/thumb/v6-m/nofp\libc_nano.a
LOAD C:/Program Files (x86)/Arm GNU Toolchain arm-none-eabi/14.2 rel1/bin/../lib/gcc/arm-none-eabi/14.2.1/thumb/v6-m/nofp\libnosys.a
END GROUP
START GROUP
LOAD C:/Program Files (x86)/Arm GNU Toolchain arm-none-eabi/14.2 rel1/bin/../lib/gcc/arm-none-eabi/14.2.1/thumb/v6-m/nofp\libgcc.a
LOAD C:/Program Files (x86)/Arm GNU Toolchain arm-none-eabi/14.2 rel1/bin/../lib/gcc/arm-none-eabi/14.2.1/thumb/v6-m/nofp\libc_nano.a
LOAD C:/Program Files (x86)/Arm GNU Toolchain arm-none-eabi/14.2 rel1/bin/../lib/gcc/arm-none-eabi/14.2.1/thumb/v6-m/nofp\libnosys.a
END GROUP
LOAD C:/Program Files (x86)/Arm GNU Toolchain arm-none-eabi/14.2 rel1/bin/../lib/gcc/arm-none-eabi/14.2.1/thumb/v6-m/nofp/crtend.o
LOAD C:/Program Files (x86)/Arm GNU Toolchain arm-none-eabi/14.2 rel1/bin/../lib/gcc/arm-none-eabi/14.2.1/thumb/v6-m/nofp/crtn.o
                0x20002000                        _estack = (ORIGIN (RAM) + LENGTH (RAM))
                0x00000200                        _Min_Heap_Size = 0x200
                0x00000400                        _Min_Stack_Size = 0x400

.ram_vector     0x20000000       0xc0
 *(.ram_vector)
 .ram_vector    0x20000000       0xc0 ./Build/Libraries/CMSIS/Device/PY32F0xx/Source/system_py32f0xx.o

.isr_vector     0x08000000       0xc0
                0x08000000                        . = ALIGN (0x4)
 *(.isr_vector)
 .isr_vector    0x08000000       0xc0 ./Build/Libraries/CMSIS/Device/PY32F0xx/Source/gcc/startup_py32f003.o
                0x08000000                g_pfnVectors
                0x080000c0                        . = ALIGN (0x4)

.text           0x080000c0     0x8f98
                0x080000c0                        . = ALIGN (0x4)
 *(.text)
 .text          0x080000c0        0xe C:/Program Files (x86)/Arm GNU Toolchain arm-none-eabi/14.2 rel1/bin/../lib/gcc/arm-none-eabi/14.2.1/thumb/v6-m/nofp\libc_nano.a(libc_a-strlen.o)
                0x080000c0                strlen
 *fill*         0x080000ce        0x2 
 .text          0x080000d0       0x14 C:/Program Files (x86)/Arm GNU Toolchain arm-none-eabi/14.2 rel1/bin/../lib/gcc/arm-none-eabi/14.2.1/thumb/v6-m/nofp\libgcc.a(_thumb1_case_uqi.o)
                0x080000d0                __gnu_thumb1_case_uqi
 .text          0x080000e4       0x14 C:/Program Files (x86)/Arm GNU Toolchain arm-none-eabi/14.2 rel1/bin/../lib/gcc/arm-none-eabi/14.2.1/thumb/v6-m/nofp\libgcc.a(_thumb1_case_shi.o)
                0x080000e4                __gnu_thumb1_case_shi
 .text          0x080000f8      0x114 C:/Program Files (x86)/Arm GNU Toolchain arm-none-eabi/14.2 rel1/bin/../lib/gcc/arm-none-eabi/14.2.1/thumb/v6-m/nofp\libgcc.a(_udivsi3.o)
                0x080000f8                __aeabi_uidiv
                0x080000f8                __udivsi3
                0x08000204                __aeabi_uidivmod
 .text          0x0800020c      0x1d4 C:/Program Files (x86)/Arm GNU Toolchain arm-none-eabi/14.2 rel1/bin/../lib/gcc/arm-none-eabi/14.2.1/thumb/v6-m/nofp\libgcc.a(_divsi3.o)
                0x0800020c                __divsi3
                0x0800020c                __aeabi_idiv
                0x080003d8                __aeabi_idivmod
 .text          0x080003e0        0x4 C:/Program Files (x86)/Arm GNU Toolchain arm-none-eabi/14.2 rel1/bin/../lib/gcc/arm-none-eabi/14.2.1/thumb/v6-m/nofp\libgcc.a(_dvmd_tls.o)
                0x080003e0                __aeabi_idiv0
                0x080003e0                __aeabi_ldiv0
 .text          0x080003e4       0x7c C:/Program Files (x86)/Arm GNU Toolchain arm-none-eabi/14.2 rel1/bin/../lib/gcc/arm-none-eabi/14.2.1/thumb/v6-m/nofp\libgcc.a(_arm_cmpdf2.o)
                0x080003e4                __aeabi_cdrcmple
                0x080003f4                __aeabi_cdcmple
                0x080003f4                __aeabi_cdcmpeq
                0x08000404                __aeabi_dcmpeq
                0x08000410                __aeabi_dcmplt
                0x08000424                __aeabi_dcmple
                0x08000438                __aeabi_dcmpgt
                0x0800044c                __aeabi_dcmpge
 .text          0x08000460       0x74 C:/Program Files (x86)/Arm GNU Toolchain arm-none-eabi/14.2 rel1/bin/../lib/gcc/arm-none-eabi/14.2.1/thumb/v6-m/nofp\libgcc.a(_arm_cmpsf2.o)
                0x08000460                __aeabi_cfrcmple
                0x08000468                __aeabi_cfcmpeq
                0x08000468                __aeabi_cfcmple
                0x08000478                __aeabi_fcmpeq
                0x08000484                __aeabi_fcmplt
                0x08000498                __aeabi_fcmple
                0x080004ac                __aeabi_fcmpgt
                0x080004c0                __aeabi_fcmpge
 .text          0x080004d4      0x144 C:/Program Files (x86)/Arm GNU Toolchain arm-none-eabi/14.2 rel1/bin/../lib/gcc/arm-none-eabi/14.2.1/thumb/v6-m/nofp\libgcc.a(libunwind.o)
                0x080004d4                __restore_core_regs
                0x080004d4                restore_core_regs
                0x08000500                __gnu_Unwind_Restore_VFP
                0x08000504                __gnu_Unwind_Save_VFP
                0x08000508                __gnu_Unwind_Restore_VFP_D
                0x0800050c                __gnu_Unwind_Save_VFP_D
                0x08000510                __gnu_Unwind_Restore_VFP_D_16_to_31
                0x08000514                __gnu_Unwind_Save_VFP_D_16_to_31
                0x08000518                __gnu_Unwind_Restore_WMMXD
                0x0800051c                __gnu_Unwind_Save_WMMXD
                0x08000520                __gnu_Unwind_Restore_WMMXC
                0x08000524                __gnu_Unwind_Save_WMMXC
                0x08000528                ___Unwind_RaiseException
                0x08000528                _Unwind_RaiseException
                0x08000558                _Unwind_Resume
                0x08000558                ___Unwind_Resume
                0x08000588                _Unwind_Resume_or_Rethrow
                0x08000588                ___Unwind_Resume_or_Rethrow
                0x080005b8                _Unwind_ForcedUnwind
                0x080005b8                ___Unwind_ForcedUnwind
                0x080005e8                ___Unwind_Backtrace
                0x080005e8                _Unwind_Backtrace
 .text          0x08000618       0x3c C:/Program Files (x86)/Arm GNU Toolchain arm-none-eabi/14.2 rel1/bin/../lib/gcc/arm-none-eabi/14.2.1/thumb/v6-m/nofp\libgcc.a(_clzsi2.o)
                0x08000618                __clzsi2
 *(.text*)
 .text.deregister_tm_clones
                0x08000654       0x20 C:/Program Files (x86)/Arm GNU Toolchain arm-none-eabi/14.2 rel1/bin/../lib/gcc/arm-none-eabi/14.2.1/thumb/v6-m/nofp/crtbegin.o
 .text.register_tm_clones
                0x08000674       0x28 C:/Program Files (x86)/Arm GNU Toolchain arm-none-eabi/14.2 rel1/bin/../lib/gcc/arm-none-eabi/14.2.1/thumb/v6-m/nofp/crtbegin.o
 .text.__do_global_dtors_aux
                0x0800069c       0x2c C:/Program Files (x86)/Arm GNU Toolchain arm-none-eabi/14.2 rel1/bin/../lib/gcc/arm-none-eabi/14.2.1/thumb/v6-m/nofp/crtbegin.o
 .text.frame_dummy
                0x080006c8       0x24 C:/Program Files (x86)/Arm GNU Toolchain arm-none-eabi/14.2 rel1/bin/../lib/gcc/arm-none-eabi/14.2.1/thumb/v6-m/nofp/crtbegin.o
 .text.__cvt    0x080006ec       0xcc C:/Program Files (x86)/Arm GNU Toolchain arm-none-eabi/14.2 rel1/bin/../lib/gcc/arm-none-eabi/14.2.1/thumb/v6-m/nofp\libc_nano.a(libc_a-nano-vfprintf_float.o)
                0x080006ec                __cvt
 .text.__exponent
                0x080007b8       0x82 C:/Program Files (x86)/Arm GNU Toolchain arm-none-eabi/14.2 rel1/bin/../lib/gcc/arm-none-eabi/14.2.1/thumb/v6-m/nofp\libc_nano.a(libc_a-nano-vfprintf_float.o)
                0x080007b8                __exponent
 *fill*         0x0800083a        0x2 
 .text._printf_float
                0x0800083c      0x45c C:/Program Files (x86)/Arm GNU Toolchain arm-none-eabi/14.2 rel1/bin/../lib/gcc/arm-none-eabi/14.2.1/thumb/v6-m/nofp\libc_nano.a(libc_a-nano-vfprintf_float.o)
                0x0800083c                _printf_float
 .text._printf_common
                0x08000c98       0xde C:/Program Files (x86)/Arm GNU Toolchain arm-none-eabi/14.2 rel1/bin/../lib/gcc/arm-none-eabi/14.2.1/thumb/v6-m/nofp\libc_nano.a(libc_a-nano-vfprintf_i.o)
                0x08000c98                _printf_common
 *fill*         0x08000d76        0x2 
 .text._printf_i
                0x08000d78      0x218 C:/Program Files (x86)/Arm GNU Toolchain arm-none-eabi/14.2 rel1/bin/../lib/gcc/arm-none-eabi/14.2.1/thumb/v6-m/nofp\libc_nano.a(libc_a-nano-vfprintf_i.o)
                0x08000d78                _printf_i
 .text.std      0x08000f90       0x6c C:/Program Files (x86)/Arm GNU Toolchain arm-none-eabi/14.2 rel1/bin/../lib/gcc/arm-none-eabi/14.2.1/thumb/v6-m/nofp\libc_nano.a(libc_a-findfp.o)
 .text.stdio_exit_handler
                0x08000ffc       0x1c C:/Program Files (x86)/Arm GNU Toolchain arm-none-eabi/14.2 rel1/bin/../lib/gcc/arm-none-eabi/14.2.1/thumb/v6-m/nofp\libc_nano.a(libc_a-findfp.o)
 .text.cleanup_stdio
                0x08001018       0x3c C:/Program Files (x86)/Arm GNU Toolchain arm-none-eabi/14.2 rel1/bin/../lib/gcc/arm-none-eabi/14.2.1/thumb/v6-m/nofp\libc_nano.a(libc_a-findfp.o)
 .text.global_stdio_init.part.0
                0x08001054       0x3c C:/Program Files (x86)/Arm GNU Toolchain arm-none-eabi/14.2 rel1/bin/../lib/gcc/arm-none-eabi/14.2.1/thumb/v6-m/nofp\libc_nano.a(libc_a-findfp.o)
 .text.__sfp_lock_acquire
                0x08001090       0x10 C:/Program Files (x86)/Arm GNU Toolchain arm-none-eabi/14.2 rel1/bin/../lib/gcc/arm-none-eabi/14.2.1/thumb/v6-m/nofp\libc_nano.a(libc_a-findfp.o)
                0x08001090                __sfp_lock_acquire
 .text.__sfp_lock_release
                0x080010a0       0x10 C:/Program Files (x86)/Arm GNU Toolchain arm-none-eabi/14.2 rel1/bin/../lib/gcc/arm-none-eabi/14.2.1/thumb/v6-m/nofp\libc_nano.a(libc_a-findfp.o)
                0x080010a0                __sfp_lock_release
 .text.__sinit  0x080010b0       0x30 C:/Program Files (x86)/Arm GNU Toolchain arm-none-eabi/14.2 rel1/bin/../lib/gcc/arm-none-eabi/14.2.1/thumb/v6-m/nofp\libc_nano.a(libc_a-findfp.o)
                0x080010b0                __sinit
 .text._fwalk_sglue
                0x080010e0       0x38 C:/Program Files (x86)/Arm GNU Toolchain arm-none-eabi/14.2 rel1/bin/../lib/gcc/arm-none-eabi/14.2.1/thumb/v6-m/nofp\libc_nano.a(libc_a-fwalk.o)
                0x080010e0                _fwalk_sglue
 .text.__sread  0x08001118       0x28 C:/Program Files (x86)/Arm GNU Toolchain arm-none-eabi/14.2 rel1/bin/../lib/gcc/arm-none-eabi/14.2.1/thumb/v6-m/nofp\libc_nano.a(libc_a-stdio.o)
                0x08001118                __sread
 .text.__swrite
                0x08001140       0x38 C:/Program Files (x86)/Arm GNU Toolchain arm-none-eabi/14.2 rel1/bin/../lib/gcc/arm-none-eabi/14.2.1/thumb/v6-m/nofp\libc_nano.a(libc_a-stdio.o)
                0x08001140                __swrite
 .text.__sseek  0x08001178       0x2c C:/Program Files (x86)/Arm GNU Toolchain arm-none-eabi/14.2 rel1/bin/../lib/gcc/arm-none-eabi/14.2.1/thumb/v6-m/nofp\libc_nano.a(libc_a-stdio.o)
                0x08001178                __sseek
 .text.__sclose
                0x080011a4        0xc C:/Program Files (x86)/Arm GNU Toolchain arm-none-eabi/14.2 rel1/bin/../lib/gcc/arm-none-eabi/14.2.1/thumb/v6-m/nofp\libc_nano.a(libc_a-stdio.o)
                0x080011a4                __sclose
 .text.memset   0x080011b0       0x10 C:/Program Files (x86)/Arm GNU Toolchain arm-none-eabi/14.2 rel1/bin/../lib/gcc/arm-none-eabi/14.2.1/thumb/v6-m/nofp\libc_nano.a(libc_a-memset.o)
                0x080011b0                memset
 .text._localeconv_r
                0x080011c0        0x8 C:/Program Files (x86)/Arm GNU Toolchain arm-none-eabi/14.2 rel1/bin/../lib/gcc/arm-none-eabi/14.2.1/thumb/v6-m/nofp\libc_nano.a(libc_a-localeconv.o)
                0x080011c0                _localeconv_r
 .text._close_r
                0x080011c8       0x24 C:/Program Files (x86)/Arm GNU Toolchain arm-none-eabi/14.2 rel1/bin/../lib/gcc/arm-none-eabi/14.2.1/thumb/v6-m/nofp\libc_nano.a(libc_a-closer.o)
                0x080011c8                _close_r
 .text._lseek_r
                0x080011ec       0x28 C:/Program Files (x86)/Arm GNU Toolchain arm-none-eabi/14.2 rel1/bin/../lib/gcc/arm-none-eabi/14.2.1/thumb/v6-m/nofp\libc_nano.a(libc_a-lseekr.o)
                0x080011ec                _lseek_r
 .text._read_r  0x08001214       0x28 C:/Program Files (x86)/Arm GNU Toolchain arm-none-eabi/14.2 rel1/bin/../lib/gcc/arm-none-eabi/14.2.1/thumb/v6-m/nofp\libc_nano.a(libc_a-readr.o)
                0x08001214                _read_r
 .text._write_r
                0x0800123c       0x28 C:/Program Files (x86)/Arm GNU Toolchain arm-none-eabi/14.2 rel1/bin/../lib/gcc/arm-none-eabi/14.2.1/thumb/v6-m/nofp\libc_nano.a(libc_a-writer.o)
                0x0800123c                _write_r
 .text.__libc_init_array
                0x08001264       0x48 C:/Program Files (x86)/Arm GNU Toolchain arm-none-eabi/14.2 rel1/bin/../lib/gcc/arm-none-eabi/14.2.1/thumb/v6-m/nofp\libc_nano.a(libc_a-init.o)
                0x08001264                __libc_init_array
 .text.__retarget_lock_init_recursive
                0x080012ac        0x2 C:/Program Files (x86)/Arm GNU Toolchain arm-none-eabi/14.2 rel1/bin/../lib/gcc/arm-none-eabi/14.2.1/thumb/v6-m/nofp\libc_nano.a(libc_a-lock.o)
                0x080012ac                __retarget_lock_init_recursive
 .text.__retarget_lock_acquire_recursive
                0x080012ae        0x2 C:/Program Files (x86)/Arm GNU Toolchain arm-none-eabi/14.2 rel1/bin/../lib/gcc/arm-none-eabi/14.2.1/thumb/v6-m/nofp\libc_nano.a(libc_a-lock.o)
                0x080012ae                __retarget_lock_acquire_recursive
 .text.__retarget_lock_release_recursive
                0x080012b0        0x2 C:/Program Files (x86)/Arm GNU Toolchain arm-none-eabi/14.2 rel1/bin/../lib/gcc/arm-none-eabi/14.2.1/thumb/v6-m/nofp\libc_nano.a(libc_a-lock.o)
                0x080012b0                __retarget_lock_release_recursive
 .text.memchr   0x080012b2       0x16 C:/Program Files (x86)/Arm GNU Toolchain arm-none-eabi/14.2 rel1/bin/../lib/gcc/arm-none-eabi/14.2.1/thumb/v6-m/nofp\libc_nano.a(libc_a-memchr-stub.o)
                0x080012b2                memchr
 .text.quorem   0x080012c8      0x10a C:/Program Files (x86)/Arm GNU Toolchain arm-none-eabi/14.2 rel1/bin/../lib/gcc/arm-none-eabi/14.2.1/thumb/v6-m/nofp\libc_nano.a(libc_a-dtoa.o)
 *fill*         0x080013d2        0x2 
 .text._dtoa_r  0x080013d4      0xbd8 C:/Program Files (x86)/Arm GNU Toolchain arm-none-eabi/14.2 rel1/bin/../lib/gcc/arm-none-eabi/14.2.1/thumb/v6-m/nofp\libc_nano.a(libc_a-dtoa.o)
                0x080013d4                _dtoa_r
 .text._free_r  0x08001fac       0x94 C:/Program Files (x86)/Arm GNU Toolchain arm-none-eabi/14.2 rel1/bin/../lib/gcc/arm-none-eabi/14.2.1/thumb/v6-m/nofp\libc_nano.a(libc_a-freer.o)
                0x08001fac                _free_r
 .text.malloc   0x08002040       0x14 C:/Program Files (x86)/Arm GNU Toolchain arm-none-eabi/14.2 rel1/bin/../lib/gcc/arm-none-eabi/14.2.1/thumb/v6-m/nofp\libc_nano.a(libc_a-malloc.o)
                0x08002040                malloc
 .text.sbrk_aligned
                0x08002054       0x44 C:/Program Files (x86)/Arm GNU Toolchain arm-none-eabi/14.2 rel1/bin/../lib/gcc/arm-none-eabi/14.2.1/thumb/v6-m/nofp\libc_nano.a(libc_a-mallocr.o)
 .text._malloc_r
                0x08002098      0x100 C:/Program Files (x86)/Arm GNU Toolchain arm-none-eabi/14.2 rel1/bin/../lib/gcc/arm-none-eabi/14.2.1/thumb/v6-m/nofp\libc_nano.a(libc_a-mallocr.o)
                0x08002098                _malloc_r
 .text.__malloc_lock
                0x08002198       0x10 C:/Program Files (x86)/Arm GNU Toolchain arm-none-eabi/14.2 rel1/bin/../lib/gcc/arm-none-eabi/14.2.1/thumb/v6-m/nofp\libc_nano.a(libc_a-mlock.o)
                0x08002198                __malloc_lock
 .text.__malloc_unlock
                0x080021a8       0x10 C:/Program Files (x86)/Arm GNU Toolchain arm-none-eabi/14.2 rel1/bin/../lib/gcc/arm-none-eabi/14.2.1/thumb/v6-m/nofp\libc_nano.a(libc_a-mlock.o)
                0x080021a8                __malloc_unlock
 .text._Balloc  0x080021b8       0x84 C:/Program Files (x86)/Arm GNU Toolchain arm-none-eabi/14.2 rel1/bin/../lib/gcc/arm-none-eabi/14.2.1/thumb/v6-m/nofp\libc_nano.a(libc_a-mprec.o)
                0x080021b8                _Balloc
 .text._Bfree   0x0800223c       0x48 C:/Program Files (x86)/Arm GNU Toolchain arm-none-eabi/14.2 rel1/bin/../lib/gcc/arm-none-eabi/14.2.1/thumb/v6-m/nofp\libc_nano.a(libc_a-mprec.o)
                0x0800223c                _Bfree
 .text.__multadd
                0x08002284       0x88 C:/Program Files (x86)/Arm GNU Toolchain arm-none-eabi/14.2 rel1/bin/../lib/gcc/arm-none-eabi/14.2.1/thumb/v6-m/nofp\libc_nano.a(libc_a-mprec.o)
                0x08002284                __multadd
 .text.__hi0bits
                0x0800230c       0x42 C:/Program Files (x86)/Arm GNU Toolchain arm-none-eabi/14.2 rel1/bin/../lib/gcc/arm-none-eabi/14.2.1/thumb/v6-m/nofp\libc_nano.a(libc_a-mprec.o)
                0x0800230c                __hi0bits
 .text.__lo0bits
                0x0800234e       0x5c C:/Program Files (x86)/Arm GNU Toolchain arm-none-eabi/14.2 rel1/bin/../lib/gcc/arm-none-eabi/14.2.1/thumb/v6-m/nofp\libc_nano.a(libc_a-mprec.o)
                0x0800234e                __lo0bits
 *fill*         0x080023aa        0x2 
 .text.__i2b    0x080023ac       0x30 C:/Program Files (x86)/Arm GNU Toolchain arm-none-eabi/14.2 rel1/bin/../lib/gcc/arm-none-eabi/14.2.1/thumb/v6-m/nofp\libc_nano.a(libc_a-mprec.o)
                0x080023ac                __i2b
 .text.__multiply
                0x080023dc      0x158 C:/Program Files (x86)/Arm GNU Toolchain arm-none-eabi/14.2 rel1/bin/../lib/gcc/arm-none-eabi/14.2.1/thumb/v6-m/nofp\libc_nano.a(libc_a-mprec.o)
                0x080023dc                __multiply
 .text.__pow5mult
                0x08002534       0xc4 C:/Program Files (x86)/Arm GNU Toolchain arm-none-eabi/14.2 rel1/bin/../lib/gcc/arm-none-eabi/14.2.1/thumb/v6-m/nofp\libc_nano.a(libc_a-mprec.o)
                0x08002534                __pow5mult
 .text.__lshift
                0x080025f8       0xd8 C:/Program Files (x86)/Arm GNU Toolchain arm-none-eabi/14.2 rel1/bin/../lib/gcc/arm-none-eabi/14.2.1/thumb/v6-m/nofp\libc_nano.a(libc_a-mprec.o)
                0x080025f8                __lshift
 .text.__mcmp   0x080026d0       0x36 C:/Program Files (x86)/Arm GNU Toolchain arm-none-eabi/14.2 rel1/bin/../lib/gcc/arm-none-eabi/14.2.1/thumb/v6-m/nofp\libc_nano.a(libc_a-mprec.o)
                0x080026d0                __mcmp
 *fill*         0x08002706        0x2 
 .text.__mdiff  0x08002708      0x148 C:/Program Files (x86)/Arm GNU Toolchain arm-none-eabi/14.2 rel1/bin/../lib/gcc/arm-none-eabi/14.2.1/thumb/v6-m/nofp\libc_nano.a(libc_a-mprec.o)
                0x08002708                __mdiff
 .text.__d2b    0x08002850       0xc0 C:/Program Files (x86)/Arm GNU Toolchain arm-none-eabi/14.2 rel1/bin/../lib/gcc/arm-none-eabi/14.2.1/thumb/v6-m/nofp\libc_nano.a(libc_a-mprec.o)
                0x08002850                __d2b
 .text.__sflush_r
                0x08002910      0x114 C:/Program Files (x86)/Arm GNU Toolchain arm-none-eabi/14.2 rel1/bin/../lib/gcc/arm-none-eabi/14.2.1/thumb/v6-m/nofp\libc_nano.a(libc_a-fflush.o)
                0x08002910                __sflush_r
 .text._fflush_r
                0x08002a24       0x56 C:/Program Files (x86)/Arm GNU Toolchain arm-none-eabi/14.2 rel1/bin/../lib/gcc/arm-none-eabi/14.2.1/thumb/v6-m/nofp\libc_nano.a(libc_a-fflush.o)
                0x08002a24                _fflush_r
 *fill*         0x08002a7a        0x2 
 .text._sbrk_r  0x08002a7c       0x24 C:/Program Files (x86)/Arm GNU Toolchain arm-none-eabi/14.2 rel1/bin/../lib/gcc/arm-none-eabi/14.2.1/thumb/v6-m/nofp\libc_nano.a(libc_a-sbrkr.o)
                0x08002a7c                _sbrk_r
 .text.memcpy   0x08002aa0       0x12 C:/Program Files (x86)/Arm GNU Toolchain arm-none-eabi/14.2 rel1/bin/../lib/gcc/arm-none-eabi/14.2.1/thumb/v6-m/nofp\libc_nano.a(libc_a-memcpy-stub.o)
                0x08002aa0                memcpy
 *fill*         0x08002ab2        0x2 
 .text.__assert_func
                0x08002ab4       0x3c C:/Program Files (x86)/Arm GNU Toolchain arm-none-eabi/14.2 rel1/bin/../lib/gcc/arm-none-eabi/14.2.1/thumb/v6-m/nofp\libc_nano.a(libc_a-assert.o)
                0x08002ab4                __assert_func
 .text._calloc_r
                0x08002af0       0x5a C:/Program Files (x86)/Arm GNU Toolchain arm-none-eabi/14.2 rel1/bin/../lib/gcc/arm-none-eabi/14.2.1/thumb/v6-m/nofp\libc_nano.a(libc_a-callocr.o)
                0x08002af0                _calloc_r
 .text.__ascii_mbtowc
                0x08002b4a       0x24 C:/Program Files (x86)/Arm GNU Toolchain arm-none-eabi/14.2 rel1/bin/../lib/gcc/arm-none-eabi/14.2.1/thumb/v6-m/nofp\libc_nano.a(libc_a-mbtowc_r.o)
                0x08002b4a                __ascii_mbtowc
 .text.__ascii_wctomb
                0x08002b6e       0x1a C:/Program Files (x86)/Arm GNU Toolchain arm-none-eabi/14.2 rel1/bin/../lib/gcc/arm-none-eabi/14.2.1/thumb/v6-m/nofp\libc_nano.a(libc_a-wctomb_r.o)
                0x08002b6e                __ascii_wctomb
 .text.fprintf  0x08002b88       0x20 C:/Program Files (x86)/Arm GNU Toolchain arm-none-eabi/14.2 rel1/bin/../lib/gcc/arm-none-eabi/14.2.1/thumb/v6-m/nofp\libc_nano.a(libc_a-fprintf.o)
                0x08002b88                fiprintf
                0x08002b88                fprintf
 .text.abort    0x08002ba8        0xe C:/Program Files (x86)/Arm GNU Toolchain arm-none-eabi/14.2 rel1/bin/../lib/gcc/arm-none-eabi/14.2.1/thumb/v6-m/nofp\libc_nano.a(libc_a-abort.o)
                0x08002ba8                abort
 .text.__sfputc_r
                0x08002bb6       0x2a C:/Program Files (x86)/Arm GNU Toolchain arm-none-eabi/14.2 rel1/bin/../lib/gcc/arm-none-eabi/14.2.1/thumb/v6-m/nofp\libc_nano.a(libc_a-nano-vfprintf.o)
 .text.__sfputs_r
                0x08002be0       0x24 C:/Program Files (x86)/Arm GNU Toolchain arm-none-eabi/14.2 rel1/bin/../lib/gcc/arm-none-eabi/14.2.1/thumb/v6-m/nofp\libc_nano.a(libc_a-nano-vfprintf.o)
                0x08002be0                __sfputs_r
 .text._vfprintf_r
                0x08002c04      0x240 C:/Program Files (x86)/Arm GNU Toolchain arm-none-eabi/14.2 rel1/bin/../lib/gcc/arm-none-eabi/14.2.1/thumb/v6-m/nofp\libc_nano.a(libc_a-nano-vfprintf.o)
                0x08002c04                _vfprintf_r
                0x08002c04                _vfiprintf_r
 .text.__swbuf_r
                0x08002e44       0x84 C:/Program Files (x86)/Arm GNU Toolchain arm-none-eabi/14.2 rel1/bin/../lib/gcc/arm-none-eabi/14.2.1/thumb/v6-m/nofp\libc_nano.a(libc_a-wbuf.o)
                0x08002e44                __swbuf_r
 .text.__swsetup_r
                0x08002ec8       0xb4 C:/Program Files (x86)/Arm GNU Toolchain arm-none-eabi/14.2 rel1/bin/../lib/gcc/arm-none-eabi/14.2.1/thumb/v6-m/nofp\libc_nano.a(libc_a-wsetup.o)
                0x08002ec8                __swsetup_r
 .text.memmove  0x08002f7c       0x24 C:/Program Files (x86)/Arm GNU Toolchain arm-none-eabi/14.2 rel1/bin/../lib/gcc/arm-none-eabi/14.2.1/thumb/v6-m/nofp\libc_nano.a(libc_a-memmove.o)
                0x08002f7c                memmove
 .text._raise_r
                0x08002fa0       0x52 C:/Program Files (x86)/Arm GNU Toolchain arm-none-eabi/14.2 rel1/bin/../lib/gcc/arm-none-eabi/14.2.1/thumb/v6-m/nofp\libc_nano.a(libc_a-signal.o)
                0x08002fa0                _raise_r
 *fill*         0x08002ff2        0x2 
 .text.raise    0x08002ff4       0x14 C:/Program Files (x86)/Arm GNU Toolchain arm-none-eabi/14.2 rel1/bin/../lib/gcc/arm-none-eabi/14.2.1/thumb/v6-m/nofp\libc_nano.a(libc_a-signal.o)
                0x08002ff4                raise
 .text._kill_r  0x08003008       0x24 C:/Program Files (x86)/Arm GNU Toolchain arm-none-eabi/14.2 rel1/bin/../lib/gcc/arm-none-eabi/14.2.1/thumb/v6-m/nofp\libc_nano.a(libc_a-signalr.o)
                0x08003008                _kill_r
 .text._getpid_r
                0x0800302c        0x8 C:/Program Files (x86)/Arm GNU Toolchain arm-none-eabi/14.2 rel1/bin/../lib/gcc/arm-none-eabi/14.2.1/thumb/v6-m/nofp\libc_nano.a(libc_a-signalr.o)
                0x0800302c                _getpid_r
 .text._realloc_r
                0x08003034       0x60 C:/Program Files (x86)/Arm GNU Toolchain arm-none-eabi/14.2 rel1/bin/../lib/gcc/arm-none-eabi/14.2.1/thumb/v6-m/nofp\libc_nano.a(libc_a-reallocr.o)
                0x08003034                _realloc_r
 .text.__swhatbuf_r
                0x08003094       0x54 C:/Program Files (x86)/Arm GNU Toolchain arm-none-eabi/14.2 rel1/bin/../lib/gcc/arm-none-eabi/14.2.1/thumb/v6-m/nofp\libc_nano.a(libc_a-makebuf.o)
                0x08003094                __swhatbuf_r
 .text.__smakebuf_r
                0x080030e8       0x72 C:/Program Files (x86)/Arm GNU Toolchain arm-none-eabi/14.2 rel1/bin/../lib/gcc/arm-none-eabi/14.2.1/thumb/v6-m/nofp\libc_nano.a(libc_a-makebuf.o)
                0x080030e8                __smakebuf_r
 *fill*         0x0800315a        0x2 
 .text._fstat_r
                0x0800315c       0x24 C:/Program Files (x86)/Arm GNU Toolchain arm-none-eabi/14.2 rel1/bin/../lib/gcc/arm-none-eabi/14.2.1/thumb/v6-m/nofp\libc_nano.a(libc_a-fstatr.o)
                0x0800315c                _fstat_r
 .text._isatty_r
                0x08003180       0x24 C:/Program Files (x86)/Arm GNU Toolchain arm-none-eabi/14.2 rel1/bin/../lib/gcc/arm-none-eabi/14.2.1/thumb/v6-m/nofp\libc_nano.a(libc_a-isattyr.o)
                0x08003180                _isatty_r
 .text._malloc_usable_size_r
                0x080031a4       0x10 C:/Program Files (x86)/Arm GNU Toolchain arm-none-eabi/14.2 rel1/bin/../lib/gcc/arm-none-eabi/14.2.1/thumb/v6-m/nofp\libc_nano.a(libc_a-msizer.o)
                0x080031a4                _malloc_usable_size_r
 .text.HAL_MspInit
                0x080031b4       0x30 ./Build/Src/py32f0xx_hal_msp.o
                0x080031b4                HAL_MspInit
 .text.HAL_TIM_Base_MspInit
                0x080031e4       0x2c ./Build/Src/py32f0xx_hal_msp.o
                0x080031e4                HAL_TIM_Base_MspInit
 .text.NMI_Handler
                0x08003210        0x2 ./Build/Src/py32f0xx_it.o
                0x08003210                NMI_Handler
 .text.HardFault_Handler
                0x08003212        0x2 ./Build/Src/py32f0xx_it.o
                0x08003212                HardFault_Handler
 .text.SVC_Handler
                0x08003214        0x2 ./Build/Src/py32f0xx_it.o
                0x08003214                SVC_Handler
 .text.PendSV_Handler
                0x08003216        0x2 ./Build/Src/py32f0xx_it.o
                0x08003216                PendSV_Handler
 .text.SysTick_Handler
                0x08003218        0x8 ./Build/Src/py32f0xx_it.o
                0x08003218                SysTick_Handler
 .text.TIM1_BRK_UP_TRG_COM_IRQHandler
                0x08003220       0x10 ./Build/Src/py32f0xx_it.o
                0x08003220                TIM1_BRK_UP_TRG_COM_IRQHandler
 .text.HAL_InitTick
                0x08003230       0x50 ./Build/Libraries/PY32F0xx_HAL_Driver/Src/py32f0xx_hal.o
                0x08003230                HAL_InitTick
 .text.HAL_Init
                0x08003280       0x18 ./Build/Libraries/PY32F0xx_HAL_Driver/Src/py32f0xx_hal.o
                0x08003280                HAL_Init
 .text.HAL_IncTick
                0x08003298       0x18 ./Build/Libraries/PY32F0xx_HAL_Driver/Src/py32f0xx_hal.o
                0x08003298                HAL_IncTick
 .text.HAL_GetTick
                0x080032b0        0xc ./Build/Libraries/PY32F0xx_HAL_Driver/Src/py32f0xx_hal.o
                0x080032b0                HAL_GetTick
 .text.HAL_SetTickFreq
                0x080032bc       0x28 ./Build/Libraries/PY32F0xx_HAL_Driver/Src/py32f0xx_hal.o
                0x080032bc                HAL_SetTickFreq
 .text.HAL_ADC_MspInit
                0x080032e4        0x2 ./Build/Libraries/PY32F0xx_HAL_Driver/Src/py32f0xx_hal_adc.o
                0x080032e4                HAL_ADC_MspInit
 *fill*         0x080032e6        0x2 
 .text.HAL_ADC_Init
                0x080032e8      0x124 ./Build/Libraries/PY32F0xx_HAL_Driver/Src/py32f0xx_hal_adc.o
                0x080032e8                HAL_ADC_Init
 .text.HAL_ADC_ConfigChannel
                0x0800340c       0xdc ./Build/Libraries/PY32F0xx_HAL_Driver/Src/py32f0xx_hal_adc.o
                0x0800340c                HAL_ADC_ConfigChannel
 .text.HAL_ADC_Calibration_Start
                0x080034e8       0x94 ./Build/Libraries/PY32F0xx_HAL_Driver/Src/py32f0xx_hal_adc.o
                0x080034e8                HAL_ADC_Calibration_Start
 .text.HAL_NVIC_SetPriority
                0x0800357c       0x54 ./Build/Libraries/PY32F0xx_HAL_Driver/Src/py32f0xx_hal_cortex.o
                0x0800357c                HAL_NVIC_SetPriority
 .text.HAL_NVIC_EnableIRQ
                0x080035d0       0x18 ./Build/Libraries/PY32F0xx_HAL_Driver/Src/py32f0xx_hal_cortex.o
                0x080035d0                HAL_NVIC_EnableIRQ
 .text.HAL_SYSTICK_Config
                0x080035e8       0x34 ./Build/Libraries/PY32F0xx_HAL_Driver/Src/py32f0xx_hal_cortex.o
                0x080035e8                HAL_SYSTICK_Config
 .text.HAL_DMA_Abort_IT
                0x0800361c       0x60 ./Build/Libraries/PY32F0xx_HAL_Driver/Src/py32f0xx_hal_dma.o
                0x0800361c                HAL_DMA_Abort_IT
 .text.HAL_FLASH_Unlock
                0x0800367c       0x24 ./Build/Libraries/PY32F0xx_HAL_Driver/Src/py32f0xx_hal_flash.o
                0x0800367c                HAL_FLASH_Unlock
 .text.HAL_FLASH_Lock
                0x080036a0       0x18 ./Build/Libraries/PY32F0xx_HAL_Driver/Src/py32f0xx_hal_flash.o
                0x080036a0                HAL_FLASH_Lock
 .text.HAL_FLASH_OB_Unlock
                0x080036b8       0x28 ./Build/Libraries/PY32F0xx_HAL_Driver/Src/py32f0xx_hal_flash.o
                0x080036b8                HAL_FLASH_OB_Unlock
 .text.HAL_FLASH_OB_Lock
                0x080036e0       0x1c ./Build/Libraries/PY32F0xx_HAL_Driver/Src/py32f0xx_hal_flash.o
                0x080036e0                HAL_FLASH_OB_Lock
 .text.HAL_FLASH_OB_Launch
                0x080036fc       0x14 ./Build/Libraries/PY32F0xx_HAL_Driver/Src/py32f0xx_hal_flash.o
                0x080036fc                HAL_FLASH_OB_Launch
 .text.FLASH_WaitForLastOperation
                0x08003710       0x34 ./Build/Libraries/PY32F0xx_HAL_Driver/Src/py32f0xx_hal_flash.o
                0x08003710                FLASH_WaitForLastOperation
 .text.HAL_FLASH_OBProgram
                0x08003744      0x170 ./Build/Libraries/PY32F0xx_HAL_Driver/Src/py32f0xx_hal_flash.o
                0x08003744                HAL_FLASH_OBProgram
 .text.HAL_GPIO_Init
                0x080038b4      0x138 ./Build/Libraries/PY32F0xx_HAL_Driver/Src/py32f0xx_hal_gpio.o
                0x080038b4                HAL_GPIO_Init
 .text.HAL_GPIO_ReadPin
                0x080039ec        0xc ./Build/Libraries/PY32F0xx_HAL_Driver/Src/py32f0xx_hal_gpio.o
                0x080039ec                HAL_GPIO_ReadPin
 .text.HAL_GPIO_WritePin
                0x080039f8        0xc ./Build/Libraries/PY32F0xx_HAL_Driver/Src/py32f0xx_hal_gpio.o
                0x080039f8                HAL_GPIO_WritePin
 .text.HAL_GPIO_TogglePin
                0x08003a04        0xe ./Build/Libraries/PY32F0xx_HAL_Driver/Src/py32f0xx_hal_gpio.o
                0x08003a04                HAL_GPIO_TogglePin
 *fill*         0x08003a12        0x2 
 .text.HAL_RCC_GetSysClockFreq
                0x08003a14       0x64 ./Build/Libraries/PY32F0xx_HAL_Driver/Src/py32f0xx_hal_rcc.o
                0x08003a14                HAL_RCC_GetSysClockFreq
 .text.HAL_RCC_OscConfig
                0x08003a78      0x234 ./Build/Libraries/PY32F0xx_HAL_Driver/Src/py32f0xx_hal_rcc.o
                0x08003a78                HAL_RCC_OscConfig
 .text.HAL_RCC_ClockConfig
                0x08003cac      0x140 ./Build/Libraries/PY32F0xx_HAL_Driver/Src/py32f0xx_hal_rcc.o
                0x08003cac                HAL_RCC_ClockConfig
 .text.HAL_RCC_GetPCLK1Freq
                0x08003dec       0x28 ./Build/Libraries/PY32F0xx_HAL_Driver/Src/py32f0xx_hal_rcc.o
                0x08003dec                HAL_RCC_GetPCLK1Freq
 .text.HAL_TIM_Base_Start_IT
                0x08003e14       0x1e ./Build/Libraries/PY32F0xx_HAL_Driver/Src/py32f0xx_hal_tim.o
                0x08003e14                HAL_TIM_Base_Start_IT
 .text.HAL_TIM_OC_DelayElapsedCallback
                0x08003e32        0x2 ./Build/Libraries/PY32F0xx_HAL_Driver/Src/py32f0xx_hal_tim.o
                0x08003e32                HAL_TIM_OC_DelayElapsedCallback
 .text.HAL_TIM_IC_CaptureCallback
                0x08003e34        0x2 ./Build/Libraries/PY32F0xx_HAL_Driver/Src/py32f0xx_hal_tim.o
                0x08003e34                HAL_TIM_IC_CaptureCallback
 .text.HAL_TIM_PWM_PulseFinishedCallback
                0x08003e36        0x2 ./Build/Libraries/PY32F0xx_HAL_Driver/Src/py32f0xx_hal_tim.o
                0x08003e36                HAL_TIM_PWM_PulseFinishedCallback
 .text.HAL_TIM_TriggerCallback
                0x08003e38        0x2 ./Build/Libraries/PY32F0xx_HAL_Driver/Src/py32f0xx_hal_tim.o
                0x08003e38                HAL_TIM_TriggerCallback
 .text.HAL_TIM_IRQHandler
                0x08003e3a      0x148 ./Build/Libraries/PY32F0xx_HAL_Driver/Src/py32f0xx_hal_tim.o
                0x08003e3a                HAL_TIM_IRQHandler
 *fill*         0x08003f82        0x2 
 .text.TIM_Base_SetConfig
                0x08003f84       0x7c ./Build/Libraries/PY32F0xx_HAL_Driver/Src/py32f0xx_hal_tim.o
                0x08003f84                TIM_Base_SetConfig
 .text.HAL_TIM_Base_Init
                0x08004000       0x36 ./Build/Libraries/PY32F0xx_HAL_Driver/Src/py32f0xx_hal_tim.o
                0x08004000                HAL_TIM_Base_Init
 .text.HAL_TIMEx_CommutCallback
                0x08004036        0x2 ./Build/Libraries/PY32F0xx_HAL_Driver/Src/py32f0xx_hal_tim_ex.o
                0x08004036                HAL_TIMEx_CommutCallback
 .text.HAL_TIMEx_BreakCallback
                0x08004038        0x2 ./Build/Libraries/PY32F0xx_HAL_Driver/Src/py32f0xx_hal_tim_ex.o
                0x08004038                HAL_TIMEx_BreakCallback
 *fill*         0x0800403a        0x2 
 .text.UART_EndRxTransfer
                0x0800403c       0x20 ./Build/Libraries/PY32F0xx_HAL_Driver/Src/py32f0xx_hal_uart.o
 .text.UART_SetConfig
                0x0800405c       0xd0 ./Build/Libraries/PY32F0xx_HAL_Driver/Src/py32f0xx_hal_uart.o
 .text.UART_WaitOnFlagUntilTimeout.constprop.0
                0x0800412c       0x58 ./Build/Libraries/PY32F0xx_HAL_Driver/Src/py32f0xx_hal_uart.o
 .text.HAL_UART_MspInit
                0x08004184        0x2 ./Build/Libraries/PY32F0xx_HAL_Driver/Src/py32f0xx_hal_uart.o
                0x08004184                HAL_UART_MspInit
 *fill*         0x08004186        0x2 
 .text.HAL_UART_Init
                0x08004188       0x9c ./Build/Libraries/PY32F0xx_HAL_Driver/Src/py32f0xx_hal_uart.o
                0x08004188                HAL_UART_Init
 .text.HAL_UART_Transmit
                0x08004224       0xca ./Build/Libraries/PY32F0xx_HAL_Driver/Src/py32f0xx_hal_uart.o
                0x08004224                HAL_UART_Transmit
 .text.HAL_UART_Receive
                0x080042ee       0xba ./Build/Libraries/PY32F0xx_HAL_Driver/Src/py32f0xx_hal_uart.o
                0x080042ee                HAL_UART_Receive
 .text.HAL_UART_Receive_IT
                0x080043a8       0x52 ./Build/Libraries/PY32F0xx_HAL_Driver/Src/py32f0xx_hal_uart.o
                0x080043a8                HAL_UART_Receive_IT
 .text.HAL_UART_TxCpltCallback
                0x080043fa        0x2 ./Build/Libraries/PY32F0xx_HAL_Driver/Src/py32f0xx_hal_uart.o
                0x080043fa                HAL_UART_TxCpltCallback
 .text.UART_Receive_IT.isra.0
                0x080043fc       0x6c ./Build/Libraries/PY32F0xx_HAL_Driver/Src/py32f0xx_hal_uart.o
 .text.HAL_UART_ErrorCallback
                0x08004468        0x2 ./Build/Libraries/PY32F0xx_HAL_Driver/Src/py32f0xx_hal_uart.o
                0x08004468                HAL_UART_ErrorCallback
 *fill*         0x0800446a        0x2 
 .text.HAL_UART_IRQHandler
                0x0800446c      0x154 ./Build/Libraries/PY32F0xx_HAL_Driver/Src/py32f0xx_hal_uart.o
                0x0800446c                HAL_UART_IRQHandler
 .text.UART_DMAAbortOnError
                0x080045c0       0x10 ./Build/Libraries/PY32F0xx_HAL_Driver/Src/py32f0xx_hal_uart.o
 .text.__io_putchar
                0x080045d0       0x1c ./Build/Libraries/PY32F0xx_HAL_BSP/Src/py32f0xx_bsp_printf.o
                0x080045d0                __io_putchar
 .text.__io_getchar
                0x080045ec       0x18 ./Build/Libraries/PY32F0xx_HAL_BSP/Src/py32f0xx_bsp_printf.o
                0x080045ec                __io_getchar
 .text._write   0x08004604       0x1a ./Build/Libraries/PY32F0xx_HAL_BSP/Src/py32f0xx_bsp_printf.o
                0x08004604                _write
 .text._read    0x0800461e       0x1a ./Build/Libraries/PY32F0xx_HAL_BSP/Src/py32f0xx_bsp_printf.o
                0x0800461e                _read
 .text._isatty  0x08004638       0x16 ./Build/Libraries/PY32F0xx_HAL_BSP/Src/py32f0xx_bsp_printf.o
                0x08004638                _isatty
 .text._close   0x0800464e       0x16 ./Build/Libraries/PY32F0xx_HAL_BSP/Src/py32f0xx_bsp_printf.o
                0x0800464e                _close
 .text._lseek   0x08004664       0x10 ./Build/Libraries/PY32F0xx_HAL_BSP/Src/py32f0xx_bsp_printf.o
                0x08004664                _lseek
 .text._fstat   0x08004674       0x1a ./Build/Libraries/PY32F0xx_HAL_BSP/Src/py32f0xx_bsp_printf.o
                0x08004674                _fstat
 .text._getpid  0x0800468e       0x10 ./Build/Libraries/PY32F0xx_HAL_BSP/Src/py32f0xx_bsp_printf.o
                0x0800468e                _getpid
 .text._kill    0x0800469e       0x10 ./Build/Libraries/PY32F0xx_HAL_BSP/Src/py32f0xx_bsp_printf.o
                0x0800469e                _kill
 *fill*         0x080046ae        0x2 
 .text.SystemInit
                0x080046b0       0x48 ./Build/Libraries/CMSIS/Device/PY32F0xx/Source/system_py32f0xx.o
                0x080046b0                SystemInit
 .text._Z25ADC_Set_USB_cc_read_stateb
                0x080046f8       0x78 ./Build/Src/adc.o
                0x080046f8                ADC_Set_USB_cc_read_state(bool)
 .text._Z8ADC_Initv
                0x08004770      0x16c ./Build/Src/adc.o
                0x08004770                ADC_Init()
 .text._Z12PIDTimer_ISRv
                0x080048dc        0xc ./Build/Src/main.o
                0x080048dc                PIDTimer_ISR()
 .text._Z15MinuteTimer_ISRv
                0x080048e8        0xc ./Build/Src/main.o
                0x080048e8                MinuteTimer_ISR()
 .text._Z18DataCollection_ISRv
                0x080048f4        0xc ./Build/Src/main.o
                0x080048f4                DataCollection_ISR()
 .text._Z16DelayedStart_ISRv
                0x08004900        0xc ./Build/Src/main.o
                0x08004900                DelayedStart_ISR()
 .text._Z11LogData_ISRv
                0x0800490c        0xc ./Build/Src/main.o
                0x0800490c                LogData_ISR()
 .text._Z12PWMTimer_ISRv
                0x08004918      0x218 ./Build/Src/main.o
                0x08004918                PWMTimer_ISR()
 .text._Z14Pushbutton_ISRv
                0x08004b30       0x3c ./Build/Src/main.o
                0x08004b30                Pushbutton_ISR()
 .text._Z12LEDTimer_ISRv
                0x08004b6c       0x3c ./Build/Src/main.o
                0x08004b6c                LEDTimer_ISR()
 .text._Z14SetOptionBytesv
                0x08004ba8       0x84 ./Build/Src/main.o
                0x08004ba8                SetOptionBytes()
 .text._Z9print_UIDv
                0x08004c2c       0x48 ./Build/Src/main.o
                0x08004c2c                print_UID()
 .text._Z8pid_init8heater_t10pid_init_t
                0x08004c74       0x48 ./Build/Src/main.o
                0x08004c74                pid_init(heater_t, pid_init_t)
 .text._Z9Data_initv
                0x08004cbc       0x74 ./Build/Src/main.o
                0x08004cbc                Data_init()
 .text._Z9GPIO_Initv
                0x08004d30      0x2f4 ./Build/Src/main.o
                0x08004d30                GPIO_Init()
 .text._Z12system_setupv
                0x08005024      0x1d4 ./Build/Src/main.o
                0x08005024                system_setup()
 .text.startup.main
                0x080051f8       0x58 ./Build/Src/main.o
                0x080051f8                main
 .text._Z16APP_ErrorHandlerh
                0x08005250       0xb8 ./Build/Src/main.o
                0x08005250                APP_ErrorHandler(unsigned char)
 .text._Z19pid_controller_init8heater_tffffif
                0x08005308       0x78 ./Build/Src/pid.o
                0x08005308                pid_controller_init(heater_t, float, float, float, float, int, float)
 .text._Z9UART_Initv
                0x08005380       0x58 ./Build/Src/serial.o
                0x08005380                UART_Init()
 .text.USART2_IRQHandler
                0x080053d8       0x34 ./Build/Src/serial.o
                0x080053d8                USART2_IRQHandler
 .text.HAL_UART_RxCpltCallback
                0x0800540c       0x54 ./Build/Src/serial.o
                0x0800540c                HAL_UART_RxCpltCallback
 .text._Z10TIMER_Initv
                0x08005460       0x74 ./Build/Src/timers.o
                0x08005460                TIMER_Init()
 .text._Z14Register_timerPFvvEm
                0x080054d4       0x30 ./Build/Src/timers.o
                0x080054d4                Register_timer(void (*)(), unsigned long)
 .text._Z12Enable_timera
                0x08005504       0x50 ./Build/Src/timers.o
                0x08005504                Enable_timer(signed char)
 .text.HAL_TIM_PeriodElapsedCallback
                0x08005554       0x64 ./Build/Src/timers.o
                0x08005554                HAL_TIM_PeriodElapsedCallback
 .text._Z21APP_SystemClockConfigv
                0x080055b8       0x58 ./Build/Src/timers.o
                0x080055b8                APP_SystemClockConfig()
 .text.Reset_Handler
                0x08005610       0x50 ./Build/Libraries/CMSIS/Device/PY32F0xx/Source/gcc/startup_py32f003.o
                0x08005610                Reset_Handler
 .text.Default_Handler
                0x08005660        0x2 ./Build/Libraries/CMSIS/Device/PY32F0xx/Source/gcc/startup_py32f003.o
                0x08005660                TIM1_CC_IRQHandler
                0x08005660                PVD_IRQHandler
                0x08005660                I2C1_IRQHandler
                0x08005660                SPI1_IRQHandler
                0x08005660                EXTI2_3_IRQHandler
                0x08005660                TIM17_IRQHandler
                0x08005660                RTC_IRQHandler
                0x08005660                TIM16_IRQHandler
                0x08005660                TIM3_IRQHandler
                0x08005660                EXTI4_15_IRQHandler
                0x08005660                RCC_IRQHandler
                0x08005660                DMA1_Channel1_IRQHandler
                0x08005660                Default_Handler
                0x08005660                TIM14_IRQHandler
                0x08005660                EXTI0_1_IRQHandler
                0x08005660                WWDG_IRQHandler
                0x08005660                DMA1_Channel2_3_IRQHandler
                0x08005660                ADC_COMP_IRQHandler
                0x08005660                FLASH_IRQHandler
                0x08005660                USART1_IRQHandler
                0x08005660                LPTIM1_IRQHandler
 *fill*         0x08005662        0x2 
 .text.__aeabi_fadd
                0x08005664      0x41c C:/Program Files (x86)/Arm GNU Toolchain arm-none-eabi/14.2 rel1/bin/../lib/gcc/arm-none-eabi/14.2.1/thumb/v6-m/nofp\libgcc.a(addsf3.o)
                0x08005664                __aeabi_fadd
 .text.__aeabi_fdiv
                0x08005a80      0x22c C:/Program Files (x86)/Arm GNU Toolchain arm-none-eabi/14.2 rel1/bin/../lib/gcc/arm-none-eabi/14.2.1/thumb/v6-m/nofp\libgcc.a(divsf3.o)
                0x08005a80                __aeabi_fdiv
 .text.__eqsf2  0x08005cac       0x50 C:/Program Files (x86)/Arm GNU Toolchain arm-none-eabi/14.2 rel1/bin/../lib/gcc/arm-none-eabi/14.2.1/thumb/v6-m/nofp\libgcc.a(eqsf2.o)
                0x08005cac                __eqsf2
                0x08005cac                __nesf2
 .text.__gesf2  0x08005cfc       0x90 C:/Program Files (x86)/Arm GNU Toolchain arm-none-eabi/14.2 rel1/bin/../lib/gcc/arm-none-eabi/14.2.1/thumb/v6-m/nofp\libgcc.a(gesf2.o)
                0x08005cfc                __gesf2
                0x08005cfc                __gtsf2
 .text.__lesf2  0x08005d8c       0x90 C:/Program Files (x86)/Arm GNU Toolchain arm-none-eabi/14.2 rel1/bin/../lib/gcc/arm-none-eabi/14.2.1/thumb/v6-m/nofp\libgcc.a(lesf2.o)
                0x08005d8c                __ltsf2
                0x08005d8c                __lesf2
 .text.__aeabi_i2f
                0x08005e1c       0xa0 C:/Program Files (x86)/Arm GNU Toolchain arm-none-eabi/14.2 rel1/bin/../lib/gcc/arm-none-eabi/14.2.1/thumb/v6-m/nofp\libgcc.a(floatsisf.o)
                0x08005e1c                __aeabi_i2f
 .text.__aeabi_ui2f
                0x08005ebc       0x8c C:/Program Files (x86)/Arm GNU Toolchain arm-none-eabi/14.2 rel1/bin/../lib/gcc/arm-none-eabi/14.2.1/thumb/v6-m/nofp\libgcc.a(floatunsisf.o)
                0x08005ebc                __aeabi_ui2f
 .text.__aeabi_dadd
                0x08005f48      0x834 C:/Program Files (x86)/Arm GNU Toolchain arm-none-eabi/14.2 rel1/bin/../lib/gcc/arm-none-eabi/14.2.1/thumb/v6-m/nofp\libgcc.a(adddf3.o)
                0x08005f48                __aeabi_dadd
 .text.__aeabi_ddiv
                0x0800677c      0x63c C:/Program Files (x86)/Arm GNU Toolchain arm-none-eabi/14.2 rel1/bin/../lib/gcc/arm-none-eabi/14.2.1/thumb/v6-m/nofp\libgcc.a(divdf3.o)
                0x0800677c                __aeabi_ddiv
 .text.__eqdf2  0x08006db8       0x8c C:/Program Files (x86)/Arm GNU Toolchain arm-none-eabi/14.2 rel1/bin/../lib/gcc/arm-none-eabi/14.2.1/thumb/v6-m/nofp\libgcc.a(eqdf2.o)
                0x08006db8                __nedf2
                0x08006db8                __eqdf2
 .text.__gedf2  0x08006e44       0xe0 C:/Program Files (x86)/Arm GNU Toolchain arm-none-eabi/14.2 rel1/bin/../lib/gcc/arm-none-eabi/14.2.1/thumb/v6-m/nofp\libgcc.a(gedf2.o)
                0x08006e44                __gedf2
                0x08006e44                __gtdf2
 .text.__ledf2  0x08006f24       0xdc C:/Program Files (x86)/Arm GNU Toolchain arm-none-eabi/14.2 rel1/bin/../lib/gcc/arm-none-eabi/14.2.1/thumb/v6-m/nofp\libgcc.a(ledf2.o)
                0x08006f24                __ledf2
                0x08006f24                __ltdf2
 .text.__aeabi_dmul
                0x08007000      0x590 C:/Program Files (x86)/Arm GNU Toolchain arm-none-eabi/14.2 rel1/bin/../lib/gcc/arm-none-eabi/14.2.1/thumb/v6-m/nofp\libgcc.a(muldf3.o)
                0x08007000                __aeabi_dmul
 .text.__aeabi_dsub
                0x08007590      0x870 C:/Program Files (x86)/Arm GNU Toolchain arm-none-eabi/14.2 rel1/bin/../lib/gcc/arm-none-eabi/14.2.1/thumb/v6-m/nofp\libgcc.a(subdf3.o)
                0x08007590                __aeabi_dsub
 .text.__aeabi_dcmpun
                0x08007e00       0x44 C:/Program Files (x86)/Arm GNU Toolchain arm-none-eabi/14.2 rel1/bin/../lib/gcc/arm-none-eabi/14.2.1/thumb/v6-m/nofp\libgcc.a(unorddf2.o)
                0x08007e00                __aeabi_dcmpun
 .text.__aeabi_d2iz
                0x08007e44       0x78 C:/Program Files (x86)/Arm GNU Toolchain arm-none-eabi/14.2 rel1/bin/../lib/gcc/arm-none-eabi/14.2.1/thumb/v6-m/nofp\libgcc.a(fixdfsi.o)
                0x08007e44                __aeabi_d2iz
 .text.__aeabi_i2d
                0x08007ebc       0x5c C:/Program Files (x86)/Arm GNU Toolchain arm-none-eabi/14.2 rel1/bin/../lib/gcc/arm-none-eabi/14.2.1/thumb/v6-m/nofp\libgcc.a(floatsidf.o)
                0x08007ebc                __aeabi_i2d
 .text.__aeabi_ui2d
                0x08007f18       0x48 C:/Program Files (x86)/Arm GNU Toolchain arm-none-eabi/14.2 rel1/bin/../lib/gcc/arm-none-eabi/14.2.1/thumb/v6-m/nofp\libgcc.a(floatunsidf.o)
                0x08007f18                __aeabi_ui2d
 .text.selfrel_offset31
                0x08007f60       0x18 C:/Program Files (x86)/Arm GNU Toolchain arm-none-eabi/14.2 rel1/bin/../lib/gcc/arm-none-eabi/14.2.1/thumb/v6-m/nofp\libgcc.a(unwind-arm.o)
 .text.search_EIT_table
                0x08007f78       0x70 C:/Program Files (x86)/Arm GNU Toolchain arm-none-eabi/14.2 rel1/bin/../lib/gcc/arm-none-eabi/14.2.1/thumb/v6-m/nofp\libgcc.a(unwind-arm.o)
 .text.__gnu_unwind_get_pr_addr
                0x08007fe8       0x28 C:/Program Files (x86)/Arm GNU Toolchain arm-none-eabi/14.2 rel1/bin/../lib/gcc/arm-none-eabi/14.2.1/thumb/v6-m/nofp\libgcc.a(unwind-arm.o)
 .text.get_eit_entry
                0x08008010       0x94 C:/Program Files (x86)/Arm GNU Toolchain arm-none-eabi/14.2 rel1/bin/../lib/gcc/arm-none-eabi/14.2.1/thumb/v6-m/nofp\libgcc.a(unwind-arm.o)
 .text.restore_non_core_regs
                0x080080a4       0x5c C:/Program Files (x86)/Arm GNU Toolchain arm-none-eabi/14.2 rel1/bin/../lib/gcc/arm-none-eabi/14.2.1/thumb/v6-m/nofp\libgcc.a(unwind-arm.o)
 .text._Unwind_decode_typeinfo_ptr.constprop.0
                0x08008100        0xc C:/Program Files (x86)/Arm GNU Toolchain arm-none-eabi/14.2 rel1/bin/../lib/gcc/arm-none-eabi/14.2.1/thumb/v6-m/nofp\libgcc.a(unwind-arm.o)
 .text._Unwind_DebugHook
                0x0800810c        0x4 C:/Program Files (x86)/Arm GNU Toolchain arm-none-eabi/14.2 rel1/bin/../lib/gcc/arm-none-eabi/14.2.1/thumb/v6-m/nofp\libgcc.a(unwind-arm.o)
 .text.unwind_phase2
                0x08008110       0x3c C:/Program Files (x86)/Arm GNU Toolchain arm-none-eabi/14.2 rel1/bin/../lib/gcc/arm-none-eabi/14.2.1/thumb/v6-m/nofp\libgcc.a(unwind-arm.o)
 .text.unwind_phase2_forced
                0x0800814c       0xd8 C:/Program Files (x86)/Arm GNU Toolchain arm-none-eabi/14.2 rel1/bin/../lib/gcc/arm-none-eabi/14.2.1/thumb/v6-m/nofp\libgcc.a(unwind-arm.o)
 .text.__gnu_Unwind_RaiseException
                0x08008224       0x54 C:/Program Files (x86)/Arm GNU Toolchain arm-none-eabi/14.2 rel1/bin/../lib/gcc/arm-none-eabi/14.2.1/thumb/v6-m/nofp\libgcc.a(unwind-arm.o)
                0x08008224                __gnu_Unwind_RaiseException
 .text.__gnu_Unwind_ForcedUnwind
                0x08008278       0x14 C:/Program Files (x86)/Arm GNU Toolchain arm-none-eabi/14.2 rel1/bin/../lib/gcc/arm-none-eabi/14.2.1/thumb/v6-m/nofp\libgcc.a(unwind-arm.o)
                0x08008278                __gnu_Unwind_ForcedUnwind
 .text.__gnu_Unwind_Resume
                0x0800828c       0x48 C:/Program Files (x86)/Arm GNU Toolchain arm-none-eabi/14.2 rel1/bin/../lib/gcc/arm-none-eabi/14.2.1/thumb/v6-m/nofp\libgcc.a(unwind-arm.o)
                0x0800828c                __gnu_Unwind_Resume
 .text.__gnu_Unwind_Resume_or_Rethrow
                0x080082d4       0x1c C:/Program Files (x86)/Arm GNU Toolchain arm-none-eabi/14.2 rel1/bin/../lib/gcc/arm-none-eabi/14.2.1/thumb/v6-m/nofp\libgcc.a(unwind-arm.o)
                0x080082d4                __gnu_Unwind_Resume_or_Rethrow
 .text._Unwind_VRS_Get
                0x080082f0       0x44 C:/Program Files (x86)/Arm GNU Toolchain arm-none-eabi/14.2 rel1/bin/../lib/gcc/arm-none-eabi/14.2.1/thumb/v6-m/nofp\libgcc.a(unwind-arm.o)
                0x080082f0                _Unwind_VRS_Get
 .text._Unwind_GetGR
                0x08008334       0x18 C:/Program Files (x86)/Arm GNU Toolchain arm-none-eabi/14.2 rel1/bin/../lib/gcc/arm-none-eabi/14.2.1/thumb/v6-m/nofp\libgcc.a(unwind-arm.o)
 .text._Unwind_VRS_Set
                0x0800834c       0x44 C:/Program Files (x86)/Arm GNU Toolchain arm-none-eabi/14.2 rel1/bin/../lib/gcc/arm-none-eabi/14.2.1/thumb/v6-m/nofp\libgcc.a(unwind-arm.o)
                0x0800834c                _Unwind_VRS_Set
 .text._Unwind_SetGR
                0x08008390       0x18 C:/Program Files (x86)/Arm GNU Toolchain arm-none-eabi/14.2 rel1/bin/../lib/gcc/arm-none-eabi/14.2.1/thumb/v6-m/nofp\libgcc.a(unwind-arm.o)
 .text.__gnu_Unwind_Backtrace
                0x080083a8       0x78 C:/Program Files (x86)/Arm GNU Toolchain arm-none-eabi/14.2 rel1/bin/../lib/gcc/arm-none-eabi/14.2.1/thumb/v6-m/nofp\libgcc.a(unwind-arm.o)
                0x080083a8                __gnu_Unwind_Backtrace
 .text.__gnu_unwind_pr_common
                0x08008420      0x2d8 C:/Program Files (x86)/Arm GNU Toolchain arm-none-eabi/14.2 rel1/bin/../lib/gcc/arm-none-eabi/14.2.1/thumb/v6-m/nofp\libgcc.a(unwind-arm.o)
 .text.__aeabi_unwind_cpp_pr0
                0x080086f8        0xc C:/Program Files (x86)/Arm GNU Toolchain arm-none-eabi/14.2 rel1/bin/../lib/gcc/arm-none-eabi/14.2.1/thumb/v6-m/nofp\libgcc.a(unwind-arm.o)
                0x080086f8                __aeabi_unwind_cpp_pr0
 .text.__aeabi_unwind_cpp_pr1
                0x08008704        0xc C:/Program Files (x86)/Arm GNU Toolchain arm-none-eabi/14.2 rel1/bin/../lib/gcc/arm-none-eabi/14.2.1/thumb/v6-m/nofp\libgcc.a(unwind-arm.o)
                0x08008704                __aeabi_unwind_cpp_pr1
 .text.__aeabi_unwind_cpp_pr2
                0x08008710        0xc C:/Program Files (x86)/Arm GNU Toolchain arm-none-eabi/14.2 rel1/bin/../lib/gcc/arm-none-eabi/14.2.1/thumb/v6-m/nofp\libgcc.a(unwind-arm.o)
                0x08008710                __aeabi_unwind_cpp_pr2
 .text._Unwind_VRS_Pop
                0x0800871c      0x2ac C:/Program Files (x86)/Arm GNU Toolchain arm-none-eabi/14.2 rel1/bin/../lib/gcc/arm-none-eabi/14.2.1/thumb/v6-m/nofp\libgcc.a(unwind-arm.o)
                0x0800871c                _Unwind_VRS_Pop
 .text.next_unwind_byte
                0x080089c8       0x34 C:/Program Files (x86)/Arm GNU Toolchain arm-none-eabi/14.2 rel1/bin/../lib/gcc/arm-none-eabi/14.2.1/thumb/v6-m/nofp\libgcc.a(pr-support.o)
 .text.__gnu_unwind_execute
                0x080089fc      0x2f4 C:/Program Files (x86)/Arm GNU Toolchain arm-none-eabi/14.2 rel1/bin/../lib/gcc/arm-none-eabi/14.2.1/thumb/v6-m/nofp\libgcc.a(pr-support.o)
                0x080089fc                __gnu_unwind_execute
 .text.sprintf  0x08008cf0       0x44 C:/Program Files (x86)/Arm GNU Toolchain arm-none-eabi/14.2 rel1/bin/../lib/gcc/arm-none-eabi/14.2.1/thumb/v6-m/nofp\libc_nano.a(libc_a-sprintf.o)
                0x08008cf0                siprintf
                0x08008cf0                sprintf
 .text.__errno  0x08008d34        0xc C:/Program Files (x86)/Arm GNU Toolchain arm-none-eabi/14.2 rel1/bin/../lib/gcc/arm-none-eabi/14.2.1/thumb/v6-m/nofp\libc_nano.a(libc_a-errno.o)
                0x08008d34                __errno
 .text.strcpy   0x08008d40       0x10 C:/Program Files (x86)/Arm GNU Toolchain arm-none-eabi/14.2 rel1/bin/../lib/gcc/arm-none-eabi/14.2.1/thumb/v6-m/nofp\libc_nano.a(libc_a-strcpy.o)
                0x08008d40                strcpy
 .text.__ssputs_r
                0x08008d50       0xc8 C:/Program Files (x86)/Arm GNU Toolchain arm-none-eabi/14.2 rel1/bin/../lib/gcc/arm-none-eabi/14.2.1/thumb/v6-m/nofp\libc_nano.a(libc_a-nano-svfprintf.o)
                0x08008d50                __ssputs_r
 .text._svfprintf_r
                0x08008e18      0x208 C:/Program Files (x86)/Arm GNU Toolchain arm-none-eabi/14.2 rel1/bin/../lib/gcc/arm-none-eabi/14.2.1/thumb/v6-m/nofp\libc_nano.a(libc_a-nano-svfprintf.o)
                0x08008e18                _svfiprintf_r
                0x08008e18                _svfprintf_r
 .text._sbrk    0x08009020       0x1c C:/Program Files (x86)/Arm GNU Toolchain arm-none-eabi/14.2 rel1/bin/../lib/gcc/arm-none-eabi/14.2.1/thumb/v6-m/nofp\libnosys.a(sbrk.o)
                0x08009020                _sbrk
 .text._exit    0x0800903c        0x4 C:/Program Files (x86)/Arm GNU Toolchain arm-none-eabi/14.2 rel1/bin/../lib/gcc/arm-none-eabi/14.2.1/thumb/v6-m/nofp\libnosys.a(_exit.o)
                0x0800903c                _exit
 *(.glue_7)
 .glue_7        0x08009040        0x0 linker stubs
 *(.glue_7t)
 .glue_7t       0x08009040        0x0 linker stubs
 *(.eh_frame)
 .eh_frame      0x08009040        0x0 C:/Program Files (x86)/Arm GNU Toolchain arm-none-eabi/14.2 rel1/bin/../lib/gcc/arm-none-eabi/14.2.1/thumb/v6-m/nofp/crtbegin.o
 *(.init)
 .init          0x08009040        0x4 C:/Program Files (x86)/Arm GNU Toolchain arm-none-eabi/14.2 rel1/bin/../lib/gcc/arm-none-eabi/14.2.1/thumb/v6-m/nofp/crti.o
                0x08009040                _init
 .init          0x08009044        0x8 C:/Program Files (x86)/Arm GNU Toolchain arm-none-eabi/14.2 rel1/bin/../lib/gcc/arm-none-eabi/14.2.1/thumb/v6-m/nofp/crtn.o
 *(.fini)
 .fini          0x0800904c        0x4 C:/Program Files (x86)/Arm GNU Toolchain arm-none-eabi/14.2 rel1/bin/../lib/gcc/arm-none-eabi/14.2.1/thumb/v6-m/nofp/crti.o
                0x0800904c                _fini
 .fini          0x08009050        0x8 C:/Program Files (x86)/Arm GNU Toolchain arm-none-eabi/14.2 rel1/bin/../lib/gcc/arm-none-eabi/14.2.1/thumb/v6-m/nofp/crtn.o
                0x08009058                        . = ALIGN (0x4)
                0x08009058                        _etext = .

.vfp11_veneer   0x08009058        0x0
 .vfp11_veneer  0x08009058        0x0 linker stubs

.v4_bx          0x08009058        0x0
 .v4_bx         0x08009058        0x0 linker stubs

.iplt           0x08009058        0x0
 .iplt          0x08009058        0x0 C:/Program Files (x86)/Arm GNU Toolchain arm-none-eabi/14.2 rel1/bin/../lib/gcc/arm-none-eabi/14.2.1/thumb/v6-m/nofp/crtbegin.o

.rodata         0x08009058      0x5e4
                0x08009058                        . = ALIGN (0x4)
 *(.rodata)
 .rodata        0x08009058       0x14 ./Build/Libraries/PY32F0xx_HAL_Driver/Src/py32f0xx_hal_rcc.o
 *(.rodata*)
 .rodata._printf_float.str1.1
                0x0800906c      0x265 C:/Program Files (x86)/Arm GNU Toolchain arm-none-eabi/14.2 rel1/bin/../lib/gcc/arm-none-eabi/14.2.1/thumb/v6-m/nofp\libc_nano.a(libc_a-nano-vfprintf_float.o)
                                 0x12 (size before relaxing)
 .rodata._printf_i.str1.1
                0x080092d1       0x22 C:/Program Files (x86)/Arm GNU Toolchain arm-none-eabi/14.2 rel1/bin/../lib/gcc/arm-none-eabi/14.2.1/thumb/v6-m/nofp\libc_nano.a(libc_a-nano-vfprintf_i.o)
 .rodata._dtoa_r.str1.1
                0x080092d1       0x90 C:/Program Files (x86)/Arm GNU Toolchain arm-none-eabi/14.2 rel1/bin/../lib/gcc/arm-none-eabi/14.2.1/thumb/v6-m/nofp\libc_nano.a(libc_a-dtoa.o)
 .rodata._Balloc.str1.1
                0x080092d1       0x71 C:/Program Files (x86)/Arm GNU Toolchain arm-none-eabi/14.2 rel1/bin/../lib/gcc/arm-none-eabi/14.2.1/thumb/v6-m/nofp\libc_nano.a(libc_a-mprec.o)
 .rodata.__multadd.str1.1
                0x080092d1       0x11 C:/Program Files (x86)/Arm GNU Toolchain arm-none-eabi/14.2 rel1/bin/../lib/gcc/arm-none-eabi/14.2.1/thumb/v6-m/nofp\libc_nano.a(libc_a-mprec.o)
 *fill*         0x080092d1        0x3 
 .rodata.p05.0  0x080092d4        0xc C:/Program Files (x86)/Arm GNU Toolchain arm-none-eabi/14.2 rel1/bin/../lib/gcc/arm-none-eabi/14.2.1/thumb/v6-m/nofp\libc_nano.a(libc_a-mprec.o)
 .rodata.__mprec_bigtens
                0x080092e0       0x28 C:/Program Files (x86)/Arm GNU Toolchain arm-none-eabi/14.2 rel1/bin/../lib/gcc/arm-none-eabi/14.2.1/thumb/v6-m/nofp\libc_nano.a(libc_a-mprec.o)
                0x080092e0                __mprec_bigtens
 .rodata.__mprec_tens
                0x08009308       0xc8 C:/Program Files (x86)/Arm GNU Toolchain arm-none-eabi/14.2 rel1/bin/../lib/gcc/arm-none-eabi/14.2.1/thumb/v6-m/nofp\libc_nano.a(libc_a-mprec.o)
                0x08009308                __mprec_tens
 .rodata._setlocale_r.str1.1
                0x080093d0        0x9 C:/Program Files (x86)/Arm GNU Toolchain arm-none-eabi/14.2 rel1/bin/../lib/gcc/arm-none-eabi/14.2.1/thumb/v6-m/nofp\libc_nano.a(libc_a-locale.o)
 .rodata.str1.1
                0x080093d0        0x2 C:/Program Files (x86)/Arm GNU Toolchain arm-none-eabi/14.2 rel1/bin/../lib/gcc/arm-none-eabi/14.2.1/thumb/v6-m/nofp\libc_nano.a(libc_a-locale.o)
 .rodata.__assert_func.str1.1
                0x080093d0       0x3d C:/Program Files (x86)/Arm GNU Toolchain arm-none-eabi/14.2 rel1/bin/../lib/gcc/arm-none-eabi/14.2.1/thumb/v6-m/nofp\libc_nano.a(libc_a-assert.o)
 .rodata._ctype_
                0x080093d0      0x101 C:/Program Files (x86)/Arm GNU Toolchain arm-none-eabi/14.2 rel1/bin/../lib/gcc/arm-none-eabi/14.2.1/thumb/v6-m/nofp\libc_nano.a(libc_a-ctype_.o)
                0x080093d0                _ctype_
 .rodata._vfprintf_r.str1.1
                0x080094d1       0x11 C:/Program Files (x86)/Arm GNU Toolchain arm-none-eabi/14.2 rel1/bin/../lib/gcc/arm-none-eabi/14.2.1/thumb/v6-m/nofp\libc_nano.a(libc_a-nano-vfprintf.o)
 *fill*         0x080094d1        0x3 
 .rodata._FlashTimmingParam
                0x080094d4       0x20 ./Build/Libraries/PY32F0xx_HAL_Driver/Src/py32f0xx_hal_flash.o
                0x080094d4                _FlashTimmingParam
 .rodata.APBPrescTable
                0x080094f4       0x20 ./Build/Libraries/CMSIS/Device/PY32F0xx/Source/system_py32f0xx.o
                0x080094f4                APBPrescTable
 .rodata.AHBPrescTable
                0x08009514       0x40 ./Build/Libraries/CMSIS/Device/PY32F0xx/Source/system_py32f0xx.o
                0x08009514                AHBPrescTable
 .rodata._Z14SetOptionBytesv.str1.1
                0x08009554       0x3b ./Build/Src/main.o
 .rodata._Z9print_UIDv.str1.1
                0x08009554       0x13 ./Build/Src/main.o
 .rodata._Z12system_setupv.str1.1
                0x08009554       0x34 ./Build/Src/main.o
 .rodata.main.str1.1
                0x08009554       0x48 ./Build/Src/main.o
 .rodata._Z16APP_ErrorHandlerh.str1.1
                0x08009554       0x28 ./Build/Src/main.o
 .rodata.__aeabi_fdiv
                0x08009554       0x7c C:/Program Files (x86)/Arm GNU Toolchain arm-none-eabi/14.2 rel1/bin/../lib/gcc/arm-none-eabi/14.2.1/thumb/v6-m/nofp\libgcc.a(divsf3.o)
 .rodata.__aeabi_ddiv
                0x080095d0       0x40 C:/Program Files (x86)/Arm GNU Toolchain arm-none-eabi/14.2 rel1/bin/../lib/gcc/arm-none-eabi/14.2.1/thumb/v6-m/nofp\libgcc.a(divdf3.o)
 .rodata._Unwind_VRS_Pop
                0x08009610       0x18 C:/Program Files (x86)/Arm GNU Toolchain arm-none-eabi/14.2 rel1/bin/../lib/gcc/arm-none-eabi/14.2.1/thumb/v6-m/nofp\libgcc.a(unwind-arm.o)
 .rodata.__gnu_unwind_execute
                0x08009628       0x14 C:/Program Files (x86)/Arm GNU Toolchain arm-none-eabi/14.2 rel1/bin/../lib/gcc/arm-none-eabi/14.2.1/thumb/v6-m/nofp\libgcc.a(pr-support.o)
 .rodata._svfprintf_r.str1.1
                0x0800963c       0x11 C:/Program Files (x86)/Arm GNU Toolchain arm-none-eabi/14.2 rel1/bin/../lib/gcc/arm-none-eabi/14.2.1/thumb/v6-m/nofp\libc_nano.a(libc_a-nano-svfprintf.o)
                0x08009650                        . = ALIGN (0x4)

.ARM.extab      0x0800963c       0x3c
 *(.ARM.extab* .gnu.linkonce.armextab.*)
 .ARM.extab.text.unwind_phase2_forced
                0x0800963c        0xc C:/Program Files (x86)/Arm GNU Toolchain arm-none-eabi/14.2 rel1/bin/../lib/gcc/arm-none-eabi/14.2.1/thumb/v6-m/nofp\libgcc.a(unwind-arm.o)
 .ARM.extab.text.__gnu_Unwind_Backtrace
                0x08009648        0xc C:/Program Files (x86)/Arm GNU Toolchain arm-none-eabi/14.2 rel1/bin/../lib/gcc/arm-none-eabi/14.2.1/thumb/v6-m/nofp\libgcc.a(unwind-arm.o)
 .ARM.extab.text.__gnu_unwind_pr_common
                0x08009654        0xc C:/Program Files (x86)/Arm GNU Toolchain arm-none-eabi/14.2 rel1/bin/../lib/gcc/arm-none-eabi/14.2.1/thumb/v6-m/nofp\libgcc.a(unwind-arm.o)
 .ARM.extab.text._Unwind_VRS_Pop
                0x08009660        0xc C:/Program Files (x86)/Arm GNU Toolchain arm-none-eabi/14.2 rel1/bin/../lib/gcc/arm-none-eabi/14.2.1/thumb/v6-m/nofp\libgcc.a(unwind-arm.o)
 .ARM.extab.text.__gnu_unwind_execute
                0x0800966c        0xc C:/Program Files (x86)/Arm GNU Toolchain arm-none-eabi/14.2 rel1/bin/../lib/gcc/arm-none-eabi/14.2.1/thumb/v6-m/nofp\libgcc.a(pr-support.o)

.ARM            0x08009678      0x130
                0x08009678                        __exidx_start = .
 *(.ARM.exidx*)
 .ARM.exidx.text._Z25ADC_Set_USB_cc_read_stateb
                0x08009678        0x8 ./Build/Src/adc.o
 .ARM.exidx.text._Z8ADC_Initv
                0x08009680        0x8 ./Build/Src/adc.o
 .ARM.exidx.text._Z12PIDTimer_ISRv
                0x08009688        0x8 ./Build/Src/main.o
 .ARM.exidx.text._Z15MinuteTimer_ISRv
                0x08009690        0x0 ./Build/Src/main.o
                                  0x8 (size before relaxing)
 .ARM.exidx.text._Z18DataCollection_ISRv
                0x08009690        0x0 ./Build/Src/main.o
                                  0x8 (size before relaxing)
 .ARM.exidx.text._Z16DelayedStart_ISRv
                0x08009690        0x0 ./Build/Src/main.o
                                  0x8 (size before relaxing)
 .ARM.exidx.text._Z11LogData_ISRv
                0x08009690        0x0 ./Build/Src/main.o
                                  0x8 (size before relaxing)
 .ARM.exidx.text._Z12PWMTimer_ISRv
                0x08009690        0x8 ./Build/Src/main.o
 .ARM.exidx.text._Z14Pushbutton_ISRv
                0x08009698        0x8 ./Build/Src/main.o
 .ARM.exidx.text._Z12LEDTimer_ISRv
                0x080096a0        0x0 ./Build/Src/main.o
                                  0x8 (size before relaxing)
 .ARM.exidx.text._Z14SetOptionBytesv
                0x080096a0        0x8 ./Build/Src/main.o
 .ARM.exidx.text._Z9print_UIDv
                0x080096a8        0x8 ./Build/Src/main.o
 .ARM.exidx.text._Z8pid_init8heater_t10pid_init_t
                0x080096b0        0x8 ./Build/Src/main.o
 .ARM.exidx.text._Z9Data_initv
                0x080096b8        0x8 ./Build/Src/main.o
 .ARM.exidx.text._Z9GPIO_Initv
                0x080096c0        0x8 ./Build/Src/main.o
 .ARM.exidx.text._Z12system_setupv
                0x080096c8        0x8 ./Build/Src/main.o
 .ARM.exidx.text.startup.main
                0x080096d0        0x8 ./Build/Src/main.o
 .ARM.exidx.text._Z16APP_ErrorHandlerh
                0x080096d8        0x8 ./Build/Src/main.o
 .ARM.exidx.text._Z19pid_controller_init8heater_tffffif
                0x080096e0        0x8 ./Build/Src/pid.o
 .ARM.exidx.text._Z9UART_Initv
                0x080096e8        0x8 ./Build/Src/serial.o
 .ARM.exidx.text.USART2_IRQHandler
                0x080096f0        0x8 ./Build/Src/serial.o
 .ARM.exidx.text.HAL_UART_RxCpltCallback
                0x080096f8        0x8 ./Build/Src/serial.o
 .ARM.exidx.text._Z10TIMER_Initv
                0x08009700        0x0 ./Build/Src/timers.o
                                  0x8 (size before relaxing)
 .ARM.exidx.text._Z14Register_timerPFvvEm
                0x08009700        0x8 ./Build/Src/timers.o
 .ARM.exidx.text._Z12Enable_timera
                0x08009708        0x0 ./Build/Src/timers.o
                                  0x8 (size before relaxing)
 .ARM.exidx.text.HAL_TIM_PeriodElapsedCallback
                0x08009708        0x8 ./Build/Src/timers.o
 .ARM.exidx.text._Z21APP_SystemClockConfigv
                0x08009710       0x10 ./Build/Src/timers.o
                                  0x8 (size before relaxing)
 .ARM.exidx.text.selfrel_offset31
                0x08009720        0x0 C:/Program Files (x86)/Arm GNU Toolchain arm-none-eabi/14.2 rel1/bin/../lib/gcc/arm-none-eabi/14.2.1/thumb/v6-m/nofp\libgcc.a(unwind-arm.o)
                                  0x8 (size before relaxing)
 .ARM.exidx.text.search_EIT_table
                0x08009720        0x0 C:/Program Files (x86)/Arm GNU Toolchain arm-none-eabi/14.2 rel1/bin/../lib/gcc/arm-none-eabi/14.2.1/thumb/v6-m/nofp\libgcc.a(unwind-arm.o)
                                  0x8 (size before relaxing)
 .ARM.exidx.text.__gnu_unwind_get_pr_addr
                0x08009720        0x0 C:/Program Files (x86)/Arm GNU Toolchain arm-none-eabi/14.2 rel1/bin/../lib/gcc/arm-none-eabi/14.2.1/thumb/v6-m/nofp\libgcc.a(unwind-arm.o)
                                  0x8 (size before relaxing)
 .ARM.exidx.text.get_eit_entry
                0x08009720        0x8 C:/Program Files (x86)/Arm GNU Toolchain arm-none-eabi/14.2 rel1/bin/../lib/gcc/arm-none-eabi/14.2.1/thumb/v6-m/nofp\libgcc.a(unwind-arm.o)
 .ARM.exidx.text.restore_non_core_regs
                0x08009728        0x8 C:/Program Files (x86)/Arm GNU Toolchain arm-none-eabi/14.2 rel1/bin/../lib/gcc/arm-none-eabi/14.2.1/thumb/v6-m/nofp\libgcc.a(unwind-arm.o)
 .ARM.exidx.text._Unwind_decode_typeinfo_ptr.constprop.0
                0x08009730        0x8 C:/Program Files (x86)/Arm GNU Toolchain arm-none-eabi/14.2 rel1/bin/../lib/gcc/arm-none-eabi/14.2.1/thumb/v6-m/nofp\libgcc.a(unwind-arm.o)
 .ARM.exidx.text._Unwind_DebugHook
                0x08009738        0x0 C:/Program Files (x86)/Arm GNU Toolchain arm-none-eabi/14.2 rel1/bin/../lib/gcc/arm-none-eabi/14.2.1/thumb/v6-m/nofp\libgcc.a(unwind-arm.o)
                                  0x8 (size before relaxing)
 .ARM.exidx.text.unwind_phase2
                0x08009738        0x8 C:/Program Files (x86)/Arm GNU Toolchain arm-none-eabi/14.2 rel1/bin/../lib/gcc/arm-none-eabi/14.2.1/thumb/v6-m/nofp\libgcc.a(unwind-arm.o)
 .ARM.exidx.text.unwind_phase2_forced
                0x08009740        0x8 C:/Program Files (x86)/Arm GNU Toolchain arm-none-eabi/14.2 rel1/bin/../lib/gcc/arm-none-eabi/14.2.1/thumb/v6-m/nofp\libgcc.a(unwind-arm.o)
 .ARM.exidx.text.__gnu_Unwind_RaiseException
                0x08009748        0x8 C:/Program Files (x86)/Arm GNU Toolchain arm-none-eabi/14.2 rel1/bin/../lib/gcc/arm-none-eabi/14.2.1/thumb/v6-m/nofp\libgcc.a(unwind-arm.o)
 .ARM.exidx.text.__gnu_Unwind_ForcedUnwind
                0x08009750        0x8 C:/Program Files (x86)/Arm GNU Toolchain arm-none-eabi/14.2 rel1/bin/../lib/gcc/arm-none-eabi/14.2.1/thumb/v6-m/nofp\libgcc.a(unwind-arm.o)
 .ARM.exidx.text.__gnu_Unwind_Resume
                0x08009758        0x8 C:/Program Files (x86)/Arm GNU Toolchain arm-none-eabi/14.2 rel1/bin/../lib/gcc/arm-none-eabi/14.2.1/thumb/v6-m/nofp\libgcc.a(unwind-arm.o)
 .ARM.exidx.text.__gnu_Unwind_Resume_or_Rethrow
                0x08009760        0x8 C:/Program Files (x86)/Arm GNU Toolchain arm-none-eabi/14.2 rel1/bin/../lib/gcc/arm-none-eabi/14.2.1/thumb/v6-m/nofp\libgcc.a(unwind-arm.o)
 .ARM.exidx.text._Unwind_VRS_Get
                0x08009768        0x8 C:/Program Files (x86)/Arm GNU Toolchain arm-none-eabi/14.2 rel1/bin/../lib/gcc/arm-none-eabi/14.2.1/thumb/v6-m/nofp\libgcc.a(unwind-arm.o)
 .ARM.exidx.text._Unwind_GetGR
                0x08009770        0x0 C:/Program Files (x86)/Arm GNU Toolchain arm-none-eabi/14.2 rel1/bin/../lib/gcc/arm-none-eabi/14.2.1/thumb/v6-m/nofp\libgcc.a(unwind-arm.o)
                                  0x8 (size before relaxing)
 .ARM.exidx.text._Unwind_VRS_Set
                0x08009770        0x0 C:/Program Files (x86)/Arm GNU Toolchain arm-none-eabi/14.2 rel1/bin/../lib/gcc/arm-none-eabi/14.2.1/thumb/v6-m/nofp\libgcc.a(unwind-arm.o)
                                  0x8 (size before relaxing)
 .ARM.exidx.text._Unwind_SetGR
                0x08009770        0x0 C:/Program Files (x86)/Arm GNU Toolchain arm-none-eabi/14.2 rel1/bin/../lib/gcc/arm-none-eabi/14.2.1/thumb/v6-m/nofp\libgcc.a(unwind-arm.o)
                                  0x8 (size before relaxing)
 .ARM.exidx.text.__gnu_Unwind_Backtrace
                0x08009770        0x8 C:/Program Files (x86)/Arm GNU Toolchain arm-none-eabi/14.2 rel1/bin/../lib/gcc/arm-none-eabi/14.2.1/thumb/v6-m/nofp\libgcc.a(unwind-arm.o)
 .ARM.exidx.text.__gnu_unwind_pr_common
                0x08009778        0x8 C:/Program Files (x86)/Arm GNU Toolchain arm-none-eabi/14.2 rel1/bin/../lib/gcc/arm-none-eabi/14.2.1/thumb/v6-m/nofp\libgcc.a(unwind-arm.o)
 .ARM.exidx.text.__aeabi_unwind_cpp_pr0
                0x08009780        0x8 C:/Program Files (x86)/Arm GNU Toolchain arm-none-eabi/14.2 rel1/bin/../lib/gcc/arm-none-eabi/14.2.1/thumb/v6-m/nofp\libgcc.a(unwind-arm.o)
 .ARM.exidx.text.__aeabi_unwind_cpp_pr1
                0x08009788        0x0 C:/Program Files (x86)/Arm GNU Toolchain arm-none-eabi/14.2 rel1/bin/../lib/gcc/arm-none-eabi/14.2.1/thumb/v6-m/nofp\libgcc.a(unwind-arm.o)
                                  0x8 (size before relaxing)
 .ARM.exidx.text.__aeabi_unwind_cpp_pr2
                0x08009788        0x0 C:/Program Files (x86)/Arm GNU Toolchain arm-none-eabi/14.2 rel1/bin/../lib/gcc/arm-none-eabi/14.2.1/thumb/v6-m/nofp\libgcc.a(unwind-arm.o)
                                  0x8 (size before relaxing)
 .ARM.exidx.text._Unwind_VRS_Pop
                0x08009788        0x8 C:/Program Files (x86)/Arm GNU Toolchain arm-none-eabi/14.2 rel1/bin/../lib/gcc/arm-none-eabi/14.2.1/thumb/v6-m/nofp\libgcc.a(unwind-arm.o)
 .ARM.exidx.text.next_unwind_byte
                0x08009790        0x8 C:/Program Files (x86)/Arm GNU Toolchain arm-none-eabi/14.2 rel1/bin/../lib/gcc/arm-none-eabi/14.2.1/thumb/v6-m/nofp\libgcc.a(pr-support.o)
 .ARM.exidx.text.__gnu_unwind_execute
                0x08009798       0x10 C:/Program Files (x86)/Arm GNU Toolchain arm-none-eabi/14.2 rel1/bin/../lib/gcc/arm-none-eabi/14.2.1/thumb/v6-m/nofp\libgcc.a(pr-support.o)
                                  0x8 (size before relaxing)
                0x080097a8                        __exidx_end = .

.rel.dyn        0x080097a8        0x0
 .rel.iplt      0x080097a8        0x0 C:/Program Files (x86)/Arm GNU Toolchain arm-none-eabi/14.2 rel1/bin/../lib/gcc/arm-none-eabi/14.2.1/thumb/v6-m/nofp/crtbegin.o

.preinit_array  0x080097a8        0x0
                0x080097a8                        PROVIDE (__preinit_array_start = .)
 *(.preinit_array*)
                0x080097a8                        PROVIDE (__preinit_array_end = .)

.init_array     0x080097a8        0x4
                0x080097a8                        PROVIDE (__init_array_start = .)
 *(SORT_BY_NAME(.init_array.*))
 *(.init_array*)
 .init_array    0x080097a8        0x4 C:/Program Files (x86)/Arm GNU Toolchain arm-none-eabi/14.2 rel1/bin/../lib/gcc/arm-none-eabi/14.2.1/thumb/v6-m/nofp/crtbegin.o
                0x080097ac                        PROVIDE (__init_array_end = .)

.fini_array     0x080097ac        0x4
                [!provide]                        PROVIDE (__fini_array_start = .)
 *(SORT_BY_NAME(.fini_array.*))
 *(.fini_array*)
 .fini_array    0x080097ac        0x4 C:/Program Files (x86)/Arm GNU Toolchain arm-none-eabi/14.2 rel1/bin/../lib/gcc/arm-none-eabi/14.2.1/thumb/v6-m/nofp/crtbegin.o
                [!provide]                        PROVIDE (__fini_array_end = .)
                0x080097b0                        _sidata = LOADADDR (.data)

.data           0x200000c0      0x3b4 load address 0x080097b0
                0x200000c0                        . = ALIGN (0x4)
                0x200000c0                        _sdata = .
 *(.data)
 *(.data*)
 .data.__sglue  0x200000c0        0xc C:/Program Files (x86)/Arm GNU Toolchain arm-none-eabi/14.2 rel1/bin/../lib/gcc/arm-none-eabi/14.2.1/thumb/v6-m/nofp\libc_nano.a(libc_a-findfp.o)
                0x200000c0                __sglue
 .data._impure_ptr
                0x200000cc        0x4 C:/Program Files (x86)/Arm GNU Toolchain arm-none-eabi/14.2 rel1/bin/../lib/gcc/arm-none-eabi/14.2.1/thumb/v6-m/nofp\libc_nano.a(libc_a-impure.o)
                0x200000cc                _impure_ptr
 .data._impure_data
                0x200000d0       0x4c C:/Program Files (x86)/Arm GNU Toolchain arm-none-eabi/14.2 rel1/bin/../lib/gcc/arm-none-eabi/14.2.1/thumb/v6-m/nofp\libc_nano.a(libc_a-impure.o)
                0x200000d0                _impure_data
 .data.__global_locale
                0x2000011c      0x16c C:/Program Files (x86)/Arm GNU Toolchain arm-none-eabi/14.2 rel1/bin/../lib/gcc/arm-none-eabi/14.2.1/thumb/v6-m/nofp\libc_nano.a(libc_a-locale.o)
                0x2000011c                __global_locale
 .data.uwTickFreq
                0x20000288        0x4 ./Build/Libraries/PY32F0xx_HAL_Driver/Src/py32f0xx_hal.o
                0x20000288                uwTickFreq
 .data.uwTickPrio
                0x2000028c        0x4 ./Build/Libraries/PY32F0xx_HAL_Driver/Src/py32f0xx_hal.o
                0x2000028c                uwTickPrio
 .data.SystemCoreClock
                0x20000290        0x4 ./Build/Libraries/CMSIS/Device/PY32F0xx/Source/system_py32f0xx.o
                0x20000290                SystemCoreClock
 .data.H4_pid_control
                0x20000294       0x78 ./Build/Src/pid.o
                0x20000294                H4_pid_control
 .data.H3_pid_control
                0x2000030c       0x78 ./Build/Src/pid.o
                0x2000030c                H3_pid_control
 .data.H2_pid_control
                0x20000384       0x78 ./Build/Src/pid.o
                0x20000384                H2_pid_control
 .data.H1_pid_control
                0x200003fc       0x78 ./Build/Src/pid.o
                0x200003fc                H1_pid_control
                0x20000474                        . = ALIGN (0x4)
                0x20000474                        _edata = .

.tm_clone_table
                0x20000474        0x0 load address 0x08009b64
 .tm_clone_table
                0x20000474        0x0 C:/Program Files (x86)/Arm GNU Toolchain arm-none-eabi/14.2 rel1/bin/../lib/gcc/arm-none-eabi/14.2.1/thumb/v6-m/nofp/crtbegin.o
 .tm_clone_table
                0x20000474        0x0 C:/Program Files (x86)/Arm GNU Toolchain arm-none-eabi/14.2 rel1/bin/../lib/gcc/arm-none-eabi/14.2.1/thumb/v6-m/nofp/crtend.o

.igot.plt       0x20000474        0x0 load address 0x08009b64
 .igot.plt      0x20000474        0x0 C:/Program Files (x86)/Arm GNU Toolchain arm-none-eabi/14.2 rel1/bin/../lib/gcc/arm-none-eabi/14.2.1/thumb/v6-m/nofp/crtbegin.o
                0x20000474                        . = ALIGN (0x4)

.bss            0x20000478      0xa20 load address 0x08009b64
                0x20000478                        _sbss = .
                0x20000478                        __bss_start__ = _sbss
 *(.bss)
 *(.bss*)
 .bss.completed.1
                0x20000478        0x1 C:/Program Files (x86)/Arm GNU Toolchain arm-none-eabi/14.2 rel1/bin/../lib/gcc/arm-none-eabi/14.2.1/thumb/v6-m/nofp/crtbegin.o
 *fill*         0x20000479        0x3 
 .bss.object.0  0x2000047c       0x18 C:/Program Files (x86)/Arm GNU Toolchain arm-none-eabi/14.2 rel1/bin/../lib/gcc/arm-none-eabi/14.2.1/thumb/v6-m/nofp/crtbegin.o
 .bss.__sf      0x20000494      0x138 C:/Program Files (x86)/Arm GNU Toolchain arm-none-eabi/14.2 rel1/bin/../lib/gcc/arm-none-eabi/14.2.1/thumb/v6-m/nofp\libc_nano.a(libc_a-findfp.o)
                0x20000494                __sf
 .bss.__stdio_exit_handler
                0x200005cc        0x4 C:/Program Files (x86)/Arm GNU Toolchain arm-none-eabi/14.2 rel1/bin/../lib/gcc/arm-none-eabi/14.2.1/thumb/v6-m/nofp\libc_nano.a(libc_a-findfp.o)
                0x200005cc                __stdio_exit_handler
 .bss.errno     0x200005d0        0x4 C:/Program Files (x86)/Arm GNU Toolchain arm-none-eabi/14.2 rel1/bin/../lib/gcc/arm-none-eabi/14.2.1/thumb/v6-m/nofp\libc_nano.a(libc_a-reent.o)
                0x200005d0                errno
 .bss.__lock___malloc_recursive_mutex
                0x200005d4        0x1 C:/Program Files (x86)/Arm GNU Toolchain arm-none-eabi/14.2 rel1/bin/../lib/gcc/arm-none-eabi/14.2.1/thumb/v6-m/nofp\libc_nano.a(libc_a-lock.o)
                0x200005d4                __lock___malloc_recursive_mutex
 .bss.__lock___sfp_recursive_mutex
                0x200005d5        0x1 C:/Program Files (x86)/Arm GNU Toolchain arm-none-eabi/14.2 rel1/bin/../lib/gcc/arm-none-eabi/14.2.1/thumb/v6-m/nofp\libc_nano.a(libc_a-lock.o)
                0x200005d5                __lock___sfp_recursive_mutex
 *fill*         0x200005d6        0x2 
 .bss.__malloc_sbrk_start
                0x200005d8        0x4 C:/Program Files (x86)/Arm GNU Toolchain arm-none-eabi/14.2 rel1/bin/../lib/gcc/arm-none-eabi/14.2.1/thumb/v6-m/nofp\libc_nano.a(libc_a-mallocr.o)
                0x200005d8                __malloc_sbrk_start
 .bss.__malloc_free_list
                0x200005dc        0x4 C:/Program Files (x86)/Arm GNU Toolchain arm-none-eabi/14.2 rel1/bin/../lib/gcc/arm-none-eabi/14.2.1/thumb/v6-m/nofp\libc_nano.a(libc_a-mallocr.o)
                0x200005dc                __malloc_free_list
 .bss.uwTick    0x200005e0        0x4 ./Build/Libraries/PY32F0xx_HAL_Driver/Src/py32f0xx_hal.o
                0x200005e0                uwTick
 .bss.pFlash    0x200005e4       0x18 ./Build/Libraries/PY32F0xx_HAL_Driver/Src/py32f0xx_hal_flash.o
                0x200005e4                pFlash
 .bss.DebugUartHandle
                0x200005fc       0x4c ./Build/Libraries/PY32F0xx_HAL_BSP/Src/py32f0xx_bsp_printf.o
                0x200005fc                DebugUartHandle
 .bss.temperature_cal
                0x20000648        0x4 ./Build/Src/adc.o
                0x20000648                temperature_cal
 .bss.AdcChanConf
                0x2000064c        0xc ./Build/Src/adc.o
                0x2000064c                AdcChanConf
 .bss.AdcHandle
                0x20000658       0x40 ./Build/Src/adc.o
                0x20000658                AdcHandle
 .bss.pwm_H4_ctrl
                0x20000698       0x30 ./Build/Src/main.o
                0x20000698                pwm_H4_ctrl
 .bss.pwm_H3_ctrl
                0x200006c8       0x30 ./Build/Src/main.o
                0x200006c8                pwm_H3_ctrl
 .bss.pwm_H2_ctrl
                0x200006f8       0x30 ./Build/Src/main.o
                0x200006f8                pwm_H2_ctrl
 .bss.pwm_H1_ctrl
                0x20000728       0x30 ./Build/Src/main.o
                0x20000728                pwm_H1_ctrl
 .bss.last_pushbutton_value
                0x20000758        0x1 ./Build/Src/main.o
                0x20000758                last_pushbutton_value
 .bss.pushbutton_value
                0x20000759        0x1 ./Build/Src/main.o
                0x20000759                pushbutton_value
 .bss.LogTimerNumber
                0x2000075a        0x1 ./Build/Src/main.o
                0x2000075a                LogTimerNumber
 .bss.PushbuttonTimerNumber
                0x2000075b        0x1 ./Build/Src/main.o
                0x2000075b                PushbuttonTimerNumber
 .bss.DelayedStartTimerNumber
                0x2000075c        0x1 ./Build/Src/main.o
                0x2000075c                DelayedStartTimerNumber
 .bss.DataCollectionTimerNumber
                0x2000075d        0x1 ./Build/Src/main.o
                0x2000075d                DataCollectionTimerNumber
 .bss.MinuteTimerNumber
                0x2000075e        0x1 ./Build/Src/main.o
                0x2000075e                MinuteTimerNumber
 .bss.PIDTimerNumber
                0x2000075f        0x1 ./Build/Src/main.o
                0x2000075f                PIDTimerNumber
 .bss.LEDTimerNumber
                0x20000760        0x1 ./Build/Src/main.o
                0x20000760                LEDTimerNumber
 .bss.PWMTimerNumber
                0x20000761        0x1 ./Build/Src/main.o
                0x20000761                PWMTimerNumber
 .bss.flags     0x20000762        0x8 ./Build/Src/main.o
                0x20000762                flags
 *fill*         0x2000076a        0x2 
 .bss.data      0x2000076c       0xe4 ./Build/Src/main.o
                0x2000076c                data
 .bss.Pins      0x20000850       0x9c ./Build/Src/main.o
                0x20000850                Pins
 .bss.AdcPinStruct
                0x200008ec       0x14 ./Build/Src/main.o
                0x200008ec                AdcPinStruct
 .bss.GpioInitStruct
                0x20000900       0x14 ./Build/Src/main.o
                0x20000900                GpioInitStruct
 .bss.pid_data  0x20000914      0x130 ./Build/Src/pid.o
                0x20000914                pid_data
 .bss.outputStr
                0x20000a44       0xc0 ./Build/Src/serial.o
                0x20000a44                outputStr
 .bss.Uart_RxQ_size
                0x20000b04        0x2 ./Build/Src/serial.o
                0x20000b04                Uart_RxQ_size
 .bss.Uart_RxQ_rdPtr
                0x20000b06        0x2 ./Build/Src/serial.o
                0x20000b06                Uart_RxQ_rdPtr
 .bss.Uart_RxQ_wrPtr
                0x20000b08        0x2 ./Build/Src/serial.o
                0x20000b08                Uart_RxQ_wrPtr
 .bss.Uart_rxChar
                0x20000b0a        0x1 ./Build/Src/serial.o
                0x20000b0a                Uart_rxChar
 .bss.Uart_RxQ  0x20000b0b      0x201 ./Build/Src/serial.o
                0x20000b0b                Uart_RxQ
 .bss.UartHandle
                0x20000d0c       0x4c ./Build/Src/serial.o
                0x20000d0c                UartHandle
 .bss._ZZ29HAL_TIM_PeriodElapsedCallbackE15msec_subcounter
                0x20000d58        0x1 ./Build/Src/timers.o
 *fill*         0x20000d59        0x3 
 .bss.ISRTimers
                0x20000d5c       0xf0 ./Build/Src/timers.o
                0x20000d5c                ISRTimers
 .bss.Registered_ISRTimers
                0x20000e4c        0x1 ./Build/Src/timers.o
                0x20000e4c                Registered_ISRTimers
 *fill*         0x20000e4d        0x3 
 .bss.TIM1_tick_count
                0x20000e50        0x4 ./Build/Src/timers.o
                0x20000e50                TIM1_tick_count
 .bss.tim1Handle
                0x20000e54       0x40 ./Build/Src/timers.o
                0x20000e54                tim1Handle
 .bss.heap_end.0
                0x20000e94        0x4 C:/Program Files (x86)/Arm GNU Toolchain arm-none-eabi/14.2 rel1/bin/../lib/gcc/arm-none-eabi/14.2.1/thumb/v6-m/nofp\libnosys.a(sbrk.o)
 *(COMMON)
                0x20000e98                        . = ALIGN (0x4)
                0x20000e98                        _ebss = .
                0x20000e98                        __bss_end__ = _ebss

._user_heap_stack
                0x20000e98      0x600 load address 0x08009b64
                0x20000e98                        . = ALIGN (0x8)
                0x20000e98                        PROVIDE (end = .)
                [!provide]                        PROVIDE (_end = .)
                0x20001098                        . = (. + _Min_Heap_Size)
 *fill*         0x20000e98      0x200 
                0x20001498                        . = (. + _Min_Stack_Size)
 *fill*         0x20001098      0x400 
                0x20001498                        . = ALIGN (0x8)

/DISCARD/
 libc.a(*)
 libm.a(*)
 libgcc.a(*)

.ARM.attributes
                0x00000000       0x28
 *(.ARM.attributes)
 .ARM.attributes
                0x00000000       0x1e C:/Program Files (x86)/Arm GNU Toolchain arm-none-eabi/14.2 rel1/bin/../lib/gcc/arm-none-eabi/14.2.1/thumb/v6-m/nofp/crti.o
 .ARM.attributes
                0x0000001e       0x2c C:/Program Files (x86)/Arm GNU Toolchain arm-none-eabi/14.2 rel1/bin/../lib/gcc/arm-none-eabi/14.2.1/thumb/v6-m/nofp/crtbegin.o
 .ARM.attributes
                0x0000004a       0x2c C:/Program Files (x86)/Arm GNU Toolchain arm-none-eabi/14.2 rel1/bin/../lib/gcc/arm-none-eabi/14.2.1/thumb/v6-m/nofp\libc_nano.a(libc_a-nano-vfprintf_float.o)
 .ARM.attributes
                0x00000076       0x2c C:/Program Files (x86)/Arm GNU Toolchain arm-none-eabi/14.2 rel1/bin/../lib/gcc/arm-none-eabi/14.2.1/thumb/v6-m/nofp\libc_nano.a(libc_a-nano-vfprintf_i.o)
 .ARM.attributes
                0x000000a2       0x2c C:/Program Files (x86)/Arm GNU Toolchain arm-none-eabi/14.2 rel1/bin/../lib/gcc/arm-none-eabi/14.2.1/thumb/v6-m/nofp\libc_nano.a(libc_a-findfp.o)
 .ARM.attributes
                0x000000ce       0x2c C:/Program Files (x86)/Arm GNU Toolchain arm-none-eabi/14.2 rel1/bin/../lib/gcc/arm-none-eabi/14.2.1/thumb/v6-m/nofp\libc_nano.a(libc_a-fwalk.o)
 .ARM.attributes
                0x000000fa       0x2c C:/Program Files (x86)/Arm GNU Toolchain arm-none-eabi/14.2 rel1/bin/../lib/gcc/arm-none-eabi/14.2.1/thumb/v6-m/nofp\libc_nano.a(libc_a-stdio.o)
 .ARM.attributes
                0x00000126       0x2c C:/Program Files (x86)/Arm GNU Toolchain arm-none-eabi/14.2 rel1/bin/../lib/gcc/arm-none-eabi/14.2.1/thumb/v6-m/nofp\libc_nano.a(libc_a-memset.o)
 .ARM.attributes
                0x00000152       0x2c C:/Program Files (x86)/Arm GNU Toolchain arm-none-eabi/14.2 rel1/bin/../lib/gcc/arm-none-eabi/14.2.1/thumb/v6-m/nofp\libc_nano.a(libc_a-localeconv.o)
 .ARM.attributes
                0x0000017e       0x2c C:/Program Files (x86)/Arm GNU Toolchain arm-none-eabi/14.2 rel1/bin/../lib/gcc/arm-none-eabi/14.2.1/thumb/v6-m/nofp\libc_nano.a(libc_a-closer.o)
 .ARM.attributes
                0x000001aa       0x2c C:/Program Files (x86)/Arm GNU Toolchain arm-none-eabi/14.2 rel1/bin/../lib/gcc/arm-none-eabi/14.2.1/thumb/v6-m/nofp\libc_nano.a(libc_a-reent.o)
 .ARM.attributes
                0x000001d6       0x2c C:/Program Files (x86)/Arm GNU Toolchain arm-none-eabi/14.2 rel1/bin/../lib/gcc/arm-none-eabi/14.2.1/thumb/v6-m/nofp\libc_nano.a(libc_a-impure.o)
 .ARM.attributes
                0x00000202       0x2c C:/Program Files (x86)/Arm GNU Toolchain arm-none-eabi/14.2 rel1/bin/../lib/gcc/arm-none-eabi/14.2.1/thumb/v6-m/nofp\libc_nano.a(libc_a-lseekr.o)
 .ARM.attributes
                0x0000022e       0x2c C:/Program Files (x86)/Arm GNU Toolchain arm-none-eabi/14.2 rel1/bin/../lib/gcc/arm-none-eabi/14.2.1/thumb/v6-m/nofp\libc_nano.a(libc_a-readr.o)
 .ARM.attributes
                0x0000025a       0x2c C:/Program Files (x86)/Arm GNU Toolchain arm-none-eabi/14.2 rel1/bin/../lib/gcc/arm-none-eabi/14.2.1/thumb/v6-m/nofp\libc_nano.a(libc_a-writer.o)
 .ARM.attributes
                0x00000286       0x2c C:/Program Files (x86)/Arm GNU Toolchain arm-none-eabi/14.2 rel1/bin/../lib/gcc/arm-none-eabi/14.2.1/thumb/v6-m/nofp\libc_nano.a(libc_a-init.o)
 .ARM.attributes
                0x000002b2       0x2c C:/Program Files (x86)/Arm GNU Toolchain arm-none-eabi/14.2 rel1/bin/../lib/gcc/arm-none-eabi/14.2.1/thumb/v6-m/nofp\libc_nano.a(libc_a-lock.o)
 .ARM.attributes
                0x000002de       0x2c C:/Program Files (x86)/Arm GNU Toolchain arm-none-eabi/14.2 rel1/bin/../lib/gcc/arm-none-eabi/14.2.1/thumb/v6-m/nofp\libc_nano.a(libc_a-memchr-stub.o)
 .ARM.attributes
                0x0000030a       0x1c C:/Program Files (x86)/Arm GNU Toolchain arm-none-eabi/14.2 rel1/bin/../lib/gcc/arm-none-eabi/14.2.1/thumb/v6-m/nofp\libc_nano.a(libc_a-strlen.o)
 .ARM.attributes
                0x00000326       0x2c C:/Program Files (x86)/Arm GNU Toolchain arm-none-eabi/14.2 rel1/bin/../lib/gcc/arm-none-eabi/14.2.1/thumb/v6-m/nofp\libc_nano.a(libc_a-dtoa.o)
 .ARM.attributes